******************************************************************************
                  TI ARM Linker PC v18.1.3                     
******************************************************************************
>> Linked Wed Nov 28 22:01:44 2018

OUTPUT FILE NAME:   <EGR226_Final.out>
ENTRY POINT SYMBOL: "_c_int00_noargs"  address: 00004889


MEMORY CONFIGURATION

         name            origin    length      used     unused   attr    fill
----------------------  --------  ---------  --------  --------  ----  --------
  MAIN                  00000000   00040000  00004c15  0003b3eb  R  X
  INFO                  00200000   00004000  00000000  00004000  R  X
  SRAM_CODE             01000000   00010000  000005fe  0000fa02  RW X
  SRAM_DATA             20000000   00010000  000005fe  0000fa02  RW  


SEGMENT ALLOCATION MAP

run origin  load origin   length   init length attrs members
----------  ----------- ---------- ----------- ----- -------
00000000    00000000    00004c18   00004c18    r-x
  00000000    00000000    000000e4   000000e4    r-- .intvecs
  000000e4    000000e4    00004930   00004930    r-x .text
  00004a14    00004a14    00000101   00000101    r-- .const
  00004b18    00004b18    00000100   00000100    r-- .cinit
20000000    20000000    000003fe   00000000    rw-
  20000000    20000000    00000334   00000000    rw- .data
  20000334    20000334    000000ca   00000000    rw- .bss
2000fe00    2000fe00    00000200   00000000    rw-
  2000fe00    2000fe00    00000200   00000000    rw- .stack


SECTION ALLOCATION MAP

 output                                  attributes/
section   page    origin      length       input sections
--------  ----  ----------  ----------   ----------------
.intvecs   0    00000000    000000e4     
                  00000000    000000e4     startup_msp432p401r_ccs.obj (.intvecs:retain)

.text      0    000000e4    00004930     
                  000000e4    00002370     main.obj (.text)
                  00002454    00000a5e     rtsv7M4_T_le_v4SPD16_eabi.lib : _printfi.c.obj (.text:__TI_printfi)
                  00002eb2    00000002                                   : div0.asm.obj (.text)
                  00002eb4    000003a0     LCD_Code.obj (.text)
                  00003254    00000334     system_msp432p401r.obj (.text)
                  00003588    00000270     rtsv7M4_T_le_v4SPD16_eabi.lib : _printfi.c.obj (.text:_pconv_a)
                  000037f8    000001d0                                   : _printfi.c.obj (.text:_pconv_g)
                  000039c8    000001b6                                   : fd_add_t2.asm.obj (.text)
                  00003b7e    00000002     --HOLE-- [fill = 0]
                  00003b80    0000013c                                   : _printfi.c.obj (.text:_pconv_e)
                  00003cbc    00000136                                   : fd_div_t2.asm.obj (.text)
                  00003df2    00000002     --HOLE-- [fill = 0]
                  00003df4    00000120                                   : _printfi.c.obj (.text:fcvt)
                  00003f14    00000110                                   : s_scalbn.c.obj (.text:scalbn)
                  00004024    000000fc                                   : fd_mul_t2.asm.obj (.text)
                  00004120    000000b1                                   : _printfi.c.obj (.text:_ltostr)
                  000041d1    00000001     --HOLE-- [fill = 0]
                  000041d2    0000009c                                   : memcpy_t2.asm.obj (.text)
                  0000426e    00000096                                   : ull_div_t2.asm.obj (.text)
                  00004304    00000086                                   : fd_cmp_t2.asm.obj (.text:__aeabi_cdcmple)
                  0000438a    00000086                                   : fd_cmp_t2.asm.obj (.text:__aeabi_cdrcmple)
                  00004410    0000007a                                   : memset_t2.asm.obj (.text)
                  0000448a    0000006e                                   : _printfi.c.obj (.text:_mcpy)
                  000044f8    0000006e                                   : fd_tos_t2.asm.obj (.text)
                  00004566    00000068                                   : copy_decompress_lzss.c.obj (.text:decompress:lzss:__TI_decompress_lzss)
                  000045ce    00000002     --HOLE-- [fill = 0]
                  000045d0    00000064                                   : s_frexp.c.obj (.text:frexp)
                  00004634    00000056                                   : _printfi.c.obj (.text:_pconv_f)
                  0000468a    00000054                                   : ltoa.c.obj (.text:ltoa)
                  000046de    00000052                                   : _printfi.c.obj (.text:_ecpy)
                  00004730    0000004c                                   : atoi.c.obj (.text:atoi)
                  0000477c    00000048                                   : fd_toi_t2.asm.obj (.text)
                  000047c4    00000044                                   : autoinit.c.obj (.text:__TI_auto_init_nobinit_nopinit:__TI_auto_init_nobinit_nopinit)
                  00004808    00000040                                   : sprintf.c.obj (.text:sprintf)
                  00004848    0000003e                                   : _printfi.c.obj (.text:_fcpy)
                  00004886    00000002     --HOLE-- [fill = 0]
                  00004888    00000038                                   : boot_cortex_m.c.obj (.text:_c_int00_noargs:_c_int00_noargs)
                  000048c0    00000038                                   : fs_tod_t2.asm.obj (.text)
                  000048f8    0000002e                                   : i_tofd_t2.asm.obj (.text)
                  00004926    00000020                                   : u_tofd_t2.asm.obj (.text)
                  00004946    0000001c                                   : memccpy.c.obj (.text:memccpy)
                  00004962    00000018                                   : sprintf.c.obj (.text:_outs)
                  0000497a    00000016                                   : strchr.c.obj (.text:strchr)
                  00004990    00000014                                   : s_copysign.c.obj (.text:copysign)
                  000049a4    00000014                                   : strlen.c.obj (.text:strlen)
                  000049b8    00000012                                   : copy_zero_init.c.obj (.text:decompress:ZI:__TI_zero_init_nomemset:__TI_zero_init_nomemset)
                  000049ca    00000012                                   : wcslen.c.obj (.text:wcslen)
                  000049dc    0000000e                                   : copy_decompress_none.c.obj (.text:decompress:none:__TI_decompress_none)
                  000049ea    0000000e     startup_msp432p401r_ccs.obj (.text)
                  000049f8    0000000a     rtsv7M4_T_le_v4SPD16_eabi.lib : sprintf.c.obj (.text:_outc)
                  00004a02    00000002     --HOLE-- [fill = 0]
                  00004a04    00000008                                   : errno.c.obj (.text:__aeabi_errno_addr)
                  00004a0c    00000004                                   : pre_init.c.obj (.text:_system_pre_init)
                  00004a10    00000004                                   : exit.c.obj (.text:abort:abort)

.const     0    00004a14    00000101     
                  00004a14    00000101     rtsv7M4_T_le_v4SPD16_eabi.lib : ctype.c.obj (.const:.string:_ctypes_)

.cinit     0    00004b18    00000100     
                  00004b18    000000d6     (.cinit..data.load) [load image, compression = lzss]
                  00004bee    00000002     --HOLE-- [fill = 0]
                  00004bf0    0000000c     (__TI_handler_table)
                  00004bfc    00000004     --HOLE-- [fill = 0]
                  00004c00    00000008     (.cinit..bss.load) [load image, compression = zero_init]
                  00004c08    00000010     (__TI_cinit_table)

.init_array 
*          0    00000000    00000000     UNINITIALIZED

.binit     0    00000000    00000000     

.data      0    20000000    00000334     UNINITIALIZED
                  20000000    00000250     main.obj (.data:music_note_sequence)
                  20000250    00000072     main.obj (.data)
                  200002c2    00000002     --HOLE--
                  200002c4    00000018     main.obj (.data:music_note_sequence_A)
                  200002dc    00000010     main.obj (.data:Str1)
                  200002ec    00000010     main.obj (.data:Str2)
                  200002fc    00000010     main.obj (.data:Str3)
                  2000030c    00000010     main.obj (.data:Str4)
                  2000031c    00000010     main.obj (.data:Str5)
                  2000032c    00000004     rtsv7M4_T_le_v4SPD16_eabi.lib : errno.c.obj (.data)
                  20000330    00000004     system_msp432p401r.obj (.data)

.bss       0    20000334    000000ca     UNINITIALIZED
                  20000334    00000064     (.common:INPUT_BUFFER)
                  20000398    00000064     (.common:string)
                  200003fc    00000002     main.obj (.bss)

.stack     0    2000fe00    00000200     UNINITIALIZED
                  2000fe00    00000004     rtsv7M4_T_le_v4SPD16_eabi.lib : boot_cortex_m.c.obj (.stack)
                  2000fe04    000001fc     --HOLE--

MODULE SUMMARY

       Module                        code    ro data   rw data
       ------                        ----    -------   -------
    .\
       main.obj                      9072    0         2024   
       LCD_Code.obj                  928     0         0      
       system_msp432p401r.obj        820     0         8      
       startup_msp432p401r_ccs.obj   14      228       0      
    +--+-----------------------------+-------+---------+---------+
       Total:                        10834   228       2032   
                                                              
    C:\ti\ccsv8\tools\compiler\ti-cgt-arm_18.1.3.LTS\lib\rtsv7M4_T_le_v4SPD16_eabi.lib
       _printfi.c.obj                4863    0         0      
       fd_add_t2.asm.obj             438     0         0      
       fd_div_t2.asm.obj             310     0         0      
       s_scalbn.c.obj                272     0         0      
       fd_cmp_t2.asm.obj             268     0         0      
       ctype.c.obj                   0       257       0      
       fd_mul_t2.asm.obj             252     0         0      
       memcpy_t2.asm.obj             156     0         0      
       ull_div_t2.asm.obj            150     0         0      
       memset_t2.asm.obj             122     0         0      
       fd_tos_t2.asm.obj             110     0         0      
       copy_decompress_lzss.c.obj    104     0         0      
       s_frexp.c.obj                 100     0         0      
       sprintf.c.obj                 98      0         0      
       ltoa.c.obj                    84      0         0      
       atoi.c.obj                    76      0         0      
       fd_toi_t2.asm.obj             72      0         0      
       autoinit.c.obj                68      0         0      
       boot_cortex_m.c.obj           56      0         0      
       fs_tod_t2.asm.obj             56      0         0      
       i_tofd_t2.asm.obj             46      0         0      
       u_tofd_t2.asm.obj             32      0         0      
       memccpy.c.obj                 28      0         0      
       strchr.c.obj                  22      0         0      
       s_copysign.c.obj              20      0         0      
       strlen.c.obj                  20      0         0      
       copy_zero_init.c.obj          18      0         0      
       wcslen.c.obj                  18      0         0      
       errno.c.obj                   8       0         8      
       copy_decompress_none.c.obj    14      0         0      
       exit.c.obj                    4       0         0      
       pre_init.c.obj                4       0         0      
       div0.asm.obj                  2       0         0      
    +--+-----------------------------+-------+---------+---------+
       Total:                        7891    257       8      
                                                              
       Stack:                        0       0         1024   
       Linker Generated:             0       250       0      
    +--+-----------------------------+-------+---------+---------+
       Grand Total:                  18725   735       3064   


LINKER GENERATED COPY TABLES

__TI_cinit_table @ 00004c08 records: 2, size/record: 8, table size: 16
	.data: load addr=00004b18, load size=000000d6 bytes, run addr=20000000, run size=00000334 bytes, compression=lzss
	.bss: load addr=00004c00, load size=00000008 bytes, run addr=20000334, run size=000000ca bytes, compression=zero_init


LINKER GENERATED HANDLER TABLE

__TI_handler_table @ 00004bf0 records: 3, size/record: 4, table size: 12
	index: 0, handler: __TI_decompress_lzss
	index: 1, handler: __TI_decompress_none
	index: 2, handler: __TI_zero_init


GLOBAL SYMBOLS: SORTED ALPHABETICALLY BY Name 

address   name                          
-------   ----                          
000049f7  ADC14_IRQHandler              
000049f7  AES256_IRQHandler             
20000278  Ala_Time                      
20000290  AlarmGoingOff                 
200002a0  Alarm_Status                  
2000026c  Alr_Hour                      
20000270  Alr_Min                       
200002ac  Brightness                    
000049f7  BusFault_Handler              
200002b8  Button                        
00004a11  C$$EXIT                       
000049f7  COMP_E0_IRQHandler            
000049f7  COMP_E1_IRQHandler            
000049f7  CS_IRQHandler                 
20000260  Clk_Hour                      
20000264  Clk_Min                       
20000268  Clk_Sec                       
2000027c  Clk_Time                      
00001319  Clock_Function                
00002f07  ComWrite                      
000049f7  DMA_ERR_IRQHandler            
000049f7  DMA_INT0_IRQHandler           
000049f7  DMA_INT1_IRQHandler           
000049f7  DMA_INT2_IRQHandler           
000049f7  DMA_INT3_IRQHandler           
00002f21  DataWrite                     
000049f7  DebugMon_Handler              
000049f7  Default_Handler               
00002349  EUSCIA0_IRQHandler            
00002349  EUSCIA0_IRQHandler            
000049f7  EUSCIA1_IRQHandler            
000049f7  EUSCIA2_IRQHandler            
000049f7  EUSCIA3_IRQHandler            
000049f7  EUSCIB0_IRQHandler            
000049f7  EUSCIB1_IRQHandler            
000049f7  EUSCIB2_IRQHandler            
000049f7  EUSCIB3_IRQHandler            
000049f7  FLCTL_IRQHandler              
000049f7  FPU_IRQHandler                
200002b4  Flag                          
00001145  GetTemp                       
000049f7  HardFault_Handler             
20000294  Hour                          
20000334  INPUT_BUFFER                  
00001de1  InitInterrupts                
00001edd  Init_ADC14                    
20000274  Light_Time                    
20000280  Light_Time_Flag               
000049f7  MemManage_Handler             
000049f7  NMI_Handler                   
000049f7  PCM_IRQHandler                
00001d9b  PORT1_IRQHandler              
00001d9b  PORT1_IRQHandler              
00001b4d  PORT2_IRQHandler              
00001b4d  PORT2_IRQHandler              
000049f7  PORT3_IRQHandler              
000049f7  PORT4_IRQHandler              
00001a0d  PORT5_IRQHandler              
00001a0d  PORT5_IRQHandler              
000049f7  PORT6_IRQHandler              
000049f7  PSS_IRQHandler                
000049f7  PendSV_Handler                
20000284  PreAlr_Hour                   
20000288  PreAlr_Min                    
00002ee1  PrintString                   
00002eb5  PrintStringWithLength         
000011f3  Print_To_LCD                  
00002f9b  PulseE                        
000049f7  RTC_C_IRQHandler              
000049eb  Reset_Handler                 
000049f7  SVC_Handler                   
200002bc  Serial_Var                    
00001f5d  SetUpTimer32ForCounter        
0000304d  SetupLCD                      
000030cd  SetupPort4                    
000031fb  SetupSysTick                  
000021e5  SetupTimer32ForAlarm          
2000025c  Speed_Flag                    
00001661  Store_Alarm_Status            
0000171d  Store_Time                    
200002dc  Str1                          
200002ec  Str2                          
200002fc  Str3                          
2000030c  Str4                          
2000031c  Str5                          
000049f7  SysTick_Handler               
20000330  SystemCoreClock               
00003255  SystemCoreClockUpdate         
000034cd  SystemInit                    
00001f2d  T32_INT1_IRQHandler           
00001f2d  T32_INT1_IRQHandler           
00001fa1  T32_INT2_IRQHandler           
00001fa1  T32_INT2_IRQHandler           
000049f7  T32_INTC_IRQHandler           
000049f7  TA0_0_IRQHandler              
0000219d  TA0_N_IRQHandler              
0000219d  TA0_N_IRQHandler              
000049f7  TA1_0_IRQHandler              
000049f7  TA1_N_IRQHandler              
000049f7  TA2_0_IRQHandler              
000049f7  TA2_N_IRQHandler              
000049f7  TA3_0_IRQHandler              
000049f7  TA3_N_IRQHandler              
0000198d  TimerALEDInit                 
000049f7  UsageFault_Handler            
4000480c  WDTCTL_SYM                    
000049f7  WDT_A_IRQHandler              
20010000  __STACK_END                   
00000200  __STACK_SIZE                  
00004c08  __TI_CINIT_Base               
00004c18  __TI_CINIT_Limit              
00004bf0  __TI_Handler_Table_Base       
00004bfc  __TI_Handler_Table_Limit      
000047c5  __TI_auto_init_nobinit_nopinit
00004567  __TI_decompress_lzss          
000049dd  __TI_decompress_none          
ffffffff  __TI_pprof_out_hndl           
00002455  __TI_printfi                  
ffffffff  __TI_prof_data_size           
ffffffff  __TI_prof_data_start          
00000000  __TI_static_base__            
000049b9  __TI_zero_init_nomemset       
00004305  __aeabi_cdcmpeq               
00004305  __aeabi_cdcmple               
0000438b  __aeabi_cdrcmple              
000044f9  __aeabi_d2f                   
0000477d  __aeabi_d2iz                  
000039d3  __aeabi_dadd                  
00003cbd  __aeabi_ddiv                  
00004025  __aeabi_dmul                  
000039c9  __aeabi_dsub                  
00004a05  __aeabi_errno_addr            
000048c1  __aeabi_f2d                   
000048f9  __aeabi_i2d                   
00002eb3  __aeabi_idiv0                 
00002eb3  __aeabi_ldiv0                 
00004411  __aeabi_memclr                
00004411  __aeabi_memclr4               
00004411  __aeabi_memclr8               
000041d3  __aeabi_memcpy                
000041d3  __aeabi_memcpy4               
000041d3  __aeabi_memcpy8               
00004413  __aeabi_memset                
00004413  __aeabi_memset4               
00004413  __aeabi_memset8               
00004927  __aeabi_ui2d                  
0000426f  __aeabi_uldivmod              
ffffffff  __binit__                     
ffffffff  __c_args__                    
UNDEFED   __mpu_init                    
2000fe00  __stack                       
00004889  _c_int00_noargs               
00004a14  _ctypes_                      
UNDEFED   _system_post_cinit            
00004a0d  _system_pre_init              
00004a11  abort                         
00004731  atoi                          
200002a4  b                             
ffffffff  binit                         
20000254  breath                        
00004991  copysign                      
00004991  copysignl                     
2000028c  counter                       
00002fcf  delay_micro                   
0000300d  delay_milli                   
2000032c  errno                         
000045d1  frexp                         
000045d1  frexpl                        
00000000  interruptVectors              
00003f15  ldexp                         
00003f15  ldexpl                        
0000468b  ltoa                          
00000115  main                          
00004947  memccpy                       
000041d3  memcpy                        
00004419  memset                        
20000000  music_note_sequence           
200002c4  music_note_sequence_A         
20000250  note                          
20000298  previous                      
200002b0  previous_brightness           
00002f3b  pushByte                      
00002f73  pushNibble                    
000022d1  readInput                     
200002c1  read_location                 
00003f15  scalbn                        
00003f15  scalbnl                       
20000258  second                        
0000239d  setupSerial                   
00004809  sprintf                       
200002c0  storage_location              
0000497b  strchr                        
20000398  string                        
000049a5  strlen                        
200002a8  time_on                       
000049cb  wcslen                        
00002265  writeOutput                   


GLOBAL SYMBOLS: SORTED BY Symbol Address 

address   name                          
-------   ----                          
00000000  __TI_static_base__            
00000000  interruptVectors              
00000115  main                          
00000200  __STACK_SIZE                  
00001145  GetTemp                       
000011f3  Print_To_LCD                  
00001319  Clock_Function                
00001661  Store_Alarm_Status            
0000171d  Store_Time                    
0000198d  TimerALEDInit                 
00001a0d  PORT5_IRQHandler              
00001a0d  PORT5_IRQHandler              
00001b4d  PORT2_IRQHandler              
00001b4d  PORT2_IRQHandler              
00001d9b  PORT1_IRQHandler              
00001d9b  PORT1_IRQHandler              
00001de1  InitInterrupts                
00001edd  Init_ADC14                    
00001f2d  T32_INT1_IRQHandler           
00001f2d  T32_INT1_IRQHandler           
00001f5d  SetUpTimer32ForCounter        
00001fa1  T32_INT2_IRQHandler           
00001fa1  T32_INT2_IRQHandler           
0000219d  TA0_N_IRQHandler              
0000219d  TA0_N_IRQHandler              
000021e5  SetupTimer32ForAlarm          
00002265  writeOutput                   
000022d1  readInput                     
00002349  EUSCIA0_IRQHandler            
00002349  EUSCIA0_IRQHandler            
0000239d  setupSerial                   
00002455  __TI_printfi                  
00002eb3  __aeabi_idiv0                 
00002eb3  __aeabi_ldiv0                 
00002eb5  PrintStringWithLength         
00002ee1  PrintString                   
00002f07  ComWrite                      
00002f21  DataWrite                     
00002f3b  pushByte                      
00002f73  pushNibble                    
00002f9b  PulseE                        
00002fcf  delay_micro                   
0000300d  delay_milli                   
0000304d  SetupLCD                      
000030cd  SetupPort4                    
000031fb  SetupSysTick                  
00003255  SystemCoreClockUpdate         
000034cd  SystemInit                    
000039c9  __aeabi_dsub                  
000039d3  __aeabi_dadd                  
00003cbd  __aeabi_ddiv                  
00003f15  ldexp                         
00003f15  ldexpl                        
00003f15  scalbn                        
00003f15  scalbnl                       
00004025  __aeabi_dmul                  
000041d3  __aeabi_memcpy                
000041d3  __aeabi_memcpy4               
000041d3  __aeabi_memcpy8               
000041d3  memcpy                        
0000426f  __aeabi_uldivmod              
00004305  __aeabi_cdcmpeq               
00004305  __aeabi_cdcmple               
0000438b  __aeabi_cdrcmple              
00004411  __aeabi_memclr                
00004411  __aeabi_memclr4               
00004411  __aeabi_memclr8               
00004413  __aeabi_memset                
00004413  __aeabi_memset4               
00004413  __aeabi_memset8               
00004419  memset                        
000044f9  __aeabi_d2f                   
00004567  __TI_decompress_lzss          
000045d1  frexp                         
000045d1  frexpl                        
0000468b  ltoa                          
00004731  atoi                          
0000477d  __aeabi_d2iz                  
000047c5  __TI_auto_init_nobinit_nopinit
00004809  sprintf                       
00004889  _c_int00_noargs               
000048c1  __aeabi_f2d                   
000048f9  __aeabi_i2d                   
00004927  __aeabi_ui2d                  
00004947  memccpy                       
0000497b  strchr                        
00004991  copysign                      
00004991  copysignl                     
000049a5  strlen                        
000049b9  __TI_zero_init_nomemset       
000049cb  wcslen                        
000049dd  __TI_decompress_none          
000049eb  Reset_Handler                 
000049f7  ADC14_IRQHandler              
000049f7  AES256_IRQHandler             
000049f7  BusFault_Handler              
000049f7  COMP_E0_IRQHandler            
000049f7  COMP_E1_IRQHandler            
000049f7  CS_IRQHandler                 
000049f7  DMA_ERR_IRQHandler            
000049f7  DMA_INT0_IRQHandler           
000049f7  DMA_INT1_IRQHandler           
000049f7  DMA_INT2_IRQHandler           
000049f7  DMA_INT3_IRQHandler           
000049f7  DebugMon_Handler              
000049f7  Default_Handler               
000049f7  EUSCIA1_IRQHandler            
000049f7  EUSCIA2_IRQHandler            
000049f7  EUSCIA3_IRQHandler            
000049f7  EUSCIB0_IRQHandler            
000049f7  EUSCIB1_IRQHandler            
000049f7  EUSCIB2_IRQHandler            
000049f7  EUSCIB3_IRQHandler            
000049f7  FLCTL_IRQHandler              
000049f7  FPU_IRQHandler                
000049f7  HardFault_Handler             
000049f7  MemManage_Handler             
000049f7  NMI_Handler                   
000049f7  PCM_IRQHandler                
000049f7  PORT3_IRQHandler              
000049f7  PORT4_IRQHandler              
000049f7  PORT6_IRQHandler              
000049f7  PSS_IRQHandler                
000049f7  PendSV_Handler                
000049f7  RTC_C_IRQHandler              
000049f7  SVC_Handler                   
000049f7  SysTick_Handler               
000049f7  T32_INTC_IRQHandler           
000049f7  TA0_0_IRQHandler              
000049f7  TA1_0_IRQHandler              
000049f7  TA1_N_IRQHandler              
000049f7  TA2_0_IRQHandler              
000049f7  TA2_N_IRQHandler              
000049f7  TA3_0_IRQHandler              
000049f7  TA3_N_IRQHandler              
000049f7  UsageFault_Handler            
000049f7  WDT_A_IRQHandler              
00004a05  __aeabi_errno_addr            
00004a0d  _system_pre_init              
00004a11  C$$EXIT                       
00004a11  abort                         
00004a14  _ctypes_                      
00004bf0  __TI_Handler_Table_Base       
00004bfc  __TI_Handler_Table_Limit      
00004c08  __TI_CINIT_Base               
00004c18  __TI_CINIT_Limit              
20000000  music_note_sequence           
20000250  note                          
20000254  breath                        
20000258  second                        
2000025c  Speed_Flag                    
20000260  Clk_Hour                      
20000264  Clk_Min                       
20000268  Clk_Sec                       
2000026c  Alr_Hour                      
20000270  Alr_Min                       
20000274  Light_Time                    
20000278  Ala_Time                      
2000027c  Clk_Time                      
20000280  Light_Time_Flag               
20000284  PreAlr_Hour                   
20000288  PreAlr_Min                    
2000028c  counter                       
20000290  AlarmGoingOff                 
20000294  Hour                          
20000298  previous                      
200002a0  Alarm_Status                  
200002a4  b                             
200002a8  time_on                       
200002ac  Brightness                    
200002b0  previous_brightness           
200002b4  Flag                          
200002b8  Button                        
200002bc  Serial_Var                    
200002c0  storage_location              
200002c1  read_location                 
200002c4  music_note_sequence_A         
200002dc  Str1                          
200002ec  Str2                          
200002fc  Str3                          
2000030c  Str4                          
2000031c  Str5                          
2000032c  errno                         
20000330  SystemCoreClock               
20000334  INPUT_BUFFER                  
20000398  string                        
2000fe00  __stack                       
20010000  __STACK_END                   
4000480c  WDTCTL_SYM                    
ffffffff  __TI_pprof_out_hndl           
ffffffff  __TI_prof_data_size           
ffffffff  __TI_prof_data_start          
ffffffff  __binit__                     
ffffffff  __c_args__                    
ffffffff  binit                         
UNDEFED   __mpu_init                    
UNDEFED   _system_post_cinit            

[197 symbols]
