******************************************************************************
                  TI ARM Linker PC v18.1.3                     
******************************************************************************
>> Linked Thu Nov 22 13:57:56 2018

OUTPUT FILE NAME:   <EGR226_Final.out>
ENTRY POINT SYMBOL: "_c_int00_noargs"  address: 00005e99


MEMORY CONFIGURATION

         name            origin    length      used     unused   attr    fill
----------------------  --------  ---------  --------  --------  ----  --------
  MAIN                  00000000   00040000  0000621d  00039de3  R  X
  INFO                  00200000   00004000  00000000  00004000  R  X
  SRAM_CODE             01000000   00010000  000005ce  0000fa32  RW X
  SRAM_DATA             20000000   00010000  000005ce  0000fa32  RW  


SEGMENT ALLOCATION MAP

run origin  load origin   length   init length attrs members
----------  ----------- ---------- ----------- ----- -------
00000000    00000000    00006220   00006220    r-x
  00000000    00000000    000000e4   000000e4    r-- .intvecs
  000000e4    000000e4    00005f40   00005f40    r-x .text
  00006024    00006024    00000101   00000101    r-- .const
  00006128    00006128    000000f8   000000f8    r-- .cinit
20000000    20000000    000003ce   00000000    rw-
  20000000    20000000    00000300   00000000    rw- .data
  20000300    20000300    000000ce   00000000    rw- .bss
2000fe00    2000fe00    00000200   00000000    rw-
  2000fe00    2000fe00    00000200   00000000    rw- .stack


SECTION ALLOCATION MAP

 output                                  attributes/
section   page    origin      length       input sections
--------  ----  ----------  ----------   ----------------
.intvecs   0    00000000    000000e4     
                  00000000    000000e4     startup_msp432p401r_ccs.obj (.intvecs:retain)

.text      0    000000e4    00005f40     
                  000000e4    00003980     main.obj (.text)
                  00003a64    00000a5e     rtsv7M4_T_le_v4SPD16_eabi.lib : _printfi.c.obj (.text:__TI_printfi)
                  000044c2    00000002                                   : div0.asm.obj (.text)
                  000044c4    000003a0     LCD_Code.obj (.text)
                  00004864    00000334     system_msp432p401r.obj (.text)
                  00004b98    00000270     rtsv7M4_T_le_v4SPD16_eabi.lib : _printfi.c.obj (.text:_pconv_a)
                  00004e08    000001d0                                   : _printfi.c.obj (.text:_pconv_g)
                  00004fd8    000001b6                                   : fd_add_t2.asm.obj (.text)
                  0000518e    00000002     --HOLE-- [fill = 0]
                  00005190    0000013c                                   : _printfi.c.obj (.text:_pconv_e)
                  000052cc    00000136                                   : fd_div_t2.asm.obj (.text)
                  00005402    00000002     --HOLE-- [fill = 0]
                  00005404    00000120                                   : _printfi.c.obj (.text:fcvt)
                  00005524    00000110                                   : s_scalbn.c.obj (.text:scalbn)
                  00005634    000000fc                                   : fd_mul_t2.asm.obj (.text)
                  00005730    000000b1                                   : _printfi.c.obj (.text:_ltostr)
                  000057e1    00000001     --HOLE-- [fill = 0]
                  000057e2    0000009c                                   : memcpy_t2.asm.obj (.text)
                  0000587e    00000096                                   : ull_div_t2.asm.obj (.text)
                  00005914    00000086                                   : fd_cmp_t2.asm.obj (.text:__aeabi_cdcmple)
                  0000599a    00000086                                   : fd_cmp_t2.asm.obj (.text:__aeabi_cdrcmple)
                  00005a20    0000007a                                   : memset_t2.asm.obj (.text)
                  00005a9a    0000006e                                   : _printfi.c.obj (.text:_mcpy)
                  00005b08    0000006e                                   : fd_tos_t2.asm.obj (.text)
                  00005b76    00000068                                   : copy_decompress_lzss.c.obj (.text:decompress:lzss:__TI_decompress_lzss)
                  00005bde    00000002     --HOLE-- [fill = 0]
                  00005be0    00000064                                   : s_frexp.c.obj (.text:frexp)
                  00005c44    00000056                                   : _printfi.c.obj (.text:_pconv_f)
                  00005c9a    00000054                                   : ltoa.c.obj (.text:ltoa)
                  00005cee    00000052                                   : _printfi.c.obj (.text:_ecpy)
                  00005d40    0000004c                                   : atoi.c.obj (.text:atoi)
                  00005d8c    00000048                                   : fd_toi_t2.asm.obj (.text)
                  00005dd4    00000044                                   : autoinit.c.obj (.text:__TI_auto_init_nobinit_nopinit:__TI_auto_init_nobinit_nopinit)
                  00005e18    00000040                                   : sprintf.c.obj (.text:sprintf)
                  00005e58    0000003e                                   : _printfi.c.obj (.text:_fcpy)
                  00005e96    00000002     --HOLE-- [fill = 0]
                  00005e98    00000038                                   : boot_cortex_m.c.obj (.text:_c_int00_noargs:_c_int00_noargs)
                  00005ed0    00000038                                   : fs_tod_t2.asm.obj (.text)
                  00005f08    0000002e                                   : i_tofd_t2.asm.obj (.text)
                  00005f36    00000020                                   : u_tofd_t2.asm.obj (.text)
                  00005f56    0000001c                                   : memccpy.c.obj (.text:memccpy)
                  00005f72    00000018                                   : sprintf.c.obj (.text:_outs)
                  00005f8a    00000016                                   : strchr.c.obj (.text:strchr)
                  00005fa0    00000014                                   : s_copysign.c.obj (.text:copysign)
                  00005fb4    00000014                                   : strlen.c.obj (.text:strlen)
                  00005fc8    00000012                                   : copy_zero_init.c.obj (.text:decompress:ZI:__TI_zero_init_nomemset:__TI_zero_init_nomemset)
                  00005fda    00000012                                   : wcslen.c.obj (.text:wcslen)
                  00005fec    0000000e                                   : copy_decompress_none.c.obj (.text:decompress:none:__TI_decompress_none)
                  00005ffa    0000000e     startup_msp432p401r_ccs.obj (.text)
                  00006008    0000000a     rtsv7M4_T_le_v4SPD16_eabi.lib : sprintf.c.obj (.text:_outc)
                  00006012    00000002     --HOLE-- [fill = 0]
                  00006014    00000008                                   : errno.c.obj (.text:__aeabi_errno_addr)
                  0000601c    00000004                                   : pre_init.c.obj (.text:_system_pre_init)
                  00006020    00000004                                   : exit.c.obj (.text:abort:abort)

.const     0    00006024    00000101     
                  00006024    00000101     rtsv7M4_T_le_v4SPD16_eabi.lib : ctype.c.obj (.const:.string:_ctypes_)

.cinit     0    00006128    000000f8     
                  00006128    000000d3     (.cinit..data.load) [load image, compression = lzss]
                  000061fb    00000001     --HOLE-- [fill = 0]
                  000061fc    0000000c     (__TI_handler_table)
                  00006208    00000008     (.cinit..bss.load) [load image, compression = zero_init]
                  00006210    00000010     (__TI_cinit_table)

.init_array 
*          0    00000000    00000000     UNINITIALIZED

.binit     0    00000000    00000000     

.data      0    20000000    00000300     UNINITIALIZED
                  20000000    00000258     main.obj (.data:music_note_sequence)
                  20000258    00000058     main.obj (.data)
                  200002b0    00000018     main.obj (.data:music_note_sequence_A)
                  200002c8    00000010     main.obj (.data:Str1)
                  200002d8    00000010     main.obj (.data:Str2)
                  200002e8    00000010     main.obj (.data:Str3)
                  200002f8    00000004     rtsv7M4_T_le_v4SPD16_eabi.lib : errno.c.obj (.data)
                  200002fc    00000004     system_msp432p401r.obj (.data)

.bss       0    20000300    000000ce     UNINITIALIZED
                  20000300    00000064     (.common:INPUT_BUFFER)
                  20000364    00000064     (.common:string)
                  200003c8    00000004     (.common:second)
                  200003cc    00000002     main.obj (.bss)

.stack     0    2000fe00    00000200     UNINITIALIZED
                  2000fe00    00000004     rtsv7M4_T_le_v4SPD16_eabi.lib : boot_cortex_m.c.obj (.stack)
                  2000fe04    000001fc     --HOLE--

MODULE SUMMARY

       Module                        code    ro data   rw data
       ------                        ----    -------   -------
    .\
       main.obj                      14720   0         1932   
       LCD_Code.obj                  928     0         0      
       system_msp432p401r.obj        820     0         8      
       startup_msp432p401r_ccs.obj   14      228       0      
    +--+-----------------------------+-------+---------+---------+
       Total:                        16482   228       1940   
                                                              
    C:\ti\ccsv8\tools\compiler\ti-cgt-arm_18.1.3.LTS\lib\rtsv7M4_T_le_v4SPD16_eabi.lib
       _printfi.c.obj                4863    0         0      
       fd_add_t2.asm.obj             438     0         0      
       fd_div_t2.asm.obj             310     0         0      
       s_scalbn.c.obj                272     0         0      
       fd_cmp_t2.asm.obj             268     0         0      
       ctype.c.obj                   0       257       0      
       fd_mul_t2.asm.obj             252     0         0      
       memcpy_t2.asm.obj             156     0         0      
       ull_div_t2.asm.obj            150     0         0      
       memset_t2.asm.obj             122     0         0      
       fd_tos_t2.asm.obj             110     0         0      
       copy_decompress_lzss.c.obj    104     0         0      
       s_frexp.c.obj                 100     0         0      
       sprintf.c.obj                 98      0         0      
       ltoa.c.obj                    84      0         0      
       atoi.c.obj                    76      0         0      
       fd_toi_t2.asm.obj             72      0         0      
       autoinit.c.obj                68      0         0      
       boot_cortex_m.c.obj           56      0         0      
       fs_tod_t2.asm.obj             56      0         0      
       i_tofd_t2.asm.obj             46      0         0      
       u_tofd_t2.asm.obj             32      0         0      
       memccpy.c.obj                 28      0         0      
       strchr.c.obj                  22      0         0      
       s_copysign.c.obj              20      0         0      
       strlen.c.obj                  20      0         0      
       copy_zero_init.c.obj          18      0         0      
       wcslen.c.obj                  18      0         0      
       errno.c.obj                   8       0         8      
       copy_decompress_none.c.obj    14      0         0      
       exit.c.obj                    4       0         0      
       pre_init.c.obj                4       0         0      
       div0.asm.obj                  2       0         0      
    +--+-----------------------------+-------+---------+---------+
       Total:                        7891    257       8      
                                                              
       Stack:                        0       0         1024   
       Linker Generated:             0       247       0      
    +--+-----------------------------+-------+---------+---------+
       Grand Total:                  24373   732       2972   


LINKER GENERATED COPY TABLES

__TI_cinit_table @ 00006210 records: 2, size/record: 8, table size: 16
	.data: load addr=00006128, load size=000000d3 bytes, run addr=20000000, run size=00000300 bytes, compression=lzss
	.bss: load addr=00006208, load size=00000008 bytes, run addr=20000300, run size=000000ce bytes, compression=zero_init


LINKER GENERATED HANDLER TABLE

__TI_handler_table @ 000061fc records: 3, size/record: 4, table size: 12
	index: 0, handler: __TI_decompress_lzss
	index: 1, handler: __TI_decompress_none
	index: 2, handler: __TI_zero_init


GLOBAL SYMBOLS: SORTED ALPHABETICALLY BY Name 

address   name                          
-------   ----                          
00006007  ADC14_IRQHandler              
00006007  AES256_IRQHandler             
2000028c  Ala_Time                      
20000298  AlarmGoingOff                 
20000260  Alarm_Status                  
2000027c  Alr_Hour                      
20000280  Alr_Min                       
20000284  Alr_Min09                     
20000268  Brightness                    
00006007  BusFault_Handler              
00006021  C$$EXIT                       
00006007  COMP_E0_IRQHandler            
00006007  COMP_E1_IRQHandler            
00006007  CS_IRQHandler                 
2000026c  Clk_Hour                      
20000270  Clk_Min                       
20000274  Clk_Min09                     
20000278  Clk_Sec                       
20000290  Clk_Time                      
00004517  ComWrite                      
00006007  DMA_ERR_IRQHandler            
00006007  DMA_INT0_IRQHandler           
00006007  DMA_INT1_IRQHandler           
00006007  DMA_INT2_IRQHandler           
00006007  DMA_INT3_IRQHandler           
00004531  DataWrite                     
00006007  DebugMon_Handler              
00006007  Default_Handler               
00003975  EUSCIA0_IRQHandler            
00003975  EUSCIA0_IRQHandler            
00006007  EUSCIA1_IRQHandler            
00006007  EUSCIA2_IRQHandler            
00006007  EUSCIA3_IRQHandler            
00006007  EUSCIB0_IRQHandler            
00006007  EUSCIB1_IRQHandler            
00006007  EUSCIB2_IRQHandler            
00006007  EUSCIB3_IRQHandler            
00006007  FLCTL_IRQHandler              
00006007  FPU_IRQHandler                
00006007  HardFault_Handler             
200002a0  Hour                          
20000300  INPUT_BUFFER                  
0000338d  InitHiddenButtons             
000033fb  InitInterrupts                
00003551  Init_ADC14                    
20000288  Light_Time                    
00006007  MemManage_Handler             
00006007  NMI_Handler                   
00006007  PCM_IRQHandler                
00006007  PORT1_IRQHandler              
00001e61  PORT2_IRQHandler              
00001e61  PORT2_IRQHandler              
00006007  PORT3_IRQHandler              
00006007  PORT4_IRQHandler              
000021f5  PORT5_IRQHandler              
000021f5  PORT5_IRQHandler              
00006007  PORT6_IRQHandler              
00006007  PSS_IRQHandler                
00006007  PendSV_Handler                
000044f1  PrintString                   
000044c5  PrintStringWithLength         
000045ab  PulseE                        
00006007  RTC_C_IRQHandler              
00005ffb  Reset_Handler                 
00006007  SVC_Handler                   
000035af  SetUpTimer32ForCounter        
0000465d  SetupLCD                      
000046dd  SetupPort4                    
0000480b  SetupSysTick                  
00003829  SetupTimer32ForAlarm          
200002a4  Speed                         
200002c8  Str1                          
200002d8  Str2                          
200002e8  Str3                          
00006007  SysTick_Handler               
200002fc  SystemCoreClock               
00004865  SystemCoreClockUpdate         
00004add  SystemInit                    
0000359b  T32_INT1_IRQHandler           
0000359b  T32_INT1_IRQHandler           
00003609  T32_INT2_IRQHandler           
00003609  T32_INT2_IRQHandler           
00006007  T32_INTC_IRQHandler           
00006007  TA0_0_IRQHandler              
00003801  TA0_N_IRQHandler              
00003801  TA0_N_IRQHandler              
00006007  TA1_0_IRQHandler              
00006007  TA1_N_IRQHandler              
00006007  TA2_0_IRQHandler              
00006007  TA2_N_IRQHandler              
00006007  TA3_0_IRQHandler              
00006007  TA3_N_IRQHandler              
00001d59  TimerALED                     
00001dbd  TimerALEDInit                 
00006007  UsageFault_Handler            
4000480c  WDTCTL_SYM                    
00006007  WDT_A_IRQHandler              
20010000  __STACK_END                   
00000200  __STACK_SIZE                  
00006210  __TI_CINIT_Base               
00006220  __TI_CINIT_Limit              
000061fc  __TI_Handler_Table_Base       
00006208  __TI_Handler_Table_Limit      
00005dd5  __TI_auto_init_nobinit_nopinit
00005b77  __TI_decompress_lzss          
00005fed  __TI_decompress_none          
ffffffff  __TI_pprof_out_hndl           
00003a65  __TI_printfi                  
ffffffff  __TI_prof_data_size           
ffffffff  __TI_prof_data_start          
00000000  __TI_static_base__            
00005fc9  __TI_zero_init_nomemset       
00005915  __aeabi_cdcmpeq               
00005915  __aeabi_cdcmple               
0000599b  __aeabi_cdrcmple              
00005b09  __aeabi_d2f                   
00005d8d  __aeabi_d2iz                  
00004fe3  __aeabi_dadd                  
000052cd  __aeabi_ddiv                  
00005635  __aeabi_dmul                  
00004fd9  __aeabi_dsub                  
00006015  __aeabi_errno_addr            
00005ed1  __aeabi_f2d                   
00005f09  __aeabi_i2d                   
000044c3  __aeabi_idiv0                 
000044c3  __aeabi_ldiv0                 
00005a21  __aeabi_memclr                
00005a21  __aeabi_memclr4               
00005a21  __aeabi_memclr8               
000057e3  __aeabi_memcpy                
000057e3  __aeabi_memcpy4               
000057e3  __aeabi_memcpy8               
00005a23  __aeabi_memset                
00005a23  __aeabi_memset4               
00005a23  __aeabi_memset8               
00005f37  __aeabi_ui2d                  
0000587f  __aeabi_uldivmod              
ffffffff  __binit__                     
ffffffff  __c_args__                    
UNDEFED   __mpu_init                    
2000fe00  __stack                       
00005e99  _c_int00_noargs               
00006024  _ctypes_                      
UNDEFED   _system_post_cinit            
0000601d  _system_pre_init              
00006021  abort                         
00005d41  atoi                          
ffffffff  binit                         
2000025c  breath                        
00005fa1  copysign                      
00005fa1  copysignl                     
20000294  counter                       
000045df  delay_micro                   
0000461d  delay_milli                   
200002f8  errno                         
00005be1  frexp                         
00005be1  frexpl                        
00000000  interruptVectors              
00005525  ldexp                         
00005525  ldexpl                        
00005c9b  ltoa                          
00000115  main                          
00005f57  memccpy                       
000057e3  memcpy                        
00005a29  memset                        
20000000  music_note_sequence           
200002b0  music_note_sequence_A         
20000258  note                          
2000029c  previous                      
0000454b  pushByte                      
00004583  pushNibble                    
000038f1  readInput                     
200002ab  read_location                 
00005525  scalbn                        
00005525  scalbnl                       
200003c8  second                        
200002ac  settime                       
000039b5  setupSerial                   
00005e19  sprintf                       
200002aa  storage_location              
00005f8b  strchr                        
20000364  string                        
00005fb5  strlen                        
20000264  time_on                       
00005fdb  wcslen                        
0000387d  writeOutput                   


GLOBAL SYMBOLS: SORTED BY Symbol Address 

address   name                          
-------   ----                          
00000000  __TI_static_base__            
00000000  interruptVectors              
00000115  main                          
00000200  __STACK_SIZE                  
00001d59  TimerALED                     
00001dbd  TimerALEDInit                 
00001e61  PORT2_IRQHandler              
00001e61  PORT2_IRQHandler              
000021f5  PORT5_IRQHandler              
000021f5  PORT5_IRQHandler              
0000338d  InitHiddenButtons             
000033fb  InitInterrupts                
00003551  Init_ADC14                    
0000359b  T32_INT1_IRQHandler           
0000359b  T32_INT1_IRQHandler           
000035af  SetUpTimer32ForCounter        
00003609  T32_INT2_IRQHandler           
00003609  T32_INT2_IRQHandler           
00003801  TA0_N_IRQHandler              
00003801  TA0_N_IRQHandler              
00003829  SetupTimer32ForAlarm          
0000387d  writeOutput                   
000038f1  readInput                     
00003975  EUSCIA0_IRQHandler            
00003975  EUSCIA0_IRQHandler            
000039b5  setupSerial                   
00003a65  __TI_printfi                  
000044c3  __aeabi_idiv0                 
000044c3  __aeabi_ldiv0                 
000044c5  PrintStringWithLength         
000044f1  PrintString                   
00004517  ComWrite                      
00004531  DataWrite                     
0000454b  pushByte                      
00004583  pushNibble                    
000045ab  PulseE                        
000045df  delay_micro                   
0000461d  delay_milli                   
0000465d  SetupLCD                      
000046dd  SetupPort4                    
0000480b  SetupSysTick                  
00004865  SystemCoreClockUpdate         
00004add  SystemInit                    
00004fd9  __aeabi_dsub                  
00004fe3  __aeabi_dadd                  
000052cd  __aeabi_ddiv                  
00005525  ldexp                         
00005525  ldexpl                        
00005525  scalbn                        
00005525  scalbnl                       
00005635  __aeabi_dmul                  
000057e3  __aeabi_memcpy                
000057e3  __aeabi_memcpy4               
000057e3  __aeabi_memcpy8               
000057e3  memcpy                        
0000587f  __aeabi_uldivmod              
00005915  __aeabi_cdcmpeq               
00005915  __aeabi_cdcmple               
0000599b  __aeabi_cdrcmple              
00005a21  __aeabi_memclr                
00005a21  __aeabi_memclr4               
00005a21  __aeabi_memclr8               
00005a23  __aeabi_memset                
00005a23  __aeabi_memset4               
00005a23  __aeabi_memset8               
00005a29  memset                        
00005b09  __aeabi_d2f                   
00005b77  __TI_decompress_lzss          
00005be1  frexp                         
00005be1  frexpl                        
00005c9b  ltoa                          
00005d41  atoi                          
00005d8d  __aeabi_d2iz                  
00005dd5  __TI_auto_init_nobinit_nopinit
00005e19  sprintf                       
00005e99  _c_int00_noargs               
00005ed1  __aeabi_f2d                   
00005f09  __aeabi_i2d                   
00005f37  __aeabi_ui2d                  
00005f57  memccpy                       
00005f8b  strchr                        
00005fa1  copysign                      
00005fa1  copysignl                     
00005fb5  strlen                        
00005fc9  __TI_zero_init_nomemset       
00005fdb  wcslen                        
00005fed  __TI_decompress_none          
00005ffb  Reset_Handler                 
00006007  ADC14_IRQHandler              
00006007  AES256_IRQHandler             
00006007  BusFault_Handler              
00006007  COMP_E0_IRQHandler            
00006007  COMP_E1_IRQHandler            
00006007  CS_IRQHandler                 
00006007  DMA_ERR_IRQHandler            
00006007  DMA_INT0_IRQHandler           
00006007  DMA_INT1_IRQHandler           
00006007  DMA_INT2_IRQHandler           
00006007  DMA_INT3_IRQHandler           
00006007  DebugMon_Handler              
00006007  Default_Handler               
00006007  EUSCIA1_IRQHandler            
00006007  EUSCIA2_IRQHandler            
00006007  EUSCIA3_IRQHandler            
00006007  EUSCIB0_IRQHandler            
00006007  EUSCIB1_IRQHandler            
00006007  EUSCIB2_IRQHandler            
00006007  EUSCIB3_IRQHandler            
00006007  FLCTL_IRQHandler              
00006007  FPU_IRQHandler                
00006007  HardFault_Handler             
00006007  MemManage_Handler             
00006007  NMI_Handler                   
00006007  PCM_IRQHandler                
00006007  PORT1_IRQHandler              
00006007  PORT3_IRQHandler              
00006007  PORT4_IRQHandler              
00006007  PORT6_IRQHandler              
00006007  PSS_IRQHandler                
00006007  PendSV_Handler                
00006007  RTC_C_IRQHandler              
00006007  SVC_Handler                   
00006007  SysTick_Handler               
00006007  T32_INTC_IRQHandler           
00006007  TA0_0_IRQHandler              
00006007  TA1_0_IRQHandler              
00006007  TA1_N_IRQHandler              
00006007  TA2_0_IRQHandler              
00006007  TA2_N_IRQHandler              
00006007  TA3_0_IRQHandler              
00006007  TA3_N_IRQHandler              
00006007  UsageFault_Handler            
00006007  WDT_A_IRQHandler              
00006015  __aeabi_errno_addr            
0000601d  _system_pre_init              
00006021  C$$EXIT                       
00006021  abort                         
00006024  _ctypes_                      
000061fc  __TI_Handler_Table_Base       
00006208  __TI_Handler_Table_Limit      
00006210  __TI_CINIT_Base               
00006220  __TI_CINIT_Limit              
20000000  music_note_sequence           
20000258  note                          
2000025c  breath                        
20000260  Alarm_Status                  
20000264  time_on                       
20000268  Brightness                    
2000026c  Clk_Hour                      
20000270  Clk_Min                       
20000274  Clk_Min09                     
20000278  Clk_Sec                       
2000027c  Alr_Hour                      
20000280  Alr_Min                       
20000284  Alr_Min09                     
20000288  Light_Time                    
2000028c  Ala_Time                      
20000290  Clk_Time                      
20000294  counter                       
20000298  AlarmGoingOff                 
2000029c  previous                      
200002a0  Hour                          
200002a4  Speed                         
200002aa  storage_location              
200002ab  read_location                 
200002ac  settime                       
200002b0  music_note_sequence_A         
200002c8  Str1                          
200002d8  Str2                          
200002e8  Str3                          
200002f8  errno                         
200002fc  SystemCoreClock               
20000300  INPUT_BUFFER                  
20000364  string                        
200003c8  second                        
2000fe00  __stack                       
20010000  __STACK_END                   
4000480c  WDTCTL_SYM                    
ffffffff  __TI_pprof_out_hndl           
ffffffff  __TI_prof_data_size           
ffffffff  __TI_prof_data_start          
ffffffff  __binit__                     
ffffffff  __c_args__                    
ffffffff  binit                         
UNDEFED   __mpu_init                    
UNDEFED   _system_post_cinit            

[186 symbols]
