<?xml version="1.0" encoding="ISO-8859-1" ?>
<link_info>
   <banner>TI ARM Linker PC v18.1.3.LTS</banner>
   <copyright>Copyright (c) 1996-2017 Texas Instruments Incorporated</copyright>
   <link_time>0x5bfc67d5</link_time>
   <link_errors>0x0</link_errors>
   <output_file>EGR226_Final.out</output_file>
   <entry_point>
      <name>_c_int00_noargs</name>
      <address>0x48d1</address>
   </entry_point>
   <input_file_list>
      <input_file id="fl-2">
         <path>.\</path>
         <kind>object</kind>
         <file>LCD_Code.obj</file>
         <name>LCD_Code.obj</name>
      </input_file>
      <input_file id="fl-3">
         <path>.\</path>
         <kind>object</kind>
         <file>main.obj</file>
         <name>main.obj</name>
      </input_file>
      <input_file id="fl-4">
         <path>.\</path>
         <kind>object</kind>
         <file>startup_msp432p401r_ccs.obj</file>
         <name>startup_msp432p401r_ccs.obj</name>
      </input_file>
      <input_file id="fl-5">
         <path>.\</path>
         <kind>object</kind>
         <file>system_msp432p401r.obj</file>
         <name>system_msp432p401r.obj</name>
      </input_file>
      <input_file id="fl-9">
         <kind>object</kind>
         <file>&lt;internal&gt;</file>
         <name>&lt;internal&gt;</name>
      </input_file>
      <input_file id="fl-bf">
         <path>C:\ti\ccsv8\tools\compiler\ti-cgt-arm_18.1.3.LTS\lib\</path>
         <kind>archive</kind>
         <file>rtsv7M4_T_le_v4SPD16_eabi.lib</file>
         <name>fd_add_t2.asm.obj</name>
      </input_file>
      <input_file id="fl-c0">
         <path>C:\ti\ccsv8\tools\compiler\ti-cgt-arm_18.1.3.LTS\lib\</path>
         <kind>archive</kind>
         <file>rtsv7M4_T_le_v4SPD16_eabi.lib</file>
         <name>fd_div_t2.asm.obj</name>
      </input_file>
      <input_file id="fl-c1">
         <path>C:\ti\ccsv8\tools\compiler\ti-cgt-arm_18.1.3.LTS\lib\</path>
         <kind>archive</kind>
         <file>rtsv7M4_T_le_v4SPD16_eabi.lib</file>
         <name>fd_mul_t2.asm.obj</name>
      </input_file>
      <input_file id="fl-c2">
         <path>C:\ti\ccsv8\tools\compiler\ti-cgt-arm_18.1.3.LTS\lib\</path>
         <kind>archive</kind>
         <file>rtsv7M4_T_le_v4SPD16_eabi.lib</file>
         <name>fd_tos_t2.asm.obj</name>
      </input_file>
      <input_file id="fl-c3">
         <path>C:\ti\ccsv8\tools\compiler\ti-cgt-arm_18.1.3.LTS\lib\</path>
         <kind>archive</kind>
         <file>rtsv7M4_T_le_v4SPD16_eabi.lib</file>
         <name>fs_tod_t2.asm.obj</name>
      </input_file>
      <input_file id="fl-c4">
         <path>C:\ti\ccsv8\tools\compiler\ti-cgt-arm_18.1.3.LTS\lib\</path>
         <kind>archive</kind>
         <file>rtsv7M4_T_le_v4SPD16_eabi.lib</file>
         <name>u_tofd_t2.asm.obj</name>
      </input_file>
      <input_file id="fl-c5">
         <path>C:\ti\ccsv8\tools\compiler\ti-cgt-arm_18.1.3.LTS\lib\</path>
         <kind>archive</kind>
         <file>rtsv7M4_T_le_v4SPD16_eabi.lib</file>
         <name>copy_zero_init.c.obj</name>
      </input_file>
      <input_file id="fl-c6">
         <path>C:\ti\ccsv8\tools\compiler\ti-cgt-arm_18.1.3.LTS\lib\</path>
         <kind>archive</kind>
         <file>rtsv7M4_T_le_v4SPD16_eabi.lib</file>
         <name>copy_decompress_none.c.obj</name>
      </input_file>
      <input_file id="fl-c7">
         <path>C:\ti\ccsv8\tools\compiler\ti-cgt-arm_18.1.3.LTS\lib\</path>
         <kind>archive</kind>
         <file>rtsv7M4_T_le_v4SPD16_eabi.lib</file>
         <name>copy_decompress_lzss.c.obj</name>
      </input_file>
      <input_file id="fl-c8">
         <path>C:\ti\ccsv8\tools\compiler\ti-cgt-arm_18.1.3.LTS\lib\</path>
         <kind>archive</kind>
         <file>rtsv7M4_T_le_v4SPD16_eabi.lib</file>
         <name>sprintf.c.obj</name>
      </input_file>
      <input_file id="fl-c9">
         <path>C:\ti\ccsv8\tools\compiler\ti-cgt-arm_18.1.3.LTS\lib\</path>
         <kind>archive</kind>
         <file>rtsv7M4_T_le_v4SPD16_eabi.lib</file>
         <name>strlen.c.obj</name>
      </input_file>
      <input_file id="fl-ca">
         <path>C:\ti\ccsv8\tools\compiler\ti-cgt-arm_18.1.3.LTS\lib\</path>
         <kind>archive</kind>
         <file>rtsv7M4_T_le_v4SPD16_eabi.lib</file>
         <name>boot_cortex_m.c.obj</name>
      </input_file>
      <input_file id="fl-cb">
         <path>C:\ti\ccsv8\tools\compiler\ti-cgt-arm_18.1.3.LTS\lib\</path>
         <kind>archive</kind>
         <file>rtsv7M4_T_le_v4SPD16_eabi.lib</file>
         <name>memset_t2.asm.obj</name>
      </input_file>
      <input_file id="fl-cc">
         <path>C:\ti\ccsv8\tools\compiler\ti-cgt-arm_18.1.3.LTS\lib\</path>
         <kind>archive</kind>
         <file>rtsv7M4_T_le_v4SPD16_eabi.lib</file>
         <name>memcpy_t2.asm.obj</name>
      </input_file>
      <input_file id="fl-cd">
         <path>C:\ti\ccsv8\tools\compiler\ti-cgt-arm_18.1.3.LTS\lib\</path>
         <kind>archive</kind>
         <file>rtsv7M4_T_le_v4SPD16_eabi.lib</file>
         <name>autoinit.c.obj</name>
      </input_file>
      <input_file id="fl-ce">
         <path>C:\ti\ccsv8\tools\compiler\ti-cgt-arm_18.1.3.LTS\lib\</path>
         <kind>archive</kind>
         <file>rtsv7M4_T_le_v4SPD16_eabi.lib</file>
         <name>pre_init.c.obj</name>
      </input_file>
      <input_file id="fl-cf">
         <path>C:\ti\ccsv8\tools\compiler\ti-cgt-arm_18.1.3.LTS\lib\</path>
         <kind>archive</kind>
         <file>rtsv7M4_T_le_v4SPD16_eabi.lib</file>
         <name>cpy_tbl.c.obj</name>
      </input_file>
      <input_file id="fl-d0">
         <path>C:\ti\ccsv8\tools\compiler\ti-cgt-arm_18.1.3.LTS\lib\</path>
         <kind>archive</kind>
         <file>rtsv7M4_T_le_v4SPD16_eabi.lib</file>
         <name>exit.c.obj</name>
      </input_file>
      <input_file id="fl-d1">
         <path>C:\ti\ccsv8\tools\compiler\ti-cgt-arm_18.1.3.LTS\lib\</path>
         <kind>archive</kind>
         <file>rtsv7M4_T_le_v4SPD16_eabi.lib</file>
         <name>_lock.c.obj</name>
      </input_file>
      <input_file id="fl-d2">
         <path>C:\ti\ccsv8\tools\compiler\ti-cgt-arm_18.1.3.LTS\lib\</path>
         <kind>archive</kind>
         <file>rtsv7M4_T_le_v4SPD16_eabi.lib</file>
         <name>_printfi.c.obj</name>
      </input_file>
      <input_file id="fl-d3">
         <path>C:\ti\ccsv8\tools\compiler\ti-cgt-arm_18.1.3.LTS\lib\</path>
         <kind>archive</kind>
         <file>rtsv7M4_T_le_v4SPD16_eabi.lib</file>
         <name>args_main.c.obj</name>
      </input_file>
      <input_file id="fl-d4">
         <path>C:\ti\ccsv8\tools\compiler\ti-cgt-arm_18.1.3.LTS\lib\</path>
         <kind>archive</kind>
         <file>rtsv7M4_T_le_v4SPD16_eabi.lib</file>
         <name>atoi.c.obj</name>
      </input_file>
      <input_file id="fl-d5">
         <path>C:\ti\ccsv8\tools\compiler\ti-cgt-arm_18.1.3.LTS\lib\</path>
         <kind>archive</kind>
         <file>rtsv7M4_T_le_v4SPD16_eabi.lib</file>
         <name>ctype.c.obj</name>
      </input_file>
      <input_file id="fl-d6">
         <path>C:\ti\ccsv8\tools\compiler\ti-cgt-arm_18.1.3.LTS\lib\</path>
         <kind>archive</kind>
         <file>rtsv7M4_T_le_v4SPD16_eabi.lib</file>
         <name>ltoa.c.obj</name>
      </input_file>
      <input_file id="fl-d7">
         <path>C:\ti\ccsv8\tools\compiler\ti-cgt-arm_18.1.3.LTS\lib\</path>
         <kind>archive</kind>
         <file>rtsv7M4_T_le_v4SPD16_eabi.lib</file>
         <name>memccpy.c.obj</name>
      </input_file>
      <input_file id="fl-d8">
         <path>C:\ti\ccsv8\tools\compiler\ti-cgt-arm_18.1.3.LTS\lib\</path>
         <kind>archive</kind>
         <file>rtsv7M4_T_le_v4SPD16_eabi.lib</file>
         <name>strchr.c.obj</name>
      </input_file>
      <input_file id="fl-d9">
         <path>C:\ti\ccsv8\tools\compiler\ti-cgt-arm_18.1.3.LTS\lib\</path>
         <kind>archive</kind>
         <file>rtsv7M4_T_le_v4SPD16_eabi.lib</file>
         <name>errno.c.obj</name>
      </input_file>
      <input_file id="fl-da">
         <path>C:\ti\ccsv8\tools\compiler\ti-cgt-arm_18.1.3.LTS\lib\</path>
         <kind>archive</kind>
         <file>rtsv7M4_T_le_v4SPD16_eabi.lib</file>
         <name>s_frexp.c.obj</name>
      </input_file>
      <input_file id="fl-db">
         <path>C:\ti\ccsv8\tools\compiler\ti-cgt-arm_18.1.3.LTS\lib\</path>
         <kind>archive</kind>
         <file>rtsv7M4_T_le_v4SPD16_eabi.lib</file>
         <name>s_scalbn.c.obj</name>
      </input_file>
      <input_file id="fl-dc">
         <path>C:\ti\ccsv8\tools\compiler\ti-cgt-arm_18.1.3.LTS\lib\</path>
         <kind>archive</kind>
         <file>rtsv7M4_T_le_v4SPD16_eabi.lib</file>
         <name>wcslen.c.obj</name>
      </input_file>
      <input_file id="fl-dd">
         <path>C:\ti\ccsv8\tools\compiler\ti-cgt-arm_18.1.3.LTS\lib\</path>
         <kind>archive</kind>
         <file>rtsv7M4_T_le_v4SPD16_eabi.lib</file>
         <name>s_copysign.c.obj</name>
      </input_file>
      <input_file id="fl-de">
         <path>C:\ti\ccsv8\tools\compiler\ti-cgt-arm_18.1.3.LTS\lib\</path>
         <kind>archive</kind>
         <file>rtsv7M4_T_le_v4SPD16_eabi.lib</file>
         <name>ull_div_t2.asm.obj</name>
      </input_file>
      <input_file id="fl-df">
         <path>C:\ti\ccsv8\tools\compiler\ti-cgt-arm_18.1.3.LTS\lib\</path>
         <kind>archive</kind>
         <file>rtsv7M4_T_le_v4SPD16_eabi.lib</file>
         <name>fd_cmp_t2.asm.obj</name>
      </input_file>
      <input_file id="fl-e0">
         <path>C:\ti\ccsv8\tools\compiler\ti-cgt-arm_18.1.3.LTS\lib\</path>
         <kind>archive</kind>
         <file>rtsv7M4_T_le_v4SPD16_eabi.lib</file>
         <name>fd_toi_t2.asm.obj</name>
      </input_file>
      <input_file id="fl-e1">
         <path>C:\ti\ccsv8\tools\compiler\ti-cgt-arm_18.1.3.LTS\lib\</path>
         <kind>archive</kind>
         <file>rtsv7M4_T_le_v4SPD16_eabi.lib</file>
         <name>i_tofd_t2.asm.obj</name>
      </input_file>
      <input_file id="fl-e2">
         <path>C:\ti\ccsv8\tools\compiler\ti-cgt-arm_18.1.3.LTS\lib\</path>
         <kind>archive</kind>
         <file>rtsv7M4_T_le_v4SPD16_eabi.lib</file>
         <name>div0.asm.obj</name>
      </input_file>
   </input_file_list>
   <object_component_list>
      <object_component id="oc-23">
         <name>.intvecs:retain</name>
         <load_address>0x0</load_address>
         <run_address>0x0</run_address>
         <size>0xe4</size>
         <input_file_ref idref="fl-4"/>
      </object_component>
      <object_component id="oc-6a">
         <name>.text</name>
         <load_address>0xe4</load_address>
         <run_address>0xe4</run_address>
         <size>0x23b8</size>
         <input_file_ref idref="fl-3"/>
      </object_component>
      <object_component id="oc-161">
         <name>.text:__TI_printfi</name>
         <load_address>0x249c</load_address>
         <run_address>0x249c</run_address>
         <size>0xa5e</size>
         <input_file_ref idref="fl-d2"/>
      </object_component>
      <object_component id="oc-2b1">
         <name>.text</name>
         <load_address>0x2efa</load_address>
         <run_address>0x2efa</run_address>
         <size>0x2</size>
         <input_file_ref idref="fl-e2"/>
      </object_component>
      <object_component id="oc-a9">
         <name>.text</name>
         <load_address>0x2efc</load_address>
         <run_address>0x2efc</run_address>
         <size>0x3a0</size>
         <input_file_ref idref="fl-2"/>
      </object_component>
      <object_component id="oc-a2">
         <name>.text</name>
         <load_address>0x329c</load_address>
         <run_address>0x329c</run_address>
         <size>0x334</size>
         <input_file_ref idref="fl-5"/>
      </object_component>
      <object_component id="oc-1e4">
         <name>.text:_pconv_a</name>
         <load_address>0x35d0</load_address>
         <run_address>0x35d0</run_address>
         <size>0x270</size>
         <input_file_ref idref="fl-d2"/>
      </object_component>
      <object_component id="oc-1d2">
         <name>.text:_pconv_g</name>
         <load_address>0x3840</load_address>
         <run_address>0x3840</run_address>
         <size>0x1d0</size>
         <input_file_ref idref="fl-d2"/>
      </object_component>
      <object_component id="oc-c8">
         <name>.text</name>
         <load_address>0x3a10</load_address>
         <run_address>0x3a10</run_address>
         <size>0x1b6</size>
         <input_file_ref idref="fl-bf"/>
      </object_component>
      <object_component id="oc-1de">
         <name>.text:_pconv_e</name>
         <load_address>0x3bc8</load_address>
         <run_address>0x3bc8</run_address>
         <size>0x13c</size>
         <input_file_ref idref="fl-d2"/>
      </object_component>
      <object_component id="oc-b9">
         <name>.text</name>
         <load_address>0x3d04</load_address>
         <run_address>0x3d04</run_address>
         <size>0x136</size>
         <input_file_ref idref="fl-c0"/>
      </object_component>
      <object_component id="oc-25d">
         <name>.text:fcvt</name>
         <load_address>0x3e3c</load_address>
         <run_address>0x3e3c</run_address>
         <size>0x120</size>
         <input_file_ref idref="fl-d2"/>
      </object_component>
      <object_component id="oc-271">
         <name>.text:scalbn</name>
         <load_address>0x3f5c</load_address>
         <run_address>0x3f5c</run_address>
         <size>0x110</size>
         <input_file_ref idref="fl-db"/>
      </object_component>
      <object_component id="oc-b4">
         <name>.text</name>
         <load_address>0x406c</load_address>
         <run_address>0x406c</run_address>
         <size>0xfc</size>
         <input_file_ref idref="fl-c1"/>
      </object_component>
      <object_component id="oc-1c7">
         <name>.text:_ltostr</name>
         <load_address>0x4168</load_address>
         <run_address>0x4168</run_address>
         <size>0xb1</size>
         <input_file_ref idref="fl-d2"/>
      </object_component>
      <object_component id="oc-34">
         <name>.text</name>
         <load_address>0x421a</load_address>
         <run_address>0x421a</run_address>
         <size>0x9c</size>
         <input_file_ref idref="fl-cc"/>
      </object_component>
      <object_component id="oc-234">
         <name>.text</name>
         <load_address>0x42b6</load_address>
         <run_address>0x42b6</run_address>
         <size>0x96</size>
         <input_file_ref idref="fl-de"/>
      </object_component>
      <object_component id="oc-1cd">
         <name>.text:__aeabi_cdcmple</name>
         <load_address>0x434c</load_address>
         <run_address>0x434c</run_address>
         <size>0x86</size>
         <input_file_ref idref="fl-df"/>
      </object_component>
      <object_component id="oc-23b">
         <name>.text:__aeabi_cdrcmple</name>
         <load_address>0x43d2</load_address>
         <run_address>0x43d2</run_address>
         <size>0x86</size>
         <input_file_ref idref="fl-df"/>
      </object_component>
      <object_component id="oc-8a">
         <name>.text</name>
         <load_address>0x4458</load_address>
         <run_address>0x4458</run_address>
         <size>0x7a</size>
         <input_file_ref idref="fl-cb"/>
      </object_component>
      <object_component id="oc-256">
         <name>.text:_mcpy</name>
         <load_address>0x44d2</load_address>
         <run_address>0x44d2</run_address>
         <size>0x6e</size>
         <input_file_ref idref="fl-d2"/>
      </object_component>
      <object_component id="oc-be">
         <name>.text</name>
         <load_address>0x4540</load_address>
         <run_address>0x4540</run_address>
         <size>0x6e</size>
         <input_file_ref idref="fl-c2"/>
      </object_component>
      <object_component id="oc-14">
         <name>.text:decompress:lzss:__TI_decompress_lzss</name>
         <load_address>0x45ae</load_address>
         <run_address>0x45ae</run_address>
         <size>0x68</size>
         <input_file_ref idref="fl-c7"/>
      </object_component>
      <object_component id="oc-26b">
         <name>.text:frexp</name>
         <load_address>0x4618</load_address>
         <run_address>0x4618</run_address>
         <size>0x64</size>
         <input_file_ref idref="fl-da"/>
      </object_component>
      <object_component id="oc-1d8">
         <name>.text:_pconv_f</name>
         <load_address>0x467c</load_address>
         <run_address>0x467c</run_address>
         <size>0x56</size>
         <input_file_ref idref="fl-d2"/>
      </object_component>
      <object_component id="oc-245">
         <name>.text:ltoa</name>
         <load_address>0x46d2</load_address>
         <run_address>0x46d2</run_address>
         <size>0x54</size>
         <input_file_ref idref="fl-d6"/>
      </object_component>
      <object_component id="oc-250">
         <name>.text:_ecpy</name>
         <load_address>0x4726</load_address>
         <run_address>0x4726</run_address>
         <size>0x52</size>
         <input_file_ref idref="fl-d2"/>
      </object_component>
      <object_component id="oc-1c1">
         <name>.text:atoi</name>
         <load_address>0x4778</load_address>
         <run_address>0x4778</run_address>
         <size>0x4c</size>
         <input_file_ref idref="fl-d4"/>
      </object_component>
      <object_component id="oc-240">
         <name>.text</name>
         <load_address>0x47c4</load_address>
         <run_address>0x47c4</run_address>
         <size>0x48</size>
         <input_file_ref idref="fl-e0"/>
      </object_component>
      <object_component id="oc-11e">
         <name>.text:__TI_auto_init_nobinit_nopinit:__TI_auto_init_nobinit_nopinit</name>
         <load_address>0x480c</load_address>
         <run_address>0x480c</run_address>
         <size>0x44</size>
         <input_file_ref idref="fl-cd"/>
      </object_component>
      <object_component id="oc-cd">
         <name>.text:sprintf</name>
         <load_address>0x4850</load_address>
         <run_address>0x4850</run_address>
         <size>0x40</size>
         <input_file_ref idref="fl-c8"/>
      </object_component>
      <object_component id="oc-263">
         <name>.text:_fcpy</name>
         <load_address>0x4890</load_address>
         <run_address>0x4890</run_address>
         <size>0x3e</size>
         <input_file_ref idref="fl-d2"/>
      </object_component>
      <object_component id="oc-52">
         <name>.text:_c_int00_noargs:_c_int00_noargs</name>
         <load_address>0x48d0</load_address>
         <run_address>0x48d0</run_address>
         <size>0x38</size>
         <input_file_ref idref="fl-ca"/>
      </object_component>
      <object_component id="oc-c3">
         <name>.text</name>
         <load_address>0x4908</load_address>
         <run_address>0x4908</run_address>
         <size>0x38</size>
         <input_file_ref idref="fl-c3"/>
      </object_component>
      <object_component id="oc-24b">
         <name>.text</name>
         <load_address>0x4940</load_address>
         <run_address>0x4940</run_address>
         <size>0x2e</size>
         <input_file_ref idref="fl-e1"/>
      </object_component>
      <object_component id="oc-af">
         <name>.text</name>
         <load_address>0x496e</load_address>
         <run_address>0x496e</run_address>
         <size>0x20</size>
         <input_file_ref idref="fl-c4"/>
      </object_component>
      <object_component id="oc-1ea">
         <name>.text:memccpy</name>
         <load_address>0x498e</load_address>
         <run_address>0x498e</run_address>
         <size>0x1c</size>
         <input_file_ref idref="fl-d7"/>
      </object_component>
      <object_component id="oc-167">
         <name>.text:_outs</name>
         <load_address>0x49aa</load_address>
         <run_address>0x49aa</run_address>
         <size>0x18</size>
         <input_file_ref idref="fl-c8"/>
      </object_component>
      <object_component id="oc-277">
         <name>.text:strchr</name>
         <load_address>0x49c2</load_address>
         <run_address>0x49c2</run_address>
         <size>0x16</size>
         <input_file_ref idref="fl-d8"/>
      </object_component>
      <object_component id="oc-2c7">
         <name>.text:copysign</name>
         <load_address>0x49d8</load_address>
         <run_address>0x49d8</run_address>
         <size>0x14</size>
         <input_file_ref idref="fl-dd"/>
      </object_component>
      <object_component id="oc-d3">
         <name>.text:strlen</name>
         <load_address>0x49ec</load_address>
         <run_address>0x49ec</run_address>
         <size>0x14</size>
         <input_file_ref idref="fl-c9"/>
      </object_component>
      <object_component id="oc-40">
         <name>.text:decompress:ZI:__TI_zero_init_nomemset:__TI_zero_init_nomemset</name>
         <load_address>0x4a00</load_address>
         <run_address>0x4a00</run_address>
         <size>0x12</size>
         <input_file_ref idref="fl-c5"/>
      </object_component>
      <object_component id="oc-1f0">
         <name>.text:wcslen</name>
         <load_address>0x4a12</load_address>
         <run_address>0x4a12</run_address>
         <size>0x12</size>
         <input_file_ref idref="fl-dc"/>
      </object_component>
      <object_component id="oc-1a">
         <name>.text:decompress:none:__TI_decompress_none</name>
         <load_address>0x4a24</load_address>
         <run_address>0x4a24</run_address>
         <size>0xe</size>
         <input_file_ref idref="fl-c6"/>
      </object_component>
      <object_component id="oc-64">
         <name>.text</name>
         <load_address>0x4a32</load_address>
         <run_address>0x4a32</run_address>
         <size>0xe</size>
         <input_file_ref idref="fl-4"/>
      </object_component>
      <object_component id="oc-16d">
         <name>.text:_outc</name>
         <load_address>0x4a40</load_address>
         <run_address>0x4a40</run_address>
         <size>0xa</size>
         <input_file_ref idref="fl-c8"/>
      </object_component>
      <object_component id="oc-1f6">
         <name>.text:__aeabi_errno_addr</name>
         <load_address>0x4a4c</load_address>
         <run_address>0x4a4c</run_address>
         <size>0x8</size>
         <input_file_ref idref="fl-d9"/>
      </object_component>
      <object_component id="oc-90">
         <name>.text:_system_pre_init</name>
         <load_address>0x4a54</load_address>
         <run_address>0x4a54</run_address>
         <size>0x4</size>
         <input_file_ref idref="fl-ce"/>
      </object_component>
      <object_component id="oc-112">
         <name>.text:abort:abort</name>
         <load_address>0x4a58</load_address>
         <run_address>0x4a58</run_address>
         <size>0x4</size>
         <input_file_ref idref="fl-d0"/>
      </object_component>
      <object_component id="oc-22f">
         <name>.const:.string:_ctypes_</name>
         <load_address>0x4a5c</load_address>
         <run_address>0x4a5c</run_address>
         <size>0x101</size>
         <input_file_ref idref="fl-d5"/>
      </object_component>
      <object_component id="oc-323">
         <name>.cinit..data.load</name>
         <load_address>0x4b60</load_address>
         <run_address>0x4b60</run_address>
         <size>0xde</size>
      </object_component>
      <object_component id="oc-321">
         <name>__TI_handler_table</name>
         <load_address>0x4c40</load_address>
         <run_address>0x4c40</run_address>
         <size>0xc</size>
      </object_component>
      <object_component id="oc-324">
         <name>.cinit..bss.load</name>
         <load_address>0x4c50</load_address>
         <run_address>0x4c50</run_address>
         <size>0x8</size>
      </object_component>
      <object_component id="oc-322">
         <name>__TI_cinit_table</name>
         <load_address>0x4c58</load_address>
         <run_address>0x4c58</run_address>
         <size>0x10</size>
      </object_component>
      <object_component id="oc-2f6">
         <name>.binit</name>
         <load_address>0x0</load_address>
         <run_address>0x0</run_address>
         <size>0x0</size>
      </object_component>
      <object_component id="oc-e0">
         <name>.data</name>
         <load_address>0x20000258</load_address>
         <run_address>0x20000258</run_address>
         <size>0x84</size>
         <input_file_ref idref="fl-3"/>
      </object_component>
      <object_component id="oc-ef">
         <name>.data:music_note_sequence_A</name>
         <load_address>0x200002dc</load_address>
         <run_address>0x200002dc</run_address>
         <size>0x18</size>
         <input_file_ref idref="fl-3"/>
      </object_component>
      <object_component id="oc-f2">
         <name>.data:music_note_sequence</name>
         <load_address>0x20000000</load_address>
         <run_address>0x20000000</run_address>
         <size>0x258</size>
         <input_file_ref idref="fl-3"/>
      </object_component>
      <object_component id="oc-e6">
         <name>.data:Str1</name>
         <load_address>0x200002f4</load_address>
         <run_address>0x200002f4</run_address>
         <size>0x10</size>
         <input_file_ref idref="fl-3"/>
      </object_component>
      <object_component id="oc-e9">
         <name>.data:Str2</name>
         <load_address>0x20000304</load_address>
         <run_address>0x20000304</run_address>
         <size>0x10</size>
         <input_file_ref idref="fl-3"/>
      </object_component>
      <object_component id="oc-ec">
         <name>.data:Str3</name>
         <load_address>0x20000314</load_address>
         <run_address>0x20000314</run_address>
         <size>0x10</size>
         <input_file_ref idref="fl-3"/>
      </object_component>
      <object_component id="oc-e3">
         <name>.data:Str4</name>
         <load_address>0x2000032c</load_address>
         <run_address>0x2000032c</run_address>
         <size>0x1</size>
         <input_file_ref idref="fl-3"/>
      </object_component>
      <object_component id="oc-150">
         <name>.data</name>
         <load_address>0x20000328</load_address>
         <run_address>0x20000328</run_address>
         <size>0x4</size>
         <input_file_ref idref="fl-5"/>
      </object_component>
      <object_component id="oc-287">
         <name>.data</name>
         <load_address>0x20000324</load_address>
         <run_address>0x20000324</run_address>
         <size>0x4</size>
         <input_file_ref idref="fl-d9"/>
      </object_component>
      <object_component id="oc-dd">
         <name>.bss</name>
         <uninitialized>true</uninitialized>
         <run_address>0x20000398</run_address>
         <size>0x2</size>
         <input_file_ref idref="fl-3"/>
      </object_component>
      <object_component id="oc-dc">
         <name>.common:second</name>
         <uninitialized>true</uninitialized>
         <run_address>0x20000394</run_address>
         <size>0x4</size>
      </object_component>
      <object_component id="oc-d9">
         <name>.common:INPUT_BUFFER</name>
         <uninitialized>true</uninitialized>
         <run_address>0x20000330</run_address>
         <size>0x64</size>
      </object_component>
      <object_component id="oc-26">
         <name>.stack</name>
         <uninitialized>true</uninitialized>
         <run_address>0x2000fe00</run_address>
         <size>0x4</size>
         <input_file_ref idref="fl-ca"/>
      </object_component>
      <object_component id="oc-325">
         <name>.stack</name>
         <uninitialized>true</uninitialized>
         <run_address>0x2000fe00</run_address>
         <size>0x0</size>
      </object_component>
      <object_component id="oc-15a">
         <name>.debug_info</name>
         <load_address>0x0</load_address>
         <run_address>0x0</run_address>
         <size>0x530</size>
         <input_file_ref idref="fl-2"/>
      </object_component>
      <object_component id="oc-aa">
         <name>.debug_info</name>
         <load_address>0x530</load_address>
         <run_address>0x530</run_address>
         <size>0x7fa</size>
         <input_file_ref idref="fl-2"/>
      </object_component>
      <object_component id="oc-f6">
         <name>.debug_info</name>
         <load_address>0xd2a</load_address>
         <run_address>0xd2a</run_address>
         <size>0x37e2</size>
         <input_file_ref idref="fl-2"/>
      </object_component>
      <object_component id="oc-17e">
         <name>.debug_info</name>
         <load_address>0x450c</load_address>
         <run_address>0x450c</run_address>
         <size>0x1055</size>
         <input_file_ref idref="fl-2"/>
      </object_component>
      <object_component id="oc-fd">
         <name>.debug_info</name>
         <load_address>0x5561</load_address>
         <run_address>0x5561</run_address>
         <size>0x26b</size>
         <input_file_ref idref="fl-2"/>
      </object_component>
      <object_component id="oc-2f">
         <name>.debug_info</name>
         <load_address>0x57cc</load_address>
         <run_address>0x57cc</run_address>
         <size>0x84</size>
         <input_file_ref idref="fl-2"/>
      </object_component>
      <object_component id="oc-198">
         <name>.debug_info</name>
         <load_address>0x5850</load_address>
         <run_address>0x5850</run_address>
         <size>0x297</size>
         <input_file_ref idref="fl-2"/>
      </object_component>
      <object_component id="oc-154">
         <name>.debug_info</name>
         <load_address>0x5ae7</load_address>
         <run_address>0x5ae7</run_address>
         <size>0xbb</size>
         <input_file_ref idref="fl-2"/>
      </object_component>
      <object_component id="oc-da">
         <name>.debug_info</name>
         <load_address>0x5ba2</load_address>
         <run_address>0x5ba2</run_address>
         <size>0x820</size>
         <input_file_ref idref="fl-3"/>
      </object_component>
      <object_component id="oc-e1">
         <name>.debug_info</name>
         <load_address>0x63c2</load_address>
         <run_address>0x63c2</run_address>
         <size>0x5ef</size>
         <input_file_ref idref="fl-3"/>
      </object_component>
      <object_component id="oc-f0">
         <name>.debug_info</name>
         <load_address>0x69b1</load_address>
         <run_address>0x69b1</run_address>
         <size>0xe9</size>
         <input_file_ref idref="fl-3"/>
      </object_component>
      <object_component id="oc-f3">
         <name>.debug_info</name>
         <load_address>0x6a9a</load_address>
         <run_address>0x6a9a</run_address>
         <size>0xe5</size>
         <input_file_ref idref="fl-3"/>
      </object_component>
      <object_component id="oc-e7">
         <name>.debug_info</name>
         <load_address>0x6b7f</load_address>
         <run_address>0x6b7f</run_address>
         <size>0xc7</size>
         <input_file_ref idref="fl-3"/>
      </object_component>
      <object_component id="oc-ea">
         <name>.debug_info</name>
         <load_address>0x6c46</load_address>
         <run_address>0x6c46</run_address>
         <size>0xc7</size>
         <input_file_ref idref="fl-3"/>
      </object_component>
      <object_component id="oc-ed">
         <name>.debug_info</name>
         <load_address>0x6d0d</load_address>
         <run_address>0x6d0d</run_address>
         <size>0xc7</size>
         <input_file_ref idref="fl-3"/>
      </object_component>
      <object_component id="oc-e4">
         <name>.debug_info</name>
         <load_address>0x6dd4</load_address>
         <run_address>0x6dd4</run_address>
         <size>0xc7</size>
         <input_file_ref idref="fl-3"/>
      </object_component>
      <object_component id="oc-de">
         <name>.debug_info</name>
         <load_address>0x6e9b</load_address>
         <run_address>0x6e9b</run_address>
         <size>0xca</size>
         <input_file_ref idref="fl-3"/>
      </object_component>
      <object_component id="oc-6b">
         <name>.debug_info</name>
         <load_address>0x6f65</load_address>
         <run_address>0x6f65</run_address>
         <size>0x1000</size>
         <input_file_ref idref="fl-3"/>
      </object_component>
      <object_component id="oc-183">
         <name>.debug_info</name>
         <load_address>0x7f65</load_address>
         <run_address>0x7f65</run_address>
         <size>0xcc</size>
         <input_file_ref idref="fl-3"/>
      </object_component>
      <object_component id="oc-175">
         <name>.debug_info</name>
         <load_address>0x8031</load_address>
         <run_address>0x8031</run_address>
         <size>0x2c</size>
         <input_file_ref idref="fl-3"/>
      </object_component>
      <object_component id="oc-72">
         <name>.debug_info</name>
         <load_address>0x805d</load_address>
         <run_address>0x805d</run_address>
         <size>0x2c2</size>
         <input_file_ref idref="fl-4"/>
      </object_component>
      <object_component id="oc-24">
         <name>.debug_info</name>
         <load_address>0x831f</load_address>
         <run_address>0x831f</run_address>
         <size>0xee</size>
         <input_file_ref idref="fl-4"/>
      </object_component>
      <object_component id="oc-66">
         <name>.debug_info</name>
         <load_address>0x840d</load_address>
         <run_address>0x840d</run_address>
         <size>0x1b5</size>
         <input_file_ref idref="fl-4"/>
      </object_component>
      <object_component id="oc-151">
         <name>.debug_info</name>
         <load_address>0x85c2</load_address>
         <run_address>0x85c2</run_address>
         <size>0xe7</size>
         <input_file_ref idref="fl-5"/>
      </object_component>
      <object_component id="oc-a4">
         <name>.debug_info</name>
         <load_address>0x86a9</load_address>
         <run_address>0x86a9</run_address>
         <size>0x259</size>
         <input_file_ref idref="fl-5"/>
      </object_component>
      <object_component id="oc-ca">
         <name>.debug_info</name>
         <load_address>0x8902</load_address>
         <run_address>0x8902</run_address>
         <size>0x144</size>
         <input_file_ref idref="fl-bf"/>
      </object_component>
      <object_component id="oc-ba">
         <name>.debug_info</name>
         <load_address>0x8a46</load_address>
         <run_address>0x8a46</run_address>
         <size>0x132</size>
         <input_file_ref idref="fl-c0"/>
      </object_component>
      <object_component id="oc-b6">
         <name>.debug_info</name>
         <load_address>0x8b78</load_address>
         <run_address>0x8b78</run_address>
         <size>0x132</size>
         <input_file_ref idref="fl-c1"/>
      </object_component>
      <object_component id="oc-bf">
         <name>.debug_info</name>
         <load_address>0x8caa</load_address>
         <run_address>0x8caa</run_address>
         <size>0x136</size>
         <input_file_ref idref="fl-c2"/>
      </object_component>
      <object_component id="oc-c5">
         <name>.debug_info</name>
         <load_address>0x8de0</load_address>
         <run_address>0x8de0</run_address>
         <size>0x124</size>
         <input_file_ref idref="fl-c3"/>
      </object_component>
      <object_component id="oc-b0">
         <name>.debug_info</name>
         <load_address>0x8f04</load_address>
         <run_address>0x8f04</run_address>
         <size>0x126</size>
         <input_file_ref idref="fl-c4"/>
      </object_component>
      <object_component id="oc-89">
         <name>.debug_info</name>
         <load_address>0x902a</load_address>
         <run_address>0x902a</run_address>
         <size>0x313</size>
         <input_file_ref idref="fl-c5"/>
      </object_component>
      <object_component id="oc-43">
         <name>.debug_info</name>
         <load_address>0x933d</load_address>
         <run_address>0x933d</run_address>
         <size>0x1b4</size>
         <input_file_ref idref="fl-c5"/>
      </object_component>
      <object_component id="oc-84">
         <name>.debug_info</name>
         <load_address>0x94f1</load_address>
         <run_address>0x94f1</run_address>
         <size>0x46</size>
         <input_file_ref idref="fl-c5"/>
      </object_component>
      <object_component id="oc-109">
         <name>.debug_info</name>
         <load_address>0x9537</load_address>
         <run_address>0x9537</run_address>
         <size>0x2c</size>
         <input_file_ref idref="fl-c5"/>
      </object_component>
      <object_component id="oc-3f">
         <name>.debug_info</name>
         <load_address>0x9563</load_address>
         <run_address>0x9563</run_address>
         <size>0x29d</size>
         <input_file_ref idref="fl-c6"/>
      </object_component>
      <object_component id="oc-1c">
         <name>.debug_info</name>
         <load_address>0x9800</load_address>
         <run_address>0x9800</run_address>
         <size>0x1df</size>
         <input_file_ref idref="fl-c6"/>
      </object_component>
      <object_component id="oc-3a">
         <name>.debug_info</name>
         <load_address>0x99df</load_address>
         <run_address>0x99df</run_address>
         <size>0x46</size>
         <input_file_ref idref="fl-c6"/>
      </object_component>
      <object_component id="oc-7c">
         <name>.debug_info</name>
         <load_address>0x9a25</load_address>
         <run_address>0x9a25</run_address>
         <size>0x2c</size>
         <input_file_ref idref="fl-c6"/>
      </object_component>
      <object_component id="oc-7a">
         <name>.debug_info</name>
         <load_address>0x9a51</load_address>
         <run_address>0x9a51</run_address>
         <size>0x293</size>
         <input_file_ref idref="fl-c7"/>
      </object_component>
      <object_component id="oc-16">
         <name>.debug_info</name>
         <load_address>0x9ce4</load_address>
         <run_address>0x9ce4</run_address>
         <size>0x245</size>
         <input_file_ref idref="fl-c7"/>
      </object_component>
      <object_component id="oc-2a">
         <name>.debug_info</name>
         <load_address>0x9f29</load_address>
         <run_address>0x9f29</run_address>
         <size>0x60</size>
         <input_file_ref idref="fl-c7"/>
      </object_component>
      <object_component id="oc-102">
         <name>.debug_info</name>
         <load_address>0x9f89</load_address>
         <run_address>0x9f89</run_address>
         <size>0x46</size>
         <input_file_ref idref="fl-c7"/>
      </object_component>
      <object_component id="oc-75">
         <name>.debug_info</name>
         <load_address>0x9fcf</load_address>
         <run_address>0x9fcf</run_address>
         <size>0x39</size>
         <input_file_ref idref="fl-c7"/>
      </object_component>
      <object_component id="oc-174">
         <name>.debug_info</name>
         <load_address>0xa008</load_address>
         <run_address>0xa008</run_address>
         <size>0x328</size>
         <input_file_ref idref="fl-c8"/>
      </object_component>
      <object_component id="oc-d0">
         <name>.debug_info</name>
         <load_address>0xa330</load_address>
         <run_address>0xa330</run_address>
         <size>0x1c6</size>
         <input_file_ref idref="fl-c8"/>
      </object_component>
      <object_component id="oc-168">
         <name>.debug_info</name>
         <load_address>0xa4f6</load_address>
         <run_address>0xa4f6</run_address>
         <size>0x182</size>
         <input_file_ref idref="fl-c8"/>
      </object_component>
      <object_component id="oc-16e">
         <name>.debug_info</name>
         <load_address>0xa678</load_address>
         <run_address>0xa678</run_address>
         <size>0x162</size>
         <input_file_ref idref="fl-c8"/>
      </object_component>
      <object_component id="oc-28e">
         <name>.debug_info</name>
         <load_address>0xa7da</load_address>
         <run_address>0xa7da</run_address>
         <size>0x2c</size>
         <input_file_ref idref="fl-c8"/>
      </object_component>
      <object_component id="oc-17b">
         <name>.debug_info</name>
         <load_address>0xa806</load_address>
         <run_address>0xa806</run_address>
         <size>0x284</size>
         <input_file_ref idref="fl-c9"/>
      </object_component>
      <object_component id="oc-d4">
         <name>.debug_info</name>
         <load_address>0xaa8a</load_address>
         <run_address>0xaa8a</run_address>
         <size>0x22a</size>
         <input_file_ref idref="fl-c9"/>
      </object_component>
      <object_component id="oc-27">
         <name>.debug_info</name>
         <load_address>0xacb4</load_address>
         <run_address>0xacb4</run_address>
         <size>0x100</size>
         <input_file_ref idref="fl-ca"/>
      </object_component>
      <object_component id="oc-53">
         <name>.debug_info</name>
         <load_address>0xadb4</load_address>
         <run_address>0xadb4</run_address>
         <size>0x1a4</size>
         <input_file_ref idref="fl-ca"/>
      </object_component>
      <object_component id="oc-8c">
         <name>.debug_info</name>
         <load_address>0xaf58</load_address>
         <run_address>0xaf58</run_address>
         <size>0x13f</size>
         <input_file_ref idref="fl-cb"/>
      </object_component>
      <object_component id="oc-37">
         <name>.debug_info</name>
         <load_address>0xb097</load_address>
         <run_address>0xb097</run_address>
         <size>0x111</size>
         <input_file_ref idref="fl-cc"/>
      </object_component>
      <object_component id="oc-1a8">
         <name>.debug_info</name>
         <load_address>0xb1a8</load_address>
         <run_address>0xb1a8</run_address>
         <size>0x547</size>
         <input_file_ref idref="fl-cd"/>
      </object_component>
      <object_component id="oc-120">
         <name>.debug_info</name>
         <load_address>0xb6ef</load_address>
         <run_address>0xb6ef</run_address>
         <size>0x19b</size>
         <input_file_ref idref="fl-cd"/>
      </object_component>
      <object_component id="oc-21e">
         <name>.debug_info</name>
         <load_address>0xb88a</load_address>
         <run_address>0xb88a</run_address>
         <size>0x39</size>
         <input_file_ref idref="fl-cd"/>
      </object_component>
      <object_component id="oc-2a0">
         <name>.debug_info</name>
         <load_address>0xb8c3</load_address>
         <run_address>0xb8c3</run_address>
         <size>0x39</size>
         <input_file_ref idref="fl-cd"/>
      </object_component>
      <object_component id="oc-223">
         <name>.debug_info</name>
         <load_address>0xb8fc</load_address>
         <run_address>0xb8fc</run_address>
         <size>0x39</size>
         <input_file_ref idref="fl-cd"/>
      </object_component>
      <object_component id="oc-228">
         <name>.debug_info</name>
         <load_address>0xb935</load_address>
         <run_address>0xb935</run_address>
         <size>0xcd</size>
         <input_file_ref idref="fl-cd"/>
      </object_component>
      <object_component id="oc-93">
         <name>.debug_info</name>
         <load_address>0xba02</load_address>
         <run_address>0xba02</run_address>
         <size>0x148</size>
         <input_file_ref idref="fl-ce"/>
      </object_component>
      <object_component id="oc-115">
         <name>.debug_info</name>
         <load_address>0xbb4a</load_address>
         <run_address>0xbb4a</run_address>
         <size>0x117</size>
         <input_file_ref idref="fl-d0"/>
      </object_component>
      <object_component id="oc-1fd">
         <name>.debug_info</name>
         <load_address>0xbc61</load_address>
         <run_address>0xbc61</run_address>
         <size>0x8a6</size>
         <input_file_ref idref="fl-d2"/>
      </object_component>
      <object_component id="oc-1c8">
         <name>.debug_info</name>
         <load_address>0xc507</load_address>
         <run_address>0xc507</run_address>
         <size>0x213</size>
         <input_file_ref idref="fl-d2"/>
      </object_component>
      <object_component id="oc-251">
         <name>.debug_info</name>
         <load_address>0xc71a</load_address>
         <run_address>0xc71a</run_address>
         <size>0x1a8</size>
         <input_file_ref idref="fl-d2"/>
      </object_component>
      <object_component id="oc-257">
         <name>.debug_info</name>
         <load_address>0xc8c2</load_address>
         <run_address>0xc8c2</run_address>
         <size>0x210</size>
         <input_file_ref idref="fl-d2"/>
      </object_component>
      <object_component id="oc-1d3">
         <name>.debug_info</name>
         <load_address>0xcad2</load_address>
         <run_address>0xcad2</run_address>
         <size>0x3b0</size>
         <input_file_ref idref="fl-d2"/>
      </object_component>
      <object_component id="oc-25e">
         <name>.debug_info</name>
         <load_address>0xce82</load_address>
         <run_address>0xce82</run_address>
         <size>0x2fa</size>
         <input_file_ref idref="fl-d2"/>
      </object_component>
      <object_component id="oc-264">
         <name>.debug_info</name>
         <load_address>0xd17c</load_address>
         <run_address>0xd17c</run_address>
         <size>0x20a</size>
         <input_file_ref idref="fl-d2"/>
      </object_component>
      <object_component id="oc-1d9">
         <name>.debug_info</name>
         <load_address>0xd386</load_address>
         <run_address>0xd386</run_address>
         <size>0x20a</size>
         <input_file_ref idref="fl-d2"/>
      </object_component>
      <object_component id="oc-1df">
         <name>.debug_info</name>
         <load_address>0xd590</load_address>
         <run_address>0xd590</run_address>
         <size>0x2f9</size>
         <input_file_ref idref="fl-d2"/>
      </object_component>
      <object_component id="oc-1e5">
         <name>.debug_info</name>
         <load_address>0xd889</load_address>
         <run_address>0xd889</run_address>
         <size>0x4a5</size>
         <input_file_ref idref="fl-d2"/>
      </object_component>
      <object_component id="oc-162">
         <name>.debug_info</name>
         <load_address>0xdd2e</load_address>
         <run_address>0xdd2e</run_address>
         <size>0x5cd</size>
         <input_file_ref idref="fl-d2"/>
      </object_component>
      <object_component id="oc-1fe">
         <name>.debug_info</name>
         <load_address>0xe2fb</load_address>
         <run_address>0xe2fb</run_address>
         <size>0x86</size>
         <input_file_ref idref="fl-d2"/>
      </object_component>
      <object_component id="oc-293">
         <name>.debug_info</name>
         <load_address>0xe381</load_address>
         <run_address>0xe381</run_address>
         <size>0x39</size>
         <input_file_ref idref="fl-d2"/>
      </object_component>
      <object_component id="oc-2de">
         <name>.debug_info</name>
         <load_address>0xe3ba</load_address>
         <run_address>0xe3ba</run_address>
         <size>0xb6</size>
         <input_file_ref idref="fl-d2"/>
      </object_component>
      <object_component id="oc-298">
         <name>.debug_info</name>
         <load_address>0xe470</load_address>
         <run_address>0xe470</run_address>
         <size>0x46</size>
         <input_file_ref idref="fl-d2"/>
      </object_component>
      <object_component id="oc-203">
         <name>.debug_info</name>
         <load_address>0xe4b6</load_address>
         <run_address>0xe4b6</run_address>
         <size>0x46</size>
         <input_file_ref idref="fl-d2"/>
      </object_component>
      <object_component id="oc-233">
         <name>.debug_info</name>
         <load_address>0xe4fc</load_address>
         <run_address>0xe4fc</run_address>
         <size>0x2ae</size>
         <input_file_ref idref="fl-d4"/>
      </object_component>
      <object_component id="oc-1c2">
         <name>.debug_info</name>
         <load_address>0xe7aa</load_address>
         <run_address>0xe7aa</run_address>
         <size>0x171</size>
         <input_file_ref idref="fl-d4"/>
      </object_component>
      <object_component id="oc-2ae">
         <name>.debug_info</name>
         <load_address>0xe91b</load_address>
         <run_address>0xe91b</run_address>
         <size>0xee</size>
         <input_file_ref idref="fl-d5"/>
      </object_component>
      <object_component id="oc-230">
         <name>.debug_info</name>
         <load_address>0xea09</load_address>
         <run_address>0xea09</run_address>
         <size>0xfa</size>
         <input_file_ref idref="fl-d5"/>
      </object_component>
      <object_component id="oc-2ba">
         <name>.debug_info</name>
         <load_address>0xeb03</load_address>
         <run_address>0xeb03</run_address>
         <size>0x290</size>
         <input_file_ref idref="fl-d6"/>
      </object_component>
      <object_component id="oc-247">
         <name>.debug_info</name>
         <load_address>0xed93</load_address>
         <run_address>0xed93</run_address>
         <size>0x1c2</size>
         <input_file_ref idref="fl-d6"/>
      </object_component>
      <object_component id="oc-27f">
         <name>.debug_info</name>
         <load_address>0xef55</load_address>
         <run_address>0xef55</run_address>
         <size>0x28b</size>
         <input_file_ref idref="fl-d7"/>
      </object_component>
      <object_component id="oc-1eb">
         <name>.debug_info</name>
         <load_address>0xf1e0</load_address>
         <run_address>0xf1e0</run_address>
         <size>0x1ab</size>
         <input_file_ref idref="fl-d7"/>
      </object_component>
      <object_component id="oc-2d0">
         <name>.debug_info</name>
         <load_address>0xf38b</load_address>
         <run_address>0xf38b</run_address>
         <size>0x28f</size>
         <input_file_ref idref="fl-d8"/>
      </object_component>
      <object_component id="oc-278">
         <name>.debug_info</name>
         <load_address>0xf61a</load_address>
         <run_address>0xf61a</run_address>
         <size>0x247</size>
         <input_file_ref idref="fl-d8"/>
      </object_component>
      <object_component id="oc-28b">
         <name>.debug_info</name>
         <load_address>0xf861</load_address>
         <run_address>0xf861</run_address>
         <size>0x27e</size>
         <input_file_ref idref="fl-d9"/>
      </object_component>
      <object_component id="oc-288">
         <name>.debug_info</name>
         <load_address>0xfadf</load_address>
         <run_address>0xfadf</run_address>
         <size>0x103</size>
         <input_file_ref idref="fl-d9"/>
      </object_component>
      <object_component id="oc-1f7">
         <name>.debug_info</name>
         <load_address>0xfbe2</load_address>
         <run_address>0xfbe2</run_address>
         <size>0x143</size>
         <input_file_ref idref="fl-d9"/>
      </object_component>
      <object_component id="oc-2c1">
         <name>.debug_info</name>
         <load_address>0xfd25</load_address>
         <run_address>0xfd25</run_address>
         <size>0x28f</size>
         <input_file_ref idref="fl-da"/>
      </object_component>
      <object_component id="oc-26c">
         <name>.debug_info</name>
         <load_address>0xffb4</load_address>
         <run_address>0xffb4</run_address>
         <size>0x18a</size>
         <input_file_ref idref="fl-da"/>
      </object_component>
      <object_component id="oc-2ea">
         <name>.debug_info</name>
         <load_address>0x1013e</load_address>
         <run_address>0x1013e</run_address>
         <size>0x39</size>
         <input_file_ref idref="fl-da"/>
      </object_component>
      <object_component id="oc-2c2">
         <name>.debug_info</name>
         <load_address>0x10177</load_address>
         <run_address>0x10177</run_address>
         <size>0x2c</size>
         <input_file_ref idref="fl-da"/>
      </object_component>
      <object_component id="oc-2ce">
         <name>.debug_info</name>
         <load_address>0x101a3</load_address>
         <run_address>0x101a3</run_address>
         <size>0x2f2</size>
         <input_file_ref idref="fl-db"/>
      </object_component>
      <object_component id="oc-274">
         <name>.debug_info</name>
         <load_address>0x10495</load_address>
         <run_address>0x10495</run_address>
         <size>0x21a</size>
         <input_file_ref idref="fl-db"/>
      </object_component>
      <object_component id="oc-286">
         <name>.debug_info</name>
         <load_address>0x106af</load_address>
         <run_address>0x106af</run_address>
         <size>0x284</size>
         <input_file_ref idref="fl-dc"/>
      </object_component>
      <object_component id="oc-1f4">
         <name>.debug_info</name>
         <load_address>0x10933</load_address>
         <run_address>0x10933</run_address>
         <size>0x14f</size>
         <input_file_ref idref="fl-dc"/>
      </object_component>
      <object_component id="oc-2d3">
         <name>.debug_info</name>
         <load_address>0x10a82</load_address>
         <run_address>0x10a82</run_address>
         <size>0x46</size>
         <input_file_ref idref="fl-dc"/>
      </object_component>
      <object_component id="oc-281">
         <name>.debug_info</name>
         <load_address>0x10ac8</load_address>
         <run_address>0x10ac8</run_address>
         <size>0x39</size>
         <input_file_ref idref="fl-dc"/>
      </object_component>
      <object_component id="oc-2ca">
         <name>.debug_info</name>
         <load_address>0x10b01</load_address>
         <run_address>0x10b01</run_address>
         <size>0x156</size>
         <input_file_ref idref="fl-dd"/>
      </object_component>
      <object_component id="oc-237">
         <name>.debug_info</name>
         <load_address>0x10c57</load_address>
         <run_address>0x10c57</run_address>
         <size>0x12c</size>
         <input_file_ref idref="fl-de"/>
      </object_component>
      <object_component id="oc-1d0">
         <name>.debug_info</name>
         <load_address>0x10d83</load_address>
         <run_address>0x10d83</run_address>
         <size>0x120</size>
         <input_file_ref idref="fl-df"/>
      </object_component>
      <object_component id="oc-23c">
         <name>.debug_info</name>
         <load_address>0x10ea3</load_address>
         <run_address>0x10ea3</run_address>
         <size>0x122</size>
         <input_file_ref idref="fl-df"/>
      </object_component>
      <object_component id="oc-243">
         <name>.debug_info</name>
         <load_address>0x10fc5</load_address>
         <run_address>0x10fc5</run_address>
         <size>0x126</size>
         <input_file_ref idref="fl-e0"/>
      </object_component>
      <object_component id="oc-24e">
         <name>.debug_info</name>
         <load_address>0x110eb</load_address>
         <run_address>0x110eb</run_address>
         <size>0x124</size>
         <input_file_ref idref="fl-e1"/>
      </object_component>
      <object_component id="oc-2b2">
         <name>.debug_info</name>
         <load_address>0x1120f</load_address>
         <run_address>0x1120f</run_address>
         <size>0x10d</size>
         <input_file_ref idref="fl-e2"/>
      </object_component>
      <object_component id="oc-326">
         <name>.debug_info</name>
         <load_address>0x1131c</load_address>
         <run_address>0x1131c</run_address>
         <size>0xa1</size>
      </object_component>
      <object_component id="oc-1c0">
         <name>.debug_line</name>
         <load_address>0x0</load_address>
         <run_address>0x0</run_address>
         <size>0x20</size>
         <input_file_ref idref="fl-2"/>
      </object_component>
      <object_component id="oc-ad">
         <name>.debug_line</name>
         <load_address>0x20</load_address>
         <run_address>0x20</run_address>
         <size>0x1e5</size>
         <input_file_ref idref="fl-2"/>
      </object_component>
      <object_component id="oc-f9">
         <name>.debug_line</name>
         <load_address>0x205</load_address>
         <run_address>0x205</run_address>
         <size>0x52</size>
         <input_file_ref idref="fl-2"/>
      </object_component>
      <object_component id="oc-181">
         <name>.debug_line</name>
         <load_address>0x257</load_address>
         <run_address>0x257</run_address>
         <size>0x55</size>
         <input_file_ref idref="fl-2"/>
      </object_component>
      <object_component id="oc-100">
         <name>.debug_line</name>
         <load_address>0x2ac</load_address>
         <run_address>0x2ac</run_address>
         <size>0x69</size>
         <input_file_ref idref="fl-2"/>
      </object_component>
      <object_component id="oc-32">
         <name>.debug_line</name>
         <load_address>0x315</load_address>
         <run_address>0x315</run_address>
         <size>0x20</size>
         <input_file_ref idref="fl-2"/>
      </object_component>
      <object_component id="oc-19b">
         <name>.debug_line</name>
         <load_address>0x335</load_address>
         <run_address>0x335</run_address>
         <size>0x6d</size>
         <input_file_ref idref="fl-2"/>
      </object_component>
      <object_component id="oc-157">
         <name>.debug_line</name>
         <load_address>0x3a2</load_address>
         <run_address>0x3a2</run_address>
         <size>0x6a</size>
         <input_file_ref idref="fl-2"/>
      </object_component>
      <object_component id="oc-17d">
         <name>.debug_line</name>
         <load_address>0x40c</load_address>
         <run_address>0x40c</run_address>
         <size>0xc7</size>
         <input_file_ref idref="fl-3"/>
      </object_component>
      <object_component id="oc-18b">
         <name>.debug_line</name>
         <load_address>0x4d3</load_address>
         <run_address>0x4d3</run_address>
         <size>0x2d</size>
         <input_file_ref idref="fl-3"/>
      </object_component>
      <object_component id="oc-195">
         <name>.debug_line</name>
         <load_address>0x500</load_address>
         <run_address>0x500</run_address>
         <size>0x2d</size>
         <input_file_ref idref="fl-3"/>
      </object_component>
      <object_component id="oc-197">
         <name>.debug_line</name>
         <load_address>0x52d</load_address>
         <run_address>0x52d</run_address>
         <size>0x2d</size>
         <input_file_ref idref="fl-3"/>
      </object_component>
      <object_component id="oc-18f">
         <name>.debug_line</name>
         <load_address>0x55a</load_address>
         <run_address>0x55a</run_address>
         <size>0x2d</size>
         <input_file_ref idref="fl-3"/>
      </object_component>
      <object_component id="oc-191">
         <name>.debug_line</name>
         <load_address>0x587</load_address>
         <run_address>0x587</run_address>
         <size>0x2d</size>
         <input_file_ref idref="fl-3"/>
      </object_component>
      <object_component id="oc-193">
         <name>.debug_line</name>
         <load_address>0x5b4</load_address>
         <run_address>0x5b4</run_address>
         <size>0x2d</size>
         <input_file_ref idref="fl-3"/>
      </object_component>
      <object_component id="oc-18d">
         <name>.debug_line</name>
         <load_address>0x5e1</load_address>
         <run_address>0x5e1</run_address>
         <size>0x2d</size>
         <input_file_ref idref="fl-3"/>
      </object_component>
      <object_component id="oc-189">
         <name>.debug_line</name>
         <load_address>0x60e</load_address>
         <run_address>0x60e</run_address>
         <size>0x2d</size>
         <input_file_ref idref="fl-3"/>
      </object_component>
      <object_component id="oc-6f">
         <name>.debug_line</name>
         <load_address>0x63b</load_address>
         <run_address>0x63b</run_address>
         <size>0xba7</size>
         <input_file_ref idref="fl-3"/>
      </object_component>
      <object_component id="oc-186">
         <name>.debug_line</name>
         <load_address>0x11e2</load_address>
         <run_address>0x11e2</run_address>
         <size>0x64</size>
         <input_file_ref idref="fl-3"/>
      </object_component>
      <object_component id="oc-178">
         <name>.debug_line</name>
         <load_address>0x1246</load_address>
         <run_address>0x1246</run_address>
         <size>0x65</size>
         <input_file_ref idref="fl-3"/>
      </object_component>
      <object_component id="oc-fc">
         <name>.debug_line</name>
         <load_address>0x12ab</load_address>
         <run_address>0x12ab</run_address>
         <size>0x40</size>
         <input_file_ref idref="fl-4"/>
      </object_component>
      <object_component id="oc-71">
         <name>.debug_line</name>
         <load_address>0x12eb</load_address>
         <run_address>0x12eb</run_address>
         <size>0x40</size>
         <input_file_ref idref="fl-4"/>
      </object_component>
      <object_component id="oc-65">
         <name>.debug_line</name>
         <load_address>0x132b</load_address>
         <run_address>0x132b</run_address>
         <size>0x71</size>
         <input_file_ref idref="fl-4"/>
      </object_component>
      <object_component id="oc-1be">
         <name>.debug_line</name>
         <load_address>0x139c</load_address>
         <run_address>0x139c</run_address>
         <size>0x3b</size>
         <input_file_ref idref="fl-5"/>
      </object_component>
      <object_component id="oc-a3">
         <name>.debug_line</name>
         <load_address>0x13d7</load_address>
         <run_address>0x13d7</run_address>
         <size>0x159</size>
         <input_file_ref idref="fl-5"/>
      </object_component>
      <object_component id="oc-cc">
         <name>.debug_line</name>
         <load_address>0x1530</load_address>
         <run_address>0x1530</run_address>
         <size>0xd2</size>
         <input_file_ref idref="fl-bf"/>
      </object_component>
      <object_component id="oc-bd">
         <name>.debug_line</name>
         <load_address>0x1602</load_address>
         <run_address>0x1602</run_address>
         <size>0xa8</size>
         <input_file_ref idref="fl-c0"/>
      </object_component>
      <object_component id="oc-b8">
         <name>.debug_line</name>
         <load_address>0x16aa</load_address>
         <run_address>0x16aa</run_address>
         <size>0x8e</size>
         <input_file_ref idref="fl-c1"/>
      </object_component>
      <object_component id="oc-c2">
         <name>.debug_line</name>
         <load_address>0x1738</load_address>
         <run_address>0x1738</run_address>
         <size>0x67</size>
         <input_file_ref idref="fl-c2"/>
      </object_component>
      <object_component id="oc-c7">
         <name>.debug_line</name>
         <load_address>0x179f</load_address>
         <run_address>0x179f</run_address>
         <size>0x57</size>
         <input_file_ref idref="fl-c3"/>
      </object_component>
      <object_component id="oc-b3">
         <name>.debug_line</name>
         <load_address>0x17f6</load_address>
         <run_address>0x17f6</run_address>
         <size>0x4c</size>
         <input_file_ref idref="fl-c4"/>
      </object_component>
      <object_component id="oc-10f">
         <name>.debug_line</name>
         <load_address>0x1842</load_address>
         <run_address>0x1842</run_address>
         <size>0x9e</size>
         <input_file_ref idref="fl-c5"/>
      </object_component>
      <object_component id="oc-45">
         <name>.debug_line</name>
         <load_address>0x18e0</load_address>
         <run_address>0x18e0</run_address>
         <size>0x4f</size>
         <input_file_ref idref="fl-c5"/>
      </object_component>
      <object_component id="oc-87">
         <name>.debug_line</name>
         <load_address>0x192f</load_address>
         <run_address>0x192f</run_address>
         <size>0x34</size>
         <input_file_ref idref="fl-c5"/>
      </object_component>
      <object_component id="oc-10c">
         <name>.debug_line</name>
         <load_address>0x1963</load_address>
         <run_address>0x1963</run_address>
         <size>0x8a</size>
         <input_file_ref idref="fl-c5"/>
      </object_component>
      <object_component id="oc-82">
         <name>.debug_line</name>
         <load_address>0x19ed</load_address>
         <run_address>0x19ed</run_address>
         <size>0x20</size>
         <input_file_ref idref="fl-c6"/>
      </object_component>
      <object_component id="oc-1f">
         <name>.debug_line</name>
         <load_address>0x1a0d</load_address>
         <run_address>0x1a0d</run_address>
         <size>0x55</size>
         <input_file_ref idref="fl-c6"/>
      </object_component>
      <object_component id="oc-3d">
         <name>.debug_line</name>
         <load_address>0x1a62</load_address>
         <run_address>0x1a62</run_address>
         <size>0x3a</size>
         <input_file_ref idref="fl-c6"/>
      </object_component>
      <object_component id="oc-7f">
         <name>.debug_line</name>
         <load_address>0x1a9c</load_address>
         <run_address>0x1a9c</run_address>
         <size>0x8a</size>
         <input_file_ref idref="fl-c6"/>
      </object_component>
      <object_component id="oc-108">
         <name>.debug_line</name>
         <load_address>0x1b26</load_address>
         <run_address>0x1b26</run_address>
         <size>0x20</size>
         <input_file_ref idref="fl-c7"/>
      </object_component>
      <object_component id="oc-15">
         <name>.debug_line</name>
         <load_address>0x1b46</load_address>
         <run_address>0x1b46</run_address>
         <size>0xa9</size>
         <input_file_ref idref="fl-c7"/>
      </object_component>
      <object_component id="oc-2d">
         <name>.debug_line</name>
         <load_address>0x1bef</load_address>
         <run_address>0x1bef</run_address>
         <size>0x3a</size>
         <input_file_ref idref="fl-c7"/>
      </object_component>
      <object_component id="oc-105">
         <name>.debug_line</name>
         <load_address>0x1c29</load_address>
         <run_address>0x1c29</run_address>
         <size>0x92</size>
         <input_file_ref idref="fl-c7"/>
      </object_component>
      <object_component id="oc-78">
         <name>.debug_line</name>
         <load_address>0x1cbb</load_address>
         <run_address>0x1cbb</run_address>
         <size>0x8e</size>
         <input_file_ref idref="fl-c7"/>
      </object_component>
      <object_component id="oc-20b">
         <name>.debug_line</name>
         <load_address>0x1d49</load_address>
         <run_address>0x1d49</run_address>
         <size>0x2d</size>
         <input_file_ref idref="fl-c8"/>
      </object_component>
      <object_component id="oc-ce">
         <name>.debug_line</name>
         <load_address>0x1d76</load_address>
         <run_address>0x1d76</run_address>
         <size>0x4b</size>
         <input_file_ref idref="fl-c8"/>
      </object_component>
      <object_component id="oc-16c">
         <name>.debug_line</name>
         <load_address>0x1dc1</load_address>
         <run_address>0x1dc1</run_address>
         <size>0x4b</size>
         <input_file_ref idref="fl-c8"/>
      </object_component>
      <object_component id="oc-171">
         <name>.debug_line</name>
         <load_address>0x1e0c</load_address>
         <run_address>0x1e0c</run_address>
         <size>0x3f</size>
         <input_file_ref idref="fl-c8"/>
      </object_component>
      <object_component id="oc-291">
         <name>.debug_line</name>
         <load_address>0x1e4b</load_address>
         <run_address>0x1e4b</run_address>
         <size>0x89</size>
         <input_file_ref idref="fl-c8"/>
      </object_component>
      <object_component id="oc-20d">
         <name>.debug_line</name>
         <load_address>0x1ed4</load_address>
         <run_address>0x1ed4</run_address>
         <size>0x20</size>
         <input_file_ref idref="fl-c9"/>
      </object_component>
      <object_component id="oc-d7">
         <name>.debug_line</name>
         <load_address>0x1ef4</load_address>
         <run_address>0x1ef4</run_address>
         <size>0xaa</size>
         <input_file_ref idref="fl-c9"/>
      </object_component>
      <object_component id="oc-74">
         <name>.debug_line</name>
         <load_address>0x1f9e</load_address>
         <run_address>0x1f9e</run_address>
         <size>0x33</size>
         <input_file_ref idref="fl-ca"/>
      </object_component>
      <object_component id="oc-56">
         <name>.debug_line</name>
         <load_address>0x1fd1</load_address>
         <run_address>0x1fd1</run_address>
         <size>0x56</size>
         <input_file_ref idref="fl-ca"/>
      </object_component>
      <object_component id="oc-8b">
         <name>.debug_line</name>
         <load_address>0x2027</load_address>
         <run_address>0x2027</run_address>
         <size>0x79</size>
         <input_file_ref idref="fl-cb"/>
      </object_component>
      <object_component id="oc-36">
         <name>.debug_line</name>
         <load_address>0x20a0</load_address>
         <run_address>0x20a0</run_address>
         <size>0x88</size>
         <input_file_ref idref="fl-cc"/>
      </object_component>
      <object_component id="oc-21d">
         <name>.debug_line</name>
         <load_address>0x2128</load_address>
         <run_address>0x2128</run_address>
         <size>0xb7</size>
         <input_file_ref idref="fl-cd"/>
      </object_component>
      <object_component id="oc-11f">
         <name>.debug_line</name>
         <load_address>0x21df</load_address>
         <run_address>0x21df</run_address>
         <size>0x6c</size>
         <input_file_ref idref="fl-cd"/>
      </object_component>
      <object_component id="oc-221">
         <name>.debug_line</name>
         <load_address>0x224b</load_address>
         <run_address>0x224b</run_address>
         <size>0x2e</size>
         <input_file_ref idref="fl-cd"/>
      </object_component>
      <object_component id="oc-2a3">
         <name>.debug_line</name>
         <load_address>0x2279</load_address>
         <run_address>0x2279</run_address>
         <size>0x92</size>
         <input_file_ref idref="fl-cd"/>
      </object_component>
      <object_component id="oc-226">
         <name>.debug_line</name>
         <load_address>0x230b</load_address>
         <run_address>0x230b</run_address>
         <size>0x8f</size>
         <input_file_ref idref="fl-cd"/>
      </object_component>
      <object_component id="oc-22b">
         <name>.debug_line</name>
         <load_address>0x239a</load_address>
         <run_address>0x239a</run_address>
         <size>0x8b</size>
         <input_file_ref idref="fl-cd"/>
      </object_component>
      <object_component id="oc-95">
         <name>.debug_line</name>
         <load_address>0x2425</load_address>
         <run_address>0x2425</run_address>
         <size>0x40</size>
         <input_file_ref idref="fl-ce"/>
      </object_component>
      <object_component id="oc-113">
         <name>.debug_line</name>
         <load_address>0x2465</load_address>
         <run_address>0x2465</run_address>
         <size>0x3c</size>
         <input_file_ref idref="fl-d0"/>
      </object_component>
      <object_component id="oc-28d">
         <name>.debug_line</name>
         <load_address>0x24a1</load_address>
         <run_address>0x24a1</run_address>
         <size>0x30e</size>
         <input_file_ref idref="fl-d2"/>
      </object_component>
      <object_component id="oc-1cb">
         <name>.debug_line</name>
         <load_address>0x27af</load_address>
         <run_address>0x27af</run_address>
         <size>0x7a</size>
         <input_file_ref idref="fl-d2"/>
      </object_component>
      <object_component id="oc-254">
         <name>.debug_line</name>
         <load_address>0x2829</load_address>
         <run_address>0x2829</run_address>
         <size>0x51</size>
         <input_file_ref idref="fl-d2"/>
      </object_component>
      <object_component id="oc-25a">
         <name>.debug_line</name>
         <load_address>0x287a</load_address>
         <run_address>0x287a</run_address>
         <size>0x88</size>
         <input_file_ref idref="fl-d2"/>
      </object_component>
      <object_component id="oc-1d6">
         <name>.debug_line</name>
         <load_address>0x2902</load_address>
         <run_address>0x2902</run_address>
         <size>0x14d</size>
         <input_file_ref idref="fl-d2"/>
      </object_component>
      <object_component id="oc-261">
         <name>.debug_line</name>
         <load_address>0x2a4f</load_address>
         <run_address>0x2a4f</run_address>
         <size>0xe9</size>
         <input_file_ref idref="fl-d2"/>
      </object_component>
      <object_component id="oc-267">
         <name>.debug_line</name>
         <load_address>0x2b38</load_address>
         <run_address>0x2b38</run_address>
         <size>0x5d</size>
         <input_file_ref idref="fl-d2"/>
      </object_component>
      <object_component id="oc-1dc">
         <name>.debug_line</name>
         <load_address>0x2b95</load_address>
         <run_address>0x2b95</run_address>
         <size>0x5c</size>
         <input_file_ref idref="fl-d2"/>
      </object_component>
      <object_component id="oc-1e2">
         <name>.debug_line</name>
         <load_address>0x2bf1</load_address>
         <run_address>0x2bf1</run_address>
         <size>0xae</size>
         <input_file_ref idref="fl-d2"/>
      </object_component>
      <object_component id="oc-1e8">
         <name>.debug_line</name>
         <load_address>0x2c9f</load_address>
         <run_address>0x2c9f</run_address>
         <size>0x1b0</size>
         <input_file_ref idref="fl-d2"/>
      </object_component>
      <object_component id="oc-165">
         <name>.debug_line</name>
         <load_address>0x2e4f</load_address>
         <run_address>0x2e4f</run_address>
         <size>0x6dd</size>
         <input_file_ref idref="fl-d2"/>
      </object_component>
      <object_component id="oc-201">
         <name>.debug_line</name>
         <load_address>0x352c</load_address>
         <run_address>0x352c</run_address>
         <size>0x8a</size>
         <input_file_ref idref="fl-d2"/>
      </object_component>
      <object_component id="oc-296">
         <name>.debug_line</name>
         <load_address>0x35b6</load_address>
         <run_address>0x35b6</run_address>
         <size>0x8a</size>
         <input_file_ref idref="fl-d2"/>
      </object_component>
      <object_component id="oc-2e1">
         <name>.debug_line</name>
         <load_address>0x3640</load_address>
         <run_address>0x3640</run_address>
         <size>0x92</size>
         <input_file_ref idref="fl-d2"/>
      </object_component>
      <object_component id="oc-29b">
         <name>.debug_line</name>
         <load_address>0x36d2</load_address>
         <run_address>0x36d2</run_address>
         <size>0x8f</size>
         <input_file_ref idref="fl-d2"/>
      </object_component>
      <object_component id="oc-206">
         <name>.debug_line</name>
         <load_address>0x3761</load_address>
         <run_address>0x3761</run_address>
         <size>0x2e</size>
         <input_file_ref idref="fl-d2"/>
      </object_component>
      <object_component id="oc-2b0">
         <name>.debug_line</name>
         <load_address>0x378f</load_address>
         <run_address>0x378f</run_address>
         <size>0x89</size>
         <input_file_ref idref="fl-d4"/>
      </object_component>
      <object_component id="oc-1c5">
         <name>.debug_line</name>
         <load_address>0x3818</load_address>
         <run_address>0x3818</run_address>
         <size>0x63</size>
         <input_file_ref idref="fl-d4"/>
      </object_component>
      <object_component id="oc-2e4">
         <name>.debug_line</name>
         <load_address>0x387b</load_address>
         <run_address>0x387b</run_address>
         <size>0x20</size>
         <input_file_ref idref="fl-d5"/>
      </object_component>
      <object_component id="oc-2ad">
         <name>.debug_line</name>
         <load_address>0x389b</load_address>
         <run_address>0x389b</run_address>
         <size>0x2b</size>
         <input_file_ref idref="fl-d5"/>
      </object_component>
      <object_component id="oc-2e7">
         <name>.debug_line</name>
         <load_address>0x38c6</load_address>
         <run_address>0x38c6</run_address>
         <size>0x20</size>
         <input_file_ref idref="fl-d6"/>
      </object_component>
      <object_component id="oc-24a">
         <name>.debug_line</name>
         <load_address>0x38e6</load_address>
         <run_address>0x38e6</run_address>
         <size>0x66</size>
         <input_file_ref idref="fl-d6"/>
      </object_component>
      <object_component id="oc-2d2">
         <name>.debug_line</name>
         <load_address>0x394c</load_address>
         <run_address>0x394c</run_address>
         <size>0x20</size>
         <input_file_ref idref="fl-d7"/>
      </object_component>
      <object_component id="oc-1ee">
         <name>.debug_line</name>
         <load_address>0x396c</load_address>
         <run_address>0x396c</run_address>
         <size>0x48</size>
         <input_file_ref idref="fl-d7"/>
      </object_component>
      <object_component id="oc-2f3">
         <name>.debug_line</name>
         <load_address>0x39b4</load_address>
         <run_address>0x39b4</run_address>
         <size>0x20</size>
         <input_file_ref idref="fl-d8"/>
      </object_component>
      <object_component id="oc-27b">
         <name>.debug_line</name>
         <load_address>0x39d4</load_address>
         <run_address>0x39d4</run_address>
         <size>0xa8</size>
         <input_file_ref idref="fl-d8"/>
      </object_component>
[...]
         <name>InitHiddenButtons</name>
         <value>0x1f11</value>
         <object_component_ref idref="oc-6a"/>
      </symbol>
      <symbol id="sm-3ae">
         <name>time_on</name>
         <value>0x2000029c</value>
         <object_component_ref idref="oc-e0"/>
      </symbol>
      <symbol id="sm-3af">
         <name>Clk_Time</name>
         <value>0x20000288</value>
         <object_component_ref idref="oc-e0"/>
      </symbol>
      <symbol id="sm-3b0">
         <name>music_note_sequence_A</name>
         <value>0x200002dc</value>
         <object_component_ref idref="oc-ef"/>
      </symbol>
      <symbol id="sm-3b1">
         <name>Light_Time</name>
         <value>0x20000280</value>
         <object_component_ref idref="oc-e0"/>
      </symbol>
      <symbol id="sm-3b2">
         <name>SetUpTimer32ForCounter</name>
         <value>0x2115</value>
         <object_component_ref idref="oc-6a"/>
      </symbol>
      <symbol id="sm-3b3">
         <name>Read_Clk_Min</name>
         <value>0x200002b0</value>
         <object_component_ref idref="oc-e0"/>
      </symbol>
      <symbol id="sm-3b4">
         <name>Str4</name>
         <value>0x2000032c</value>
         <object_component_ref idref="oc-e3"/>
      </symbol>
      <symbol id="sm-3b5">
         <name>Str3</name>
         <value>0x20000314</value>
         <object_component_ref idref="oc-ec"/>
      </symbol>
      <symbol id="sm-3b6">
         <name>Str2</name>
         <value>0x20000304</value>
         <object_component_ref idref="oc-e9"/>
      </symbol>
      <symbol id="sm-3b7">
         <name>Str1</name>
         <value>0x200002f4</value>
         <object_component_ref idref="oc-e6"/>
      </symbol>
      <symbol id="sm-3b8">
         <name>counter</name>
         <value>0x2000028c</value>
         <object_component_ref idref="oc-e0"/>
      </symbol>
      <symbol id="sm-3b9">
         <name>Clk_Hour</name>
         <value>0x20000264</value>
         <object_component_ref idref="oc-e0"/>
      </symbol>
      <symbol id="sm-3ba">
         <name>PORT5_IRQHandler</name>
         <value>0x1ef3</value>
         <object_component_ref idref="oc-6a"/>
      </symbol>
      <symbol id="sm-3bb">
         <name>settime</name>
         <value>0x200002c6</value>
         <object_component_ref idref="oc-e0"/>
      </symbol>
      <symbol id="sm-3bc">
         <name>Read_Alr_Hour</name>
         <value>0x200002b8</value>
         <object_component_ref idref="oc-e0"/>
      </symbol>
      <symbol id="sm-3bd">
         <name>Alr_Min</name>
         <value>0x20000278</value>
         <object_component_ref idref="oc-e0"/>
      </symbol>
      <symbol id="sm-3be">
         <name>TA0_N_IRQHandler</name>
         <value>0x23c1</value>
         <object_component_ref idref="oc-6a"/>
      </symbol>
      <symbol id="sm-3bf">
         <name>breath</name>
         <value>0x2000025c</value>
         <object_component_ref idref="oc-e0"/>
      </symbol>
      <symbol id="sm-3c0">
         <name>T32_INT1_IRQHandler</name>
         <value>0x20fd</value>
         <object_component_ref idref="oc-6a"/>
      </symbol>
      <symbol id="sm-3c1">
         <name>Hour</name>
         <value>0x200002a8</value>
         <object_component_ref idref="oc-e0"/>
      </symbol>
      <symbol id="sm-3c2">
         <name>Read_Alr_Min</name>
         <value>0x200002bc</value>
         <object_component_ref idref="oc-e0"/>
      </symbol>
      <symbol id="sm-3c3">
         <name>Ala_Time</name>
         <value>0x20000284</value>
         <object_component_ref idref="oc-e0"/>
      </symbol>
      <symbol id="sm-3c4">
         <name>TimerALED</name>
         <value>0x1e29</value>
         <object_component_ref idref="oc-6a"/>
      </symbol>
      <symbol id="sm-3c5">
         <name>Clk_Min09</name>
         <value>0x2000026c</value>
         <object_component_ref idref="oc-e0"/>
      </symbol>
      <symbol id="sm-3da">
         <name>Reset_Handler</name>
         <value>0x4a33</value>
         <object_component_ref idref="oc-64"/>
      </symbol>
      <symbol id="sm-3db">
         <name>Default_Handler</name>
         <value>0x4a3f</value>
         <object_component_ref idref="oc-64"/>
      </symbol>
      <symbol id="sm-3dc">
         <name>interruptVectors</name>
         <value>0x0</value>
         <object_component_ref idref="oc-23"/>
      </symbol>
      <symbol id="sm-424">
         <name>SystemInit</name>
         <value>0x3515</value>
         <object_component_ref idref="oc-a2"/>
      </symbol>
      <symbol id="sm-425">
         <name>SystemCoreClockUpdate</name>
         <value>0x329d</value>
         <object_component_ref idref="oc-a2"/>
      </symbol>
      <symbol id="sm-426">
         <name>SystemCoreClock</name>
         <value>0x20000328</value>
         <object_component_ref idref="oc-150"/>
      </symbol>
      <symbol id="sm-43d">
         <name>__aeabi_dsub</name>
         <value>0x3a11</value>
         <object_component_ref idref="oc-c8"/>
      </symbol>
      <symbol id="sm-43e">
         <name>__aeabi_dadd</name>
         <value>0x3a1b</value>
         <object_component_ref idref="oc-c8"/>
      </symbol>
      <symbol id="sm-452">
         <name>__aeabi_ddiv</name>
         <value>0x3d05</value>
         <object_component_ref idref="oc-b9"/>
      </symbol>
      <symbol id="sm-45d">
         <name>__aeabi_dmul</name>
         <value>0x406d</value>
         <object_component_ref idref="oc-b4"/>
      </symbol>
      <symbol id="sm-469">
         <name>__aeabi_d2f</name>
         <value>0x4541</value>
         <object_component_ref idref="oc-be"/>
      </symbol>
      <symbol id="sm-474">
         <name>__aeabi_f2d</name>
         <value>0x4909</value>
         <object_component_ref idref="oc-c3"/>
      </symbol>
      <symbol id="sm-47e">
         <name>__aeabi_ui2d</name>
         <value>0x496f</value>
         <object_component_ref idref="oc-af"/>
      </symbol>
      <symbol id="sm-497">
         <name>__TI_zero_init_nomemset</name>
         <value>0x4a01</value>
         <object_component_ref idref="oc-40"/>
      </symbol>
      <symbol id="sm-4ae">
         <name>__TI_decompress_none</name>
         <value>0x4a25</value>
         <object_component_ref idref="oc-1a"/>
      </symbol>
      <symbol id="sm-4d1">
         <name>__TI_decompress_lzss</name>
         <value>0x45af</value>
         <object_component_ref idref="oc-14"/>
      </symbol>
      <symbol id="sm-4f8">
         <name>sprintf</name>
         <value>0x4851</value>
         <object_component_ref idref="oc-cd"/>
      </symbol>
      <symbol id="sm-506">
         <name>strlen</name>
         <value>0x49ed</value>
         <object_component_ref idref="oc-d3"/>
      </symbol>
      <symbol id="sm-519">
         <name>__stack</name>
         <value>0x2000fe00</value>
         <object_component_ref idref="oc-26"/>
      </symbol>
      <symbol id="sm-51a">
         <name>_c_int00_noargs</name>
         <value>0x48d1</value>
         <object_component_ref idref="oc-52"/>
      </symbol>
      <symbol id="sm-529">
         <name>__aeabi_memset</name>
         <value>0x445b</value>
         <object_component_ref idref="oc-8a"/>
      </symbol>
      <symbol id="sm-52a">
         <name>memset</name>
         <value>0x4461</value>
         <object_component_ref idref="oc-8a"/>
      </symbol>
      <symbol id="sm-52b">
         <name>__aeabi_memset8</name>
         <value>0x445b</value>
         <object_component_ref idref="oc-8a"/>
      </symbol>
      <symbol id="sm-52c">
         <name>__aeabi_memset4</name>
         <value>0x445b</value>
         <object_component_ref idref="oc-8a"/>
      </symbol>
      <symbol id="sm-52d">
         <name>__aeabi_memclr8</name>
         <value>0x4459</value>
         <object_component_ref idref="oc-8a"/>
      </symbol>
      <symbol id="sm-52e">
         <name>__aeabi_memclr4</name>
         <value>0x4459</value>
         <object_component_ref idref="oc-8a"/>
      </symbol>
      <symbol id="sm-52f">
         <name>__aeabi_memclr</name>
         <value>0x4459</value>
         <object_component_ref idref="oc-8a"/>
      </symbol>
      <symbol id="sm-54a">
         <name>memcpy</name>
         <value>0x421b</value>
         <object_component_ref idref="oc-34"/>
      </symbol>
      <symbol id="sm-54b">
         <name>__aeabi_memcpy</name>
         <value>0x421b</value>
         <object_component_ref idref="oc-34"/>
      </symbol>
      <symbol id="sm-54c">
         <name>__aeabi_memcpy8</name>
         <value>0x421b</value>
         <object_component_ref idref="oc-34"/>
      </symbol>
      <symbol id="sm-54d">
         <name>__aeabi_memcpy4</name>
         <value>0x421b</value>
         <object_component_ref idref="oc-34"/>
      </symbol>
      <symbol id="sm-575">
         <name>__TI_auto_init_nobinit_nopinit</name>
         <value>0x480d</value>
         <object_component_ref idref="oc-11e"/>
      </symbol>
      <symbol id="sm-57f">
         <name>_system_pre_init</name>
         <value>0x4a55</value>
         <object_component_ref idref="oc-90"/>
      </symbol>
      <symbol id="sm-58b">
         <name>C$$EXIT</name>
         <value>0x4a59</value>
         <object_component_ref idref="oc-112"/>
      </symbol>
      <symbol id="sm-58c">
         <name>abort</name>
         <value>0x4a59</value>
         <object_component_ref idref="oc-112"/>
      </symbol>
      <symbol id="sm-6f2">
         <name>__TI_printfi</name>
         <value>0x249d</value>
         <object_component_ref idref="oc-161"/>
      </symbol>
      <symbol id="sm-709">
         <name>atoi</name>
         <value>0x4779</value>
         <object_component_ref idref="oc-1c1"/>
      </symbol>
      <symbol id="sm-714">
         <name>_ctypes_</name>
         <value>0x4a5c</value>
         <object_component_ref idref="oc-22f"/>
      </symbol>
      <symbol id="sm-723">
         <name>ltoa</name>
         <value>0x46d3</value>
         <object_component_ref idref="oc-245"/>
      </symbol>
      <symbol id="sm-733">
         <name>memccpy</name>
         <value>0x498f</value>
         <object_component_ref idref="oc-1ea"/>
      </symbol>
      <symbol id="sm-743">
         <name>strchr</name>
         <value>0x49c3</value>
         <object_component_ref idref="oc-277"/>
      </symbol>
      <symbol id="sm-759">
         <name>__aeabi_errno_addr</name>
         <value>0x4a4d</value>
         <object_component_ref idref="oc-1f6"/>
      </symbol>
      <symbol id="sm-75a">
         <name>errno</name>
         <value>0x20000324</value>
         <object_component_ref idref="oc-287"/>
      </symbol>
      <symbol id="sm-77a">
         <name>frexpl</name>
         <value>0x4619</value>
         <object_component_ref idref="oc-26b"/>
      </symbol>
      <symbol id="sm-77b">
         <name>frexp</name>
         <value>0x4619</value>
         <object_component_ref idref="oc-26b"/>
      </symbol>
      <symbol id="sm-798">
         <name>scalbn</name>
         <value>0x3f5d</value>
         <object_component_ref idref="oc-271"/>
      </symbol>
      <symbol id="sm-799">
         <name>scalbnl</name>
         <value>0x3f5d</value>
         <object_component_ref idref="oc-271"/>
      </symbol>
      <symbol id="sm-79a">
         <name>ldexpl</name>
         <value>0x3f5d</value>
         <object_component_ref idref="oc-271"/>
      </symbol>
      <symbol id="sm-79b">
         <name>ldexp</name>
         <value>0x3f5d</value>
         <object_component_ref idref="oc-271"/>
      </symbol>
      <symbol id="sm-7b4">
         <name>wcslen</name>
         <value>0x4a13</value>
         <object_component_ref idref="oc-1f0"/>
      </symbol>
      <symbol id="sm-7be">
         <name>copysign</name>
         <value>0x49d9</value>
         <object_component_ref idref="oc-2c7"/>
      </symbol>
      <symbol id="sm-7bf">
         <name>copysignl</name>
         <value>0x49d9</value>
         <object_component_ref idref="oc-2c7"/>
      </symbol>
      <symbol id="sm-7cc">
         <name>__aeabi_uldivmod</name>
         <value>0x42b7</value>
         <object_component_ref idref="oc-234"/>
      </symbol>
      <symbol id="sm-7ee">
         <name>__aeabi_cdcmpeq</name>
         <value>0x434d</value>
         <object_component_ref idref="oc-1cd"/>
      </symbol>
      <symbol id="sm-7ef">
         <name>__aeabi_cdcmple</name>
         <value>0x434d</value>
         <object_component_ref idref="oc-1cd"/>
      </symbol>
      <symbol id="sm-7f0">
         <name>__aeabi_cdrcmple</name>
         <value>0x43d3</value>
         <object_component_ref idref="oc-23b"/>
      </symbol>
      <symbol id="sm-7fa">
         <name>__aeabi_d2iz</name>
         <value>0x47c5</value>
         <object_component_ref idref="oc-240"/>
      </symbol>
      <symbol id="sm-804">
         <name>__aeabi_i2d</name>
         <value>0x4941</value>
         <object_component_ref idref="oc-24b"/>
      </symbol>
      <symbol id="sm-80e">
         <name>__aeabi_idiv0</name>
         <value>0x2efb</value>
         <object_component_ref idref="oc-2b1"/>
      </symbol>
      <symbol id="sm-80f">
         <name>__aeabi_ldiv0</name>
         <value>0x2efb</value>
         <object_component_ref idref="oc-2b1"/>
      </symbol>
      <symbol id="sm-810">
         <name>__TI_static_base__</name>
         <value>0x0</value>
      </symbol>
      <symbol id="sm-813">
         <name>__mpu_init</name>
         <value>0x0</value>
      </symbol>
      <symbol id="sm-814">
         <name>_system_post_cinit</name>
         <value>0x0</value>
      </symbol>
      <symbol id="sm-815">
         <name>NMI_Handler</name>
         <value>0x4a3f</value>
      </symbol>
      <symbol id="sm-816">
         <name>HardFault_Handler</name>
         <value>0x4a3f</value>
      </symbol>
      <symbol id="sm-817">
         <name>MemManage_Handler</name>
         <value>0x4a3f</value>
      </symbol>
      <symbol id="sm-818">
         <name>BusFault_Handler</name>
         <value>0x4a3f</value>
      </symbol>
      <symbol id="sm-819">
         <name>UsageFault_Handler</name>
         <value>0x4a3f</value>
      </symbol>
      <symbol id="sm-81a">
         <name>SVC_Handler</name>
         <value>0x4a3f</value>
      </symbol>
      <symbol id="sm-81b">
         <name>DebugMon_Handler</name>
         <value>0x4a3f</value>
      </symbol>
      <symbol id="sm-81c">
         <name>PendSV_Handler</name>
         <value>0x4a3f</value>
      </symbol>
      <symbol id="sm-81d">
         <name>SysTick_Handler</name>
         <value>0x4a3f</value>
      </symbol>
      <symbol id="sm-81e">
         <name>PSS_IRQHandler</name>
         <value>0x4a3f</value>
      </symbol>
      <symbol id="sm-81f">
         <name>CS_IRQHandler</name>
         <value>0x4a3f</value>
      </symbol>
      <symbol id="sm-820">
         <name>PCM_IRQHandler</name>
         <value>0x4a3f</value>
      </symbol>
      <symbol id="sm-821">
         <name>WDT_A_IRQHandler</name>
         <value>0x4a3f</value>
      </symbol>
      <symbol id="sm-822">
         <name>FPU_IRQHandler</name>
         <value>0x4a3f</value>
      </symbol>
      <symbol id="sm-823">
         <name>FLCTL_IRQHandler</name>
         <value>0x4a3f</value>
      </symbol>
      <symbol id="sm-824">
         <name>COMP_E0_IRQHandler</name>
         <value>0x4a3f</value>
      </symbol>
      <symbol id="sm-825">
         <name>COMP_E1_IRQHandler</name>
         <value>0x4a3f</value>
      </symbol>
      <symbol id="sm-826">
         <name>TA0_0_IRQHandler</name>
         <value>0x4a3f</value>
      </symbol>
      <symbol id="sm-827">
         <name>TA0_N_IRQHandler</name>
         <value>0x23c1</value>
      </symbol>
      <symbol id="sm-828">
         <name>TA1_0_IRQHandler</name>
         <value>0x4a3f</value>
      </symbol>
      <symbol id="sm-829">
         <name>TA1_N_IRQHandler</name>
         <value>0x4a3f</value>
      </symbol>
      <symbol id="sm-82a">
         <name>TA2_0_IRQHandler</name>
         <value>0x4a3f</value>
      </symbol>
      <symbol id="sm-82b">
         <name>TA2_N_IRQHandler</name>
         <value>0x4a3f</value>
      </symbol>
      <symbol id="sm-82c">
         <name>TA3_0_IRQHandler</name>
         <value>0x4a3f</value>
      </symbol>
      <symbol id="sm-82d">
         <name>TA3_N_IRQHandler</name>
         <value>0x4a3f</value>
      </symbol>
      <symbol id="sm-82e">
         <name>EUSCIA0_IRQHandler</name>
         <value>0x4a3f</value>
      </symbol>
      <symbol id="sm-82f">
         <name>EUSCIA1_IRQHandler</name>
         <value>0x4a3f</value>
      </symbol>
      <symbol id="sm-830">
         <name>EUSCIA2_IRQHandler</name>
         <value>0x4a3f</value>
      </symbol>
      <symbol id="sm-831">
         <name>EUSCIA3_IRQHandler</name>
         <value>0x4a3f</value>
      </symbol>
      <symbol id="sm-832">
         <name>EUSCIB0_IRQHandler</name>
         <value>0x4a3f</value>
      </symbol>
      <symbol id="sm-833">
         <name>EUSCIB1_IRQHandler</name>
         <value>0x4a3f</value>
      </symbol>
      <symbol id="sm-834">
         <name>EUSCIB2_IRQHandler</name>
         <value>0x4a3f</value>
      </symbol>
      <symbol id="sm-835">
         <name>EUSCIB3_IRQHandler</name>
         <value>0x4a3f</value>
      </symbol>
      <symbol id="sm-836">
         <name>ADC14_IRQHandler</name>
         <value>0x4a3f</value>
      </symbol>
      <symbol id="sm-837">
         <name>T32_INT1_IRQHandler</name>
         <value>0x20fd</value>
      </symbol>
      <symbol id="sm-838">
         <name>T32_INT2_IRQHandler</name>
         <value>0x21b9</value>
      </symbol>
      <symbol id="sm-839">
         <name>T32_INTC_IRQHandler</name>
         <value>0x4a3f</value>
      </symbol>
      <symbol id="sm-83a">
         <name>AES256_IRQHandler</name>
         <value>0x4a3f</value>
      </symbol>
      <symbol id="sm-83b">
         <name>RTC_C_IRQHandler</name>
         <value>0x4a3f</value>
      </symbol>
      <symbol id="sm-83c">
         <name>DMA_ERR_IRQHandler</name>
         <value>0x4a3f</value>
      </symbol>
      <symbol id="sm-83d">
         <name>DMA_INT3_IRQHandler</name>
         <value>0x4a3f</value>
      </symbol>
      <symbol id="sm-83e">
         <name>DMA_INT2_IRQHandler</name>
         <value>0x4a3f</value>
      </symbol>
      <symbol id="sm-83f">
         <name>DMA_INT1_IRQHandler</name>
         <value>0x4a3f</value>
      </symbol>
      <symbol id="sm-840">
         <name>DMA_INT0_IRQHandler</name>
         <value>0x4a3f</value>
      </symbol>
      <symbol id="sm-841">
         <name>PORT1_IRQHandler</name>
         <value>0x4a3f</value>
      </symbol>
      <symbol id="sm-842">
         <name>PORT2_IRQHandler</name>
         <value>0x1ed5</value>
      </symbol>
      <symbol id="sm-843">
         <name>PORT3_IRQHandler</name>
         <value>0x4a3f</value>
      </symbol>
      <symbol id="sm-844">
         <name>PORT4_IRQHandler</name>
         <value>0x4a3f</value>
      </symbol>
      <symbol id="sm-845">
         <name>PORT5_IRQHandler</name>
         <value>0x1ef3</value>
      </symbol>
      <symbol id="sm-846">
         <name>PORT6_IRQHandler</name>
         <value>0x4a3f</value>
      </symbol>
   </symbol_table>
   <title>Link successful</title>
</link_info>
