******************************************************************************
                  TI ARM Linker PC v18.1.3                     
******************************************************************************
>> Linked Wed Nov 28 16:32:38 2018

OUTPUT FILE NAME:   <EGR226_Final.out>
ENTRY POINT SYMBOL: "_c_int00_noargs"  address: 00005571


MEMORY CONFIGURATION

         name            origin    length      used     unused   attr    fill
----------------------  --------  ---------  --------  --------  ----  --------
  MAIN                  00000000   00040000  000058fd  0003a703  R  X
  INFO                  00200000   00004000  00000000  00004000  R  X
  SRAM_CODE             01000000   00010000  000005fc  0000fa04  RW X
  SRAM_DATA             20000000   00010000  000005fc  0000fa04  RW  


SEGMENT ALLOCATION MAP

run origin  load origin   length   init length attrs members
----------  ----------- ---------- ----------- ----- -------
00000000    00000000    00005900   00005900    r-x
  00000000    00000000    000000e4   000000e4    r-- .intvecs
  000000e4    000000e4    00005618   00005618    r-x .text
  000056fc    000056fc    00000101   00000101    r-- .const
  00005800    00005800    00000100   00000100    r-- .cinit
20000000    20000000    000003fc   00000000    rw-
  20000000    20000000    00000330   00000000    rw- .data
  20000330    20000330    000000cc   00000000    rw- .bss
2000fe00    2000fe00    00000200   00000000    rw-
  2000fe00    2000fe00    00000200   00000000    rw- .stack


SECTION ALLOCATION MAP

 output                                  attributes/
section   page    origin      length       input sections
--------  ----  ----------  ----------   ----------------
.intvecs   0    00000000    000000e4     
                  00000000    000000e4     startup_msp432p401r_ccs.obj (.intvecs:retain)

.text      0    000000e4    00005618     
                  000000e4    00003058     main.obj (.text)
                  0000313c    00000a5e     rtsv7M4_T_le_v4SPD16_eabi.lib : _printfi.c.obj (.text:__TI_printfi)
                  00003b9a    00000002                                   : div0.asm.obj (.text)
                  00003b9c    000003a0     LCD_Code.obj (.text)
                  00003f3c    00000334     system_msp432p401r.obj (.text)
                  00004270    00000270     rtsv7M4_T_le_v4SPD16_eabi.lib : _printfi.c.obj (.text:_pconv_a)
                  000044e0    000001d0                                   : _printfi.c.obj (.text:_pconv_g)
                  000046b0    000001b6                                   : fd_add_t2.asm.obj (.text)
                  00004866    00000002     --HOLE-- [fill = 0]
                  00004868    0000013c                                   : _printfi.c.obj (.text:_pconv_e)
                  000049a4    00000136                                   : fd_div_t2.asm.obj (.text)
                  00004ada    00000002     --HOLE-- [fill = 0]
                  00004adc    00000120                                   : _printfi.c.obj (.text:fcvt)
                  00004bfc    00000110                                   : s_scalbn.c.obj (.text:scalbn)
                  00004d0c    000000fc                                   : fd_mul_t2.asm.obj (.text)
                  00004e08    000000b1                                   : _printfi.c.obj (.text:_ltostr)
                  00004eb9    00000001     --HOLE-- [fill = 0]
                  00004eba    0000009c                                   : memcpy_t2.asm.obj (.text)
                  00004f56    00000096                                   : ull_div_t2.asm.obj (.text)
                  00004fec    00000086                                   : fd_cmp_t2.asm.obj (.text:__aeabi_cdcmple)
                  00005072    00000086                                   : fd_cmp_t2.asm.obj (.text:__aeabi_cdrcmple)
                  000050f8    0000007a                                   : memset_t2.asm.obj (.text)
                  00005172    0000006e                                   : _printfi.c.obj (.text:_mcpy)
                  000051e0    0000006e                                   : fd_tos_t2.asm.obj (.text)
                  0000524e    00000068                                   : copy_decompress_lzss.c.obj (.text:decompress:lzss:__TI_decompress_lzss)
                  000052b6    00000002     --HOLE-- [fill = 0]
                  000052b8    00000064                                   : s_frexp.c.obj (.text:frexp)
                  0000531c    00000056                                   : _printfi.c.obj (.text:_pconv_f)
                  00005372    00000054                                   : ltoa.c.obj (.text:ltoa)
                  000053c6    00000052                                   : _printfi.c.obj (.text:_ecpy)
                  00005418    0000004c                                   : atoi.c.obj (.text:atoi)
                  00005464    00000048                                   : fd_toi_t2.asm.obj (.text)
                  000054ac    00000044                                   : autoinit.c.obj (.text:__TI_auto_init_nobinit_nopinit:__TI_auto_init_nobinit_nopinit)
                  000054f0    00000040                                   : sprintf.c.obj (.text:sprintf)
                  00005530    0000003e                                   : _printfi.c.obj (.text:_fcpy)
                  0000556e    00000002     --HOLE-- [fill = 0]
                  00005570    00000038                                   : boot_cortex_m.c.obj (.text:_c_int00_noargs:_c_int00_noargs)
                  000055a8    00000038                                   : fs_tod_t2.asm.obj (.text)
                  000055e0    0000002e                                   : i_tofd_t2.asm.obj (.text)
                  0000560e    00000020                                   : u_tofd_t2.asm.obj (.text)
                  0000562e    0000001c                                   : memccpy.c.obj (.text:memccpy)
                  0000564a    00000018                                   : sprintf.c.obj (.text:_outs)
                  00005662    00000016                                   : strchr.c.obj (.text:strchr)
                  00005678    00000014                                   : s_copysign.c.obj (.text:copysign)
                  0000568c    00000014                                   : strlen.c.obj (.text:strlen)
                  000056a0    00000012                                   : copy_zero_init.c.obj (.text:decompress:ZI:__TI_zero_init_nomemset:__TI_zero_init_nomemset)
                  000056b2    00000012                                   : wcslen.c.obj (.text:wcslen)
                  000056c4    0000000e                                   : copy_decompress_none.c.obj (.text:decompress:none:__TI_decompress_none)
                  000056d2    0000000e     startup_msp432p401r_ccs.obj (.text)
                  000056e0    0000000a     rtsv7M4_T_le_v4SPD16_eabi.lib : sprintf.c.obj (.text:_outc)
                  000056ea    00000002     --HOLE-- [fill = 0]
                  000056ec    00000008                                   : errno.c.obj (.text:__aeabi_errno_addr)
                  000056f4    00000004                                   : pre_init.c.obj (.text:_system_pre_init)
                  000056f8    00000004                                   : exit.c.obj (.text:abort:abort)

.const     0    000056fc    00000101     
                  000056fc    00000101     rtsv7M4_T_le_v4SPD16_eabi.lib : ctype.c.obj (.const:.string:_ctypes_)

.cinit     0    00005800    00000100     
                  00005800    000000d6     (.cinit..data.load) [load image, compression = lzss]
                  000058d6    00000002     --HOLE-- [fill = 0]
                  000058d8    0000000c     (__TI_handler_table)
                  000058e4    00000004     --HOLE-- [fill = 0]
                  000058e8    00000008     (.cinit..bss.load) [load image, compression = zero_init]
                  000058f0    00000010     (__TI_cinit_table)

.init_array 
*          0    00000000    00000000     UNINITIALIZED

.binit     0    00000000    00000000     

.data      0    20000000    00000330     UNINITIALIZED
                  20000000    00000250     main.obj (.data:music_note_sequence)
                  20000250    0000006e     main.obj (.data)
                  200002be    00000002     --HOLE--
                  200002c0    00000018     main.obj (.data:music_note_sequence_A)
                  200002d8    00000010     main.obj (.data:Str1)
                  200002e8    00000010     main.obj (.data:Str2)
                  200002f8    00000010     main.obj (.data:Str3)
                  20000308    00000010     main.obj (.data:Str4)
                  20000318    00000010     main.obj (.data:Str5)
                  20000328    00000004     rtsv7M4_T_le_v4SPD16_eabi.lib : errno.c.obj (.data)
                  2000032c    00000004     system_msp432p401r.obj (.data)

.bss       0    20000330    000000cc     UNINITIALIZED
                  20000330    00000064     (.common:INPUT_BUFFER)
                  20000394    00000064     (.common:string)
                  200003f8    00000004     main.obj (.bss)

.stack     0    2000fe00    00000200     UNINITIALIZED
                  2000fe00    00000004     rtsv7M4_T_le_v4SPD16_eabi.lib : boot_cortex_m.c.obj (.stack)
                  2000fe04    000001fc     --HOLE--

MODULE SUMMARY

       Module                        code    ro data   rw data
       ------                        ----    -------   -------
    .\
       main.obj                      12376   0         2020   
       LCD_Code.obj                  928     0         0      
       system_msp432p401r.obj        820     0         8      
       startup_msp432p401r_ccs.obj   14      228       0      
    +--+-----------------------------+-------+---------+---------+
       Total:                        14138   228       2028   
                                                              
    C:\ti\ccsv8\tools\compiler\ti-cgt-arm_18.1.3.LTS\lib\rtsv7M4_T_le_v4SPD16_eabi.lib
       _printfi.c.obj                4863    0         0      
       fd_add_t2.asm.obj             438     0         0      
       fd_div_t2.asm.obj             310     0         0      
       s_scalbn.c.obj                272     0         0      
       fd_cmp_t2.asm.obj             268     0         0      
       ctype.c.obj                   0       257       0      
       fd_mul_t2.asm.obj             252     0         0      
       memcpy_t2.asm.obj             156     0         0      
       ull_div_t2.asm.obj            150     0         0      
       memset_t2.asm.obj             122     0         0      
       fd_tos_t2.asm.obj             110     0         0      
       copy_decompress_lzss.c.obj    104     0         0      
       s_frexp.c.obj                 100     0         0      
       sprintf.c.obj                 98      0         0      
       ltoa.c.obj                    84      0         0      
       atoi.c.obj                    76      0         0      
       fd_toi_t2.asm.obj             72      0         0      
       autoinit.c.obj                68      0         0      
       boot_cortex_m.c.obj           56      0         0      
       fs_tod_t2.asm.obj             56      0         0      
       i_tofd_t2.asm.obj             46      0         0      
       u_tofd_t2.asm.obj             32      0         0      
       memccpy.c.obj                 28      0         0      
       strchr.c.obj                  22      0         0      
       s_copysign.c.obj              20      0         0      
       strlen.c.obj                  20      0         0      
       copy_zero_init.c.obj          18      0         0      
       wcslen.c.obj                  18      0         0      
       errno.c.obj                   8       0         8      
       copy_decompress_none.c.obj    14      0         0      
       exit.c.obj                    4       0         0      
       pre_init.c.obj                4       0         0      
       div0.asm.obj                  2       0         0      
    +--+-----------------------------+-------+---------+---------+
       Total:                        7891    257       8      
                                                              
       Stack:                        0       0         1024   
       Linker Generated:             0       250       0      
    +--+-----------------------------+-------+---------+---------+
       Grand Total:                  22029   735       3060   


LINKER GENERATED COPY TABLES

__TI_cinit_table @ 000058f0 records: 2, size/record: 8, table size: 16
	.data: load addr=00005800, load size=000000d6 bytes, run addr=20000000, run size=00000330 bytes, compression=lzss
	.bss: load addr=000058e8, load size=00000008 bytes, run addr=20000330, run size=000000cc bytes, compression=zero_init


LINKER GENERATED HANDLER TABLE

__TI_handler_table @ 000058d8 records: 3, size/record: 4, table size: 12
	index: 0, handler: __TI_decompress_lzss
	index: 1, handler: __TI_decompress_none
	index: 2, handler: __TI_zero_init


GLOBAL SYMBOLS: SORTED ALPHABETICALLY BY Name 

address   name                          
-------   ----                          
000056df  ADC14_IRQHandler              
000056df  AES256_IRQHandler             
20000278  Ala_Time                      
20000290  AlarmGoingOff                 
200002a0  Alarm_Status                  
2000026c  Alr_Hour                      
20000270  Alr_Min                       
200002ac  Brightness                    
000056df  BusFault_Handler              
200002b4  Button                        
000056f9  C$$EXIT                       
000056df  COMP_E0_IRQHandler            
000056df  COMP_E1_IRQHandler            
000056df  CS_IRQHandler                 
20000260  Clk_Hour                      
20000264  Clk_Min                       
20000268  Clk_Sec                       
2000027c  Clk_Time                      
00001f55  Clock_Function                
00003bef  ComWrite                      
000056df  DMA_ERR_IRQHandler            
000056df  DMA_INT0_IRQHandler           
000056df  DMA_INT1_IRQHandler           
000056df  DMA_INT2_IRQHandler           
000056df  DMA_INT3_IRQHandler           
00003c09  DataWrite                     
000056df  DebugMon_Handler              
000056df  Default_Handler               
00003031  EUSCIA0_IRQHandler            
00003031  EUSCIA0_IRQHandler            
000056df  EUSCIA1_IRQHandler            
000056df  EUSCIA2_IRQHandler            
000056df  EUSCIA3_IRQHandler            
000056df  EUSCIB0_IRQHandler            
000056df  EUSCIB1_IRQHandler            
000056df  EUSCIB2_IRQHandler            
000056df  EUSCIB3_IRQHandler            
000056df  FLCTL_IRQHandler              
000056df  FPU_IRQHandler                
200002b0  Flag                          
00001cc1  GetBacklight                  
00001d61  GetTemp                       
000056df  HardFault_Handler             
20000294  Hour                          
20000330  INPUT_BUFFER                  
00002a35  InitInterrupts                
00002bc5  Init_ADC14                    
20000274  Light_Time                    
20000280  Light_Time_Flag               
000056df  MemManage_Handler             
000056df  NMI_Handler                   
000056df  PCM_IRQHandler                
000029fd  PORT1_IRQHandler              
000029fd  PORT1_IRQHandler              
00002699  PORT2_IRQHandler              
00002699  PORT2_IRQHandler              
000056df  PORT3_IRQHandler              
000056df  PORT4_IRQHandler              
000025f9  PORT5_IRQHandler              
000025f9  PORT5_IRQHandler              
000056df  PORT6_IRQHandler              
000056df  PSS_IRQHandler                
000056df  PendSV_Handler                
20000284  PreAlr_Hour                   
20000288  PreAlr_Min                    
00003bc9  PrintString                   
00003b9d  PrintStringWithLength         
00001e29  Print_To_LCD                  
00003c83  PulseE                        
000056df  RTC_C_IRQHandler              
000056d3  Reset_Handler                 
000056df  SVC_Handler                   
200002b8  Serial_Var                    
00002c3b  SetUpTimer32ForCounter        
00003d35  SetupLCD                      
00003db5  SetupPort4                    
00003ee3  SetupSysTick                  
00002ecd  SetupTimer32ForAlarm          
2000025c  Speed_Flag                    
00002271  Store_Alarm_Status            
00002331  Store_Time                    
200002d8  Str1                          
200002e8  Str2                          
200002f8  Str3                          
20000308  Str4                          
20000318  Str5                          
000056df  SysTick_Handler               
2000032c  SystemCoreClock               
00003f3d  SystemCoreClockUpdate         
000041b5  SystemInit                    
00002c0f  T32_INT1_IRQHandler           
00002c0f  T32_INT1_IRQHandler           
00002cbd  T32_INT2_IRQHandler           
00002cbd  T32_INT2_IRQHandler           
000056df  T32_INTC_IRQHandler           
000056df  TA0_0_IRQHandler              
00002eb9  TA0_N_IRQHandler              
00002eb9  TA0_N_IRQHandler              
000056df  TA1_0_IRQHandler              
000056df  TA1_N_IRQHandler              
000056df  TA2_0_IRQHandler              
000056df  TA2_N_IRQHandler              
00001ca3  TA3_0_IRQHandler              
00001ca3  TA3_0_IRQHandler              
000056df  TA3_N_IRQHandler              
0000259d  TimerALEDInit                 
000056df  UsageFault_Handler            
4000480c  WDTCTL_SYM                    
000056df  WDT_A_IRQHandler              
20010000  __STACK_END                   
00000200  __STACK_SIZE                  
000058f0  __TI_CINIT_Base               
00005900  __TI_CINIT_Limit              
000058d8  __TI_Handler_Table_Base       
000058e4  __TI_Handler_Table_Limit      
000054ad  __TI_auto_init_nobinit_nopinit
0000524f  __TI_decompress_lzss          
000056c5  __TI_decompress_none          
ffffffff  __TI_pprof_out_hndl           
0000313d  __TI_printfi                  
ffffffff  __TI_prof_data_size           
ffffffff  __TI_prof_data_start          
00000000  __TI_static_base__            
000056a1  __TI_zero_init_nomemset       
00004fed  __aeabi_cdcmpeq               
00004fed  __aeabi_cdcmple               
00005073  __aeabi_cdrcmple              
000051e1  __aeabi_d2f                   
00005465  __aeabi_d2iz                  
000046bb  __aeabi_dadd                  
000049a5  __aeabi_ddiv                  
00004d0d  __aeabi_dmul                  
000046b1  __aeabi_dsub                  
000056ed  __aeabi_errno_addr            
000055a9  __aeabi_f2d                   
000055e1  __aeabi_i2d                   
00003b9b  __aeabi_idiv0                 
00003b9b  __aeabi_ldiv0                 
000050f9  __aeabi_memclr                
000050f9  __aeabi_memclr4               
000050f9  __aeabi_memclr8               
00004ebb  __aeabi_memcpy                
00004ebb  __aeabi_memcpy4               
00004ebb  __aeabi_memcpy8               
000050fb  __aeabi_memset                
000050fb  __aeabi_memset4               
000050fb  __aeabi_memset8               
0000560f  __aeabi_ui2d                  
00004f57  __aeabi_uldivmod              
ffffffff  __binit__                     
ffffffff  __c_args__                    
UNDEFED   __mpu_init                    
2000fe00  __stack                       
00005571  _c_int00_noargs               
000056fc  _ctypes_                      
UNDEFED   _system_post_cinit            
000056f5  _system_pre_init              
000056f9  abort                         
00005419  atoi                          
200002a4  b                             
ffffffff  binit                         
20000254  breath                        
00005679  copysign                      
00005679  copysignl                     
2000028c  counter                       
00003cb7  delay_micro                   
00003cf5  delay_milli                   
20000328  errno                         
000052b9  frexp                         
000052b9  frexpl                        
00000000  interruptVectors              
00004bfd  ldexp                         
00004bfd  ldexpl                        
00005373  ltoa                          
00000115  main                          
0000562f  memccpy                       
00004ebb  memcpy                        
00005101  memset                        
20000000  music_note_sequence           
200002c0  music_note_sequence_A         
20000250  note                          
20000298  previous                      
00003c23  pushByte                      
00003c5b  pushNibble                    
00002fb1  readInput                     
200002bd  read_location                 
00004bfd  scalbn                        
00004bfd  scalbnl                       
20000258  second                        
00003081  setupSerial                   
000054f1  sprintf                       
200002bc  storage_location              
00005663  strchr                        
20000394  string                        
0000568d  strlen                        
200002a8  time_on                       
000056b3  wcslen                        
00002f51  writeOutput                   


GLOBAL SYMBOLS: SORTED BY Symbol Address 

address   name                          
-------   ----                          
00000000  __TI_static_base__            
00000000  interruptVectors              
00000115  main                          
00000200  __STACK_SIZE                  
00001ca3  TA3_0_IRQHandler              
00001ca3  TA3_0_IRQHandler              
00001cc1  GetBacklight                  
00001d61  GetTemp                       
00001e29  Print_To_LCD                  
00001f55  Clock_Function                
00002271  Store_Alarm_Status            
00002331  Store_Time                    
0000259d  TimerALEDInit                 
000025f9  PORT5_IRQHandler              
000025f9  PORT5_IRQHandler              
00002699  PORT2_IRQHandler              
00002699  PORT2_IRQHandler              
000029fd  PORT1_IRQHandler              
000029fd  PORT1_IRQHandler              
00002a35  InitInterrupts                
00002bc5  Init_ADC14                    
00002c0f  T32_INT1_IRQHandler           
00002c0f  T32_INT1_IRQHandler           
00002c3b  SetUpTimer32ForCounter        
00002cbd  T32_INT2_IRQHandler           
00002cbd  T32_INT2_IRQHandler           
00002eb9  TA0_N_IRQHandler              
00002eb9  TA0_N_IRQHandler              
00002ecd  SetupTimer32ForAlarm          
00002f51  writeOutput                   
00002fb1  readInput                     
00003031  EUSCIA0_IRQHandler            
00003031  EUSCIA0_IRQHandler            
00003081  setupSerial                   
0000313d  __TI_printfi                  
00003b9b  __aeabi_idiv0                 
00003b9b  __aeabi_ldiv0                 
00003b9d  PrintStringWithLength         
00003bc9  PrintString                   
00003bef  ComWrite                      
00003c09  DataWrite                     
00003c23  pushByte                      
00003c5b  pushNibble                    
00003c83  PulseE                        
00003cb7  delay_micro                   
00003cf5  delay_milli                   
00003d35  SetupLCD                      
00003db5  SetupPort4                    
00003ee3  SetupSysTick                  
00003f3d  SystemCoreClockUpdate         
000041b5  SystemInit                    
000046b1  __aeabi_dsub                  
000046bb  __aeabi_dadd                  
000049a5  __aeabi_ddiv                  
00004bfd  ldexp                         
00004bfd  ldexpl                        
00004bfd  scalbn                        
00004bfd  scalbnl                       
00004d0d  __aeabi_dmul                  
00004ebb  __aeabi_memcpy                
00004ebb  __aeabi_memcpy4               
00004ebb  __aeabi_memcpy8               
00004ebb  memcpy                        
00004f57  __aeabi_uldivmod              
00004fed  __aeabi_cdcmpeq               
00004fed  __aeabi_cdcmple               
00005073  __aeabi_cdrcmple              
000050f9  __aeabi_memclr                
000050f9  __aeabi_memclr4               
000050f9  __aeabi_memclr8               
000050fb  __aeabi_memset                
000050fb  __aeabi_memset4               
000050fb  __aeabi_memset8               
00005101  memset                        
000051e1  __aeabi_d2f                   
0000524f  __TI_decompress_lzss          
000052b9  frexp                         
000052b9  frexpl                        
00005373  ltoa                          
00005419  atoi                          
00005465  __aeabi_d2iz                  
000054ad  __TI_auto_init_nobinit_nopinit
000054f1  sprintf                       
00005571  _c_int00_noargs               
000055a9  __aeabi_f2d                   
000055e1  __aeabi_i2d                   
0000560f  __aeabi_ui2d                  
0000562f  memccpy                       
00005663  strchr                        
00005679  copysign                      
00005679  copysignl                     
0000568d  strlen                        
000056a1  __TI_zero_init_nomemset       
000056b3  wcslen                        
000056c5  __TI_decompress_none          
000056d3  Reset_Handler                 
000056df  ADC14_IRQHandler              
000056df  AES256_IRQHandler             
000056df  BusFault_Handler              
000056df  COMP_E0_IRQHandler            
000056df  COMP_E1_IRQHandler            
000056df  CS_IRQHandler                 
000056df  DMA_ERR_IRQHandler            
000056df  DMA_INT0_IRQHandler           
000056df  DMA_INT1_IRQHandler           
000056df  DMA_INT2_IRQHandler           
000056df  DMA_INT3_IRQHandler           
000056df  DebugMon_Handler              
000056df  Default_Handler               
000056df  EUSCIA1_IRQHandler            
000056df  EUSCIA2_IRQHandler            
000056df  EUSCIA3_IRQHandler            
000056df  EUSCIB0_IRQHandler            
000056df  EUSCIB1_IRQHandler            
000056df  EUSCIB2_IRQHandler            
000056df  EUSCIB3_IRQHandler            
000056df  FLCTL_IRQHandler              
000056df  FPU_IRQHandler                
000056df  HardFault_Handler             
000056df  MemManage_Handler             
000056df  NMI_Handler                   
000056df  PCM_IRQHandler                
000056df  PORT3_IRQHandler              
000056df  PORT4_IRQHandler              
000056df  PORT6_IRQHandler              
000056df  PSS_IRQHandler                
000056df  PendSV_Handler                
000056df  RTC_C_IRQHandler              
000056df  SVC_Handler                   
000056df  SysTick_Handler               
000056df  T32_INTC_IRQHandler           
000056df  TA0_0_IRQHandler              
000056df  TA1_0_IRQHandler              
000056df  TA1_N_IRQHandler              
000056df  TA2_0_IRQHandler              
000056df  TA2_N_IRQHandler              
000056df  TA3_N_IRQHandler              
000056df  UsageFault_Handler            
000056df  WDT_A_IRQHandler              
000056ed  __aeabi_errno_addr            
000056f5  _system_pre_init              
000056f9  C$$EXIT                       
000056f9  abort                         
000056fc  _ctypes_                      
000058d8  __TI_Handler_Table_Base       
000058e4  __TI_Handler_Table_Limit      
000058f0  __TI_CINIT_Base               
00005900  __TI_CINIT_Limit              
20000000  music_note_sequence           
20000250  note                          
20000254  breath                        
20000258  second                        
2000025c  Speed_Flag                    
20000260  Clk_Hour                      
20000264  Clk_Min                       
20000268  Clk_Sec                       
2000026c  Alr_Hour                      
20000270  Alr_Min                       
20000274  Light_Time                    
20000278  Ala_Time                      
2000027c  Clk_Time                      
20000280  Light_Time_Flag               
20000284  PreAlr_Hour                   
20000288  PreAlr_Min                    
2000028c  counter                       
20000290  AlarmGoingOff                 
20000294  Hour                          
20000298  previous                      
200002a0  Alarm_Status                  
200002a4  b                             
200002a8  time_on                       
200002ac  Brightness                    
200002b0  Flag                          
200002b4  Button                        
200002b8  Serial_Var                    
200002bc  storage_location              
200002bd  read_location                 
200002c0  music_note_sequence_A         
200002d8  Str1                          
200002e8  Str2                          
200002f8  Str3                          
20000308  Str4                          
20000318  Str5                          
20000328  errno                         
2000032c  SystemCoreClock               
20000330  INPUT_BUFFER                  
20000394  string                        
2000fe00  __stack                       
20010000  __STACK_END                   
4000480c  WDTCTL_SYM                    
ffffffff  __TI_pprof_out_hndl           
ffffffff  __TI_prof_data_size           
ffffffff  __TI_prof_data_start          
ffffffff  __binit__                     
ffffffff  __c_args__                    
ffffffff  binit                         
UNDEFED   __mpu_init                    
UNDEFED   _system_post_cinit            

[198 symbols]
