******************************************************************************
                  TI ARM Linker PC v18.1.3                     
******************************************************************************
>> Linked Mon Nov 26 16:38:29 2018

OUTPUT FILE NAME:   <EGR226_Final.out>
ENTRY POINT SYMBOL: "_c_int00_noargs"  address: 000048d1


MEMORY CONFIGURATION

         name            origin    length      used     unused   attr    fill
----------------------  --------  ---------  --------  --------  ----  --------
  MAIN                  00000000   00040000  00004c65  0003b39b  R  X
  INFO                  00200000   00004000  00000000  00004000  R  X
  SRAM_CODE             01000000   00010000  00000597  0000fa69  RW X
  SRAM_DATA             20000000   00010000  00000597  0000fa69  RW  


SEGMENT ALLOCATION MAP

run origin  load origin   length   init length attrs members
----------  ----------- ---------- ----------- ----- -------
00000000    00000000    00004c68   00004c68    r-x
  00000000    00000000    000000e4   000000e4    r-- .intvecs
  000000e4    000000e4    00004978   00004978    r-x .text
  00004a5c    00004a5c    00000101   00000101    r-- .const
  00004b60    00004b60    00000108   00000108    r-- .cinit
20000000    20000000    0000039a   00000000    rw-
  20000000    20000000    0000032d   00000000    rw- .data
  20000330    20000330    0000006a   00000000    rw- .bss
2000fe00    2000fe00    00000200   00000000    rw-
  2000fe00    2000fe00    00000200   00000000    rw- .stack


SECTION ALLOCATION MAP

 output                                  attributes/
section   page    origin      length       input sections
--------  ----  ----------  ----------   ----------------
.intvecs   0    00000000    000000e4     
                  00000000    000000e4     startup_msp432p401r_ccs.obj (.intvecs:retain)

.text      0    000000e4    00004978     
                  000000e4    000023b8     main.obj (.text)
                  0000249c    00000a5e     rtsv7M4_T_le_v4SPD16_eabi.lib : _printfi.c.obj (.text:__TI_printfi)
                  00002efa    00000002                                   : div0.asm.obj (.text)
                  00002efc    000003a0     LCD_Code.obj (.text)
                  0000329c    00000334     system_msp432p401r.obj (.text)
                  000035d0    00000270     rtsv7M4_T_le_v4SPD16_eabi.lib : _printfi.c.obj (.text:_pconv_a)
                  00003840    000001d0                                   : _printfi.c.obj (.text:_pconv_g)
                  00003a10    000001b6                                   : fd_add_t2.asm.obj (.text)
                  00003bc6    00000002     --HOLE-- [fill = 0]
                  00003bc8    0000013c                                   : _printfi.c.obj (.text:_pconv_e)
                  00003d04    00000136                                   : fd_div_t2.asm.obj (.text)
                  00003e3a    00000002     --HOLE-- [fill = 0]
                  00003e3c    00000120                                   : _printfi.c.obj (.text:fcvt)
                  00003f5c    00000110                                   : s_scalbn.c.obj (.text:scalbn)
                  0000406c    000000fc                                   : fd_mul_t2.asm.obj (.text)
                  00004168    000000b1                                   : _printfi.c.obj (.text:_ltostr)
                  00004219    00000001     --HOLE-- [fill = 0]
                  0000421a    0000009c                                   : memcpy_t2.asm.obj (.text)
                  000042b6    00000096                                   : ull_div_t2.asm.obj (.text)
                  0000434c    00000086                                   : fd_cmp_t2.asm.obj (.text:__aeabi_cdcmple)
                  000043d2    00000086                                   : fd_cmp_t2.asm.obj (.text:__aeabi_cdrcmple)
                  00004458    0000007a                                   : memset_t2.asm.obj (.text)
                  000044d2    0000006e                                   : _printfi.c.obj (.text:_mcpy)
                  00004540    0000006e                                   : fd_tos_t2.asm.obj (.text)
                  000045ae    00000068                                   : copy_decompress_lzss.c.obj (.text:decompress:lzss:__TI_decompress_lzss)
                  00004616    00000002     --HOLE-- [fill = 0]
                  00004618    00000064                                   : s_frexp.c.obj (.text:frexp)
                  0000467c    00000056                                   : _printfi.c.obj (.text:_pconv_f)
                  000046d2    00000054                                   : ltoa.c.obj (.text:ltoa)
                  00004726    00000052                                   : _printfi.c.obj (.text:_ecpy)
                  00004778    0000004c                                   : atoi.c.obj (.text:atoi)
                  000047c4    00000048                                   : fd_toi_t2.asm.obj (.text)
                  0000480c    00000044                                   : autoinit.c.obj (.text:__TI_auto_init_nobinit_nopinit:__TI_auto_init_nobinit_nopinit)
                  00004850    00000040                                   : sprintf.c.obj (.text:sprintf)
                  00004890    0000003e                                   : _printfi.c.obj (.text:_fcpy)
                  000048ce    00000002     --HOLE-- [fill = 0]
                  000048d0    00000038                                   : boot_cortex_m.c.obj (.text:_c_int00_noargs:_c_int00_noargs)
                  00004908    00000038                                   : fs_tod_t2.asm.obj (.text)
                  00004940    0000002e                                   : i_tofd_t2.asm.obj (.text)
                  0000496e    00000020                                   : u_tofd_t2.asm.obj (.text)
                  0000498e    0000001c                                   : memccpy.c.obj (.text:memccpy)
                  000049aa    00000018                                   : sprintf.c.obj (.text:_outs)
                  000049c2    00000016                                   : strchr.c.obj (.text:strchr)
                  000049d8    00000014                                   : s_copysign.c.obj (.text:copysign)
                  000049ec    00000014                                   : strlen.c.obj (.text:strlen)
                  00004a00    00000012                                   : copy_zero_init.c.obj (.text:decompress:ZI:__TI_zero_init_nomemset:__TI_zero_init_nomemset)
                  00004a12    00000012                                   : wcslen.c.obj (.text:wcslen)
                  00004a24    0000000e                                   : copy_decompress_none.c.obj (.text:decompress:none:__TI_decompress_none)
                  00004a32    0000000e     startup_msp432p401r_ccs.obj (.text)
                  00004a40    0000000a     rtsv7M4_T_le_v4SPD16_eabi.lib : sprintf.c.obj (.text:_outc)
                  00004a4a    00000002     --HOLE-- [fill = 0]
                  00004a4c    00000008                                   : errno.c.obj (.text:__aeabi_errno_addr)
                  00004a54    00000004                                   : pre_init.c.obj (.text:_system_pre_init)
                  00004a58    00000004                                   : exit.c.obj (.text:abort:abort)

.const     0    00004a5c    00000101     
                  00004a5c    00000101     rtsv7M4_T_le_v4SPD16_eabi.lib : ctype.c.obj (.const:.string:_ctypes_)

.cinit     0    00004b60    00000108     
                  00004b60    000000de     (.cinit..data.load) [load image, compression = lzss]
                  00004c3e    00000002     --HOLE-- [fill = 0]
                  00004c40    0000000c     (__TI_handler_table)
                  00004c4c    00000004     --HOLE-- [fill = 0]
                  00004c50    00000008     (.cinit..bss.load) [load image, compression = zero_init]
                  00004c58    00000010     (__TI_cinit_table)

.init_array 
*          0    00000000    00000000     UNINITIALIZED

.binit     0    00000000    00000000     

.data      0    20000000    0000032d     UNINITIALIZED
                  20000000    00000258     main.obj (.data:music_note_sequence)
                  20000258    00000084     main.obj (.data)
                  200002dc    00000018     main.obj (.data:music_note_sequence_A)
                  200002f4    00000010     main.obj (.data:Str1)
                  20000304    00000010     main.obj (.data:Str2)
                  20000314    00000010     main.obj (.data:Str3)
                  20000324    00000004     rtsv7M4_T_le_v4SPD16_eabi.lib : errno.c.obj (.data)
                  20000328    00000004     system_msp432p401r.obj (.data)
                  2000032c    00000001     main.obj (.data:Str4)

.bss       0    20000330    0000006a     UNINITIALIZED
                  20000330    00000064     (.common:INPUT_BUFFER)
                  20000394    00000004     (.common:second)
                  20000398    00000002     main.obj (.bss)

.stack     0    2000fe00    00000200     UNINITIALIZED
                  2000fe00    00000004     rtsv7M4_T_le_v4SPD16_eabi.lib : boot_cortex_m.c.obj (.stack)
                  2000fe04    000001fc     --HOLE--

MODULE SUMMARY

       Module                        code    ro data   rw data
       ------                        ----    -------   -------
    .\
       main.obj                      9144    0         1822   
       LCD_Code.obj                  928     0         0      
       system_msp432p401r.obj        820     0         8      
       startup_msp432p401r_ccs.obj   14      228       0      
    +--+-----------------------------+-------+---------+---------+
       Total:                        10906   228       1830   
                                                              
    C:\ti\ccsv8\tools\compiler\ti-cgt-arm_18.1.3.LTS\lib\rtsv7M4_T_le_v4SPD16_eabi.lib
       _printfi.c.obj                4863    0         0      
       fd_add_t2.asm.obj             438     0         0      
       fd_div_t2.asm.obj             310     0         0      
       s_scalbn.c.obj                272     0         0      
       fd_cmp_t2.asm.obj             268     0         0      
       ctype.c.obj                   0       257       0      
       fd_mul_t2.asm.obj             252     0         0      
       memcpy_t2.asm.obj             156     0         0      
       ull_div_t2.asm.obj            150     0         0      
       memset_t2.asm.obj             122     0         0      
       fd_tos_t2.asm.obj             110     0         0      
       copy_decompress_lzss.c.obj    104     0         0      
       s_frexp.c.obj                 100     0         0      
       sprintf.c.obj                 98      0         0      
       ltoa.c.obj                    84      0         0      
       atoi.c.obj                    76      0         0      
       fd_toi_t2.asm.obj             72      0         0      
       autoinit.c.obj                68      0         0      
       boot_cortex_m.c.obj           56      0         0      
       fs_tod_t2.asm.obj             56      0         0      
       i_tofd_t2.asm.obj             46      0         0      
       u_tofd_t2.asm.obj             32      0         0      
       memccpy.c.obj                 28      0         0      
       strchr.c.obj                  22      0         0      
       s_copysign.c.obj              20      0         0      
       strlen.c.obj                  20      0         0      
       copy_zero_init.c.obj          18      0         0      
       wcslen.c.obj                  18      0         0      
       errno.c.obj                   8       0         8      
       copy_decompress_none.c.obj    14      0         0      
       exit.c.obj                    4       0         0      
       pre_init.c.obj                4       0         0      
       div0.asm.obj                  2       0         0      
    +--+-----------------------------+-------+---------+---------+
       Total:                        7891    257       8      
                                                              
       Stack:                        0       0         1024   
       Linker Generated:             0       258       0      
    +--+-----------------------------+-------+---------+---------+
       Grand Total:                  18797   743       2862   


LINKER GENERATED COPY TABLES

__TI_cinit_table @ 00004c58 records: 2, size/record: 8, table size: 16
	.data: load addr=00004b60, load size=000000de bytes, run addr=20000000, run size=0000032d bytes, compression=lzss
	.bss: load addr=00004c50, load size=00000008 bytes, run addr=20000330, run size=0000006a bytes, compression=zero_init


LINKER GENERATED HANDLER TABLE

__TI_handler_table @ 00004c40 records: 3, size/record: 4, table size: 12
	index: 0, handler: __TI_decompress_lzss
	index: 1, handler: __TI_decompress_none
	index: 2, handler: __TI_zero_init


GLOBAL SYMBOLS: SORTED ALPHABETICALLY BY Name 

address   name                          
-------   ----                          
00004a3f  ADC14_IRQHandler              
00004a3f  AES256_IRQHandler             
20000284  Ala_Time                      
20000290  AlarmGoingOff                 
20000298  Alarm_Status                  
20000274  Alr_Hour                      
20000278  Alr_Min                       
2000027c  Alr_Min09                     
200002a0  Brightness                    
00004a3f  BusFault_Handler              
00004a59  C$$EXIT                       
00004a3f  COMP_E0_IRQHandler            
00004a3f  COMP_E1_IRQHandler            
00004a3f  CS_IRQHandler                 
20000264  Clk_Hour                      
20000268  Clk_Min                       
2000026c  Clk_Min09                     
20000270  Clk_Sec                       
20000288  Clk_Time                      
00002f4f  ComWrite                      
00004a3f  DMA_ERR_IRQHandler            
00004a3f  DMA_INT0_IRQHandler           
00004a3f  DMA_INT1_IRQHandler           
00004a3f  DMA_INT2_IRQHandler           
00004a3f  DMA_INT3_IRQHandler           
00002f69  DataWrite                     
00004a3f  DebugMon_Handler              
00004a3f  Default_Handler               
00004a3f  EUSCIA0_IRQHandler            
00004a3f  EUSCIA1_IRQHandler            
00004a3f  EUSCIA2_IRQHandler            
00004a3f  EUSCIA3_IRQHandler            
00004a3f  EUSCIB0_IRQHandler            
00004a3f  EUSCIB1_IRQHandler            
00004a3f  EUSCIB2_IRQHandler            
00004a3f  EUSCIB3_IRQHandler            
00004a3f  FLCTL_IRQHandler              
00004a3f  FPU_IRQHandler                
00004a3f  HardFault_Handler             
200002a8  Hour                          
20000330  INPUT_BUFFER                  
00001f11  InitHiddenButtons             
00001f69  InitInterrupts                
000020ad  Init_ADC14                    
20000280  Light_Time                    
00004a3f  MemManage_Handler             
00004a3f  NMI_Handler                   
200002c5  On_Off_Flag                   
00004a3f  PCM_IRQHandler                
00004a3f  PORT1_IRQHandler              
00001ed5  PORT2_IRQHandler              
00001ed5  PORT2_IRQHandler              
00004a3f  PORT3_IRQHandler              
00004a3f  PORT4_IRQHandler              
00001ef3  PORT5_IRQHandler              
00001ef3  PORT5_IRQHandler              
00004a3f  PORT6_IRQHandler              
00004a3f  PSS_IRQHandler                
00004a3f  PendSV_Handler                
00002f29  PrintString                   
00002efd  PrintStringWithLength         
00002fe3  PulseE                        
00004a3f  RTC_C_IRQHandler              
200002b8  Read_Alr_Hour                 
200002bc  Read_Alr_Min                  
200002ac  Read_Clk_Hour                 
200002b0  Read_Clk_Min                  
200002b4  Read_Clk_Sec                  
00004a33  Reset_Handler                 
00004a3f  SVC_Handler                   
00002115  SetUpTimer32ForCounter        
200002c3  Set_Alarm_Flag                
200002c2  Set_Time_Flag                 
00003095  SetupLCD                      
00003115  SetupPort4                    
00003243  SetupSysTick                  
000023d1  SetupTimer32ForAlarm          
200002c4  Snooze_Flag                   
20000260  Speed                         
200002f4  Str1                          
20000304  Str2                          
20000314  Str3                          
2000032c  Str4                          
00004a3f  SysTick_Handler               
20000328  SystemCoreClock               
0000329d  SystemCoreClockUpdate         
00003515  SystemInit                    
000020fd  T32_INT1_IRQHandler           
000020fd  T32_INT1_IRQHandler           
000021b9  T32_INT2_IRQHandler           
000021b9  T32_INT2_IRQHandler           
00004a3f  T32_INTC_IRQHandler           
00004a3f  TA0_0_IRQHandler              
000023c1  TA0_N_IRQHandler              
000023c1  TA0_N_IRQHandler              
00004a3f  TA1_0_IRQHandler              
00004a3f  TA1_N_IRQHandler              
00004a3f  TA2_0_IRQHandler              
00004a3f  TA2_N_IRQHandler              
00004a3f  TA3_0_IRQHandler              
00004a3f  TA3_N_IRQHandler              
200002d8  Temp_C                        
200002d4  Temp_F                        
00001e29  TimerALED                     
00001e89  TimerALEDInit                 
00004a3f  UsageFault_Handler            
4000480c  WDTCTL_SYM                    
00004a3f  WDT_A_IRQHandler              
20010000  __STACK_END                   
00000200  __STACK_SIZE                  
00004c58  __TI_CINIT_Base               
00004c68  __TI_CINIT_Limit              
00004c40  __TI_Handler_Table_Base       
00004c4c  __TI_Handler_Table_Limit      
0000480d  __TI_auto_init_nobinit_nopinit
000045af  __TI_decompress_lzss          
00004a25  __TI_decompress_none          
ffffffff  __TI_pprof_out_hndl           
0000249d  __TI_printfi                  
ffffffff  __TI_prof_data_size           
ffffffff  __TI_prof_data_start          
00000000  __TI_static_base__            
00004a01  __TI_zero_init_nomemset       
0000434d  __aeabi_cdcmpeq               
0000434d  __aeabi_cdcmple               
000043d3  __aeabi_cdrcmple              
00004541  __aeabi_d2f                   
000047c5  __aeabi_d2iz                  
00003a1b  __aeabi_dadd                  
00003d05  __aeabi_ddiv                  
0000406d  __aeabi_dmul                  
00003a11  __aeabi_dsub                  
00004a4d  __aeabi_errno_addr            
00004909  __aeabi_f2d                   
00004941  __aeabi_i2d                   
00002efb  __aeabi_idiv0                 
00002efb  __aeabi_ldiv0                 
00004459  __aeabi_memclr                
00004459  __aeabi_memclr4               
00004459  __aeabi_memclr8               
0000421b  __aeabi_memcpy                
0000421b  __aeabi_memcpy4               
0000421b  __aeabi_memcpy8               
0000445b  __aeabi_memset                
0000445b  __aeabi_memset4               
0000445b  __aeabi_memset8               
0000496f  __aeabi_ui2d                  
000042b7  __aeabi_uldivmod              
ffffffff  __binit__                     
ffffffff  __c_args__                    
UNDEFED   __mpu_init                    
2000fe00  __stack                       
000048d1  _c_int00_noargs               
00004a5c  _ctypes_                      
UNDEFED   _system_post_cinit            
00004a55  _system_pre_init              
00004a59  abort                         
00004779  atoi                          
200002c8  b                             
ffffffff  binit                         
2000025c  breath                        
000049d9  copysign                      
000049d9  copysignl                     
2000028c  counter                       
00003017  delay_micro                   
00003055  delay_milli                   
20000324  errno                         
00004619  frexp                         
00004619  frexpl                        
200002cc  i                             
00000000  interruptVectors              
00003f5d  ldexp                         
00003f5d  ldexpl                        
000046d3  ltoa                          
00000115  main                          
0000498f  memccpy                       
0000421b  memcpy                        
00004461  memset                        
20000000  music_note_sequence           
200002dc  music_note_sequence_A         
200002d0  nADC                          
20000258  note                          
200002a4  previous                      
00002f83  pushByte                      
00002fbb  pushNibble                    
200002c1  read_location                 
00003f5d  scalbn                        
00003f5d  scalbnl                       
20000394  second                        
200002c6  settime                       
00004851  sprintf                       
200002c0  storage_location              
000049c3  strchr                        
000049ed  strlen                        
2000029c  time_on                       
00004a13  wcslen                        


GLOBAL SYMBOLS: SORTED BY Symbol Address 

address   name                          
-------   ----                          
00000000  __TI_static_base__            
00000000  interruptVectors              
00000115  main                          
00000200  __STACK_SIZE                  
00001e29  TimerALED                     
00001e89  TimerALEDInit                 
00001ed5  PORT2_IRQHandler              
00001ed5  PORT2_IRQHandler              
00001ef3  PORT5_IRQHandler              
00001ef3  PORT5_IRQHandler              
00001f11  InitHiddenButtons             
00001f69  InitInterrupts                
000020ad  Init_ADC14                    
000020fd  T32_INT1_IRQHandler           
000020fd  T32_INT1_IRQHandler           
00002115  SetUpTimer32ForCounter        
000021b9  T32_INT2_IRQHandler           
000021b9  T32_INT2_IRQHandler           
000023c1  TA0_N_IRQHandler              
000023c1  TA0_N_IRQHandler              
000023d1  SetupTimer32ForAlarm          
0000249d  __TI_printfi                  
00002efb  __aeabi_idiv0                 
00002efb  __aeabi_ldiv0                 
00002efd  PrintStringWithLength         
00002f29  PrintString                   
00002f4f  ComWrite                      
00002f69  DataWrite                     
00002f83  pushByte                      
00002fbb  pushNibble                    
00002fe3  PulseE                        
00003017  delay_micro                   
00003055  delay_milli                   
00003095  SetupLCD                      
00003115  SetupPort4                    
00003243  SetupSysTick                  
0000329d  SystemCoreClockUpdate         
00003515  SystemInit                    
00003a11  __aeabi_dsub                  
00003a1b  __aeabi_dadd                  
00003d05  __aeabi_ddiv                  
00003f5d  ldexp                         
00003f5d  ldexpl                        
00003f5d  scalbn                        
00003f5d  scalbnl                       
0000406d  __aeabi_dmul                  
0000421b  __aeabi_memcpy                
0000421b  __aeabi_memcpy4               
0000421b  __aeabi_memcpy8               
0000421b  memcpy                        
000042b7  __aeabi_uldivmod              
0000434d  __aeabi_cdcmpeq               
0000434d  __aeabi_cdcmple               
000043d3  __aeabi_cdrcmple              
00004459  __aeabi_memclr                
00004459  __aeabi_memclr4               
00004459  __aeabi_memclr8               
0000445b  __aeabi_memset                
0000445b  __aeabi_memset4               
0000445b  __aeabi_memset8               
00004461  memset                        
00004541  __aeabi_d2f                   
000045af  __TI_decompress_lzss          
00004619  frexp                         
00004619  frexpl                        
000046d3  ltoa                          
00004779  atoi                          
000047c5  __aeabi_d2iz                  
0000480d  __TI_auto_init_nobinit_nopinit
00004851  sprintf                       
000048d1  _c_int00_noargs               
00004909  __aeabi_f2d                   
00004941  __aeabi_i2d                   
0000496f  __aeabi_ui2d                  
0000498f  memccpy                       
000049c3  strchr                        
000049d9  copysign                      
000049d9  copysignl                     
000049ed  strlen                        
00004a01  __TI_zero_init_nomemset       
00004a13  wcslen                        
00004a25  __TI_decompress_none          
00004a33  Reset_Handler                 
00004a3f  ADC14_IRQHandler              
00004a3f  AES256_IRQHandler             
00004a3f  BusFault_Handler              
00004a3f  COMP_E0_IRQHandler            
00004a3f  COMP_E1_IRQHandler            
00004a3f  CS_IRQHandler                 
00004a3f  DMA_ERR_IRQHandler            
00004a3f  DMA_INT0_IRQHandler           
00004a3f  DMA_INT1_IRQHandler           
00004a3f  DMA_INT2_IRQHandler           
00004a3f  DMA_INT3_IRQHandler           
00004a3f  DebugMon_Handler              
00004a3f  Default_Handler               
00004a3f  EUSCIA0_IRQHandler            
00004a3f  EUSCIA1_IRQHandler            
00004a3f  EUSCIA2_IRQHandler            
00004a3f  EUSCIA3_IRQHandler            
00004a3f  EUSCIB0_IRQHandler            
00004a3f  EUSCIB1_IRQHandler            
00004a3f  EUSCIB2_IRQHandler            
00004a3f  EUSCIB3_IRQHandler            
00004a3f  FLCTL_IRQHandler              
00004a3f  FPU_IRQHandler                
00004a3f  HardFault_Handler             
00004a3f  MemManage_Handler             
00004a3f  NMI_Handler                   
00004a3f  PCM_IRQHandler                
00004a3f  PORT1_IRQHandler              
00004a3f  PORT3_IRQHandler              
00004a3f  PORT4_IRQHandler              
00004a3f  PORT6_IRQHandler              
00004a3f  PSS_IRQHandler                
00004a3f  PendSV_Handler                
00004a3f  RTC_C_IRQHandler              
00004a3f  SVC_Handler                   
00004a3f  SysTick_Handler               
00004a3f  T32_INTC_IRQHandler           
00004a3f  TA0_0_IRQHandler              
00004a3f  TA1_0_IRQHandler              
00004a3f  TA1_N_IRQHandler              
00004a3f  TA2_0_IRQHandler              
00004a3f  TA2_N_IRQHandler              
00004a3f  TA3_0_IRQHandler              
00004a3f  TA3_N_IRQHandler              
00004a3f  UsageFault_Handler            
00004a3f  WDT_A_IRQHandler              
00004a4d  __aeabi_errno_addr            
00004a55  _system_pre_init              
00004a59  C$$EXIT                       
00004a59  abort                         
00004a5c  _ctypes_                      
00004c40  __TI_Handler_Table_Base       
00004c4c  __TI_Handler_Table_Limit      
00004c58  __TI_CINIT_Base               
00004c68  __TI_CINIT_Limit              
20000000  music_note_sequence           
20000258  note                          
2000025c  breath                        
20000260  Speed                         
20000264  Clk_Hour                      
20000268  Clk_Min                       
2000026c  Clk_Min09                     
20000270  Clk_Sec                       
20000274  Alr_Hour                      
20000278  Alr_Min                       
2000027c  Alr_Min09                     
20000280  Light_Time                    
20000284  Ala_Time                      
20000288  Clk_Time                      
2000028c  counter                       
20000290  AlarmGoingOff                 
20000298  Alarm_Status                  
2000029c  time_on                       
200002a0  Brightness                    
200002a4  previous                      
200002a8  Hour                          
200002ac  Read_Clk_Hour                 
200002b0  Read_Clk_Min                  
200002b4  Read_Clk_Sec                  
200002b8  Read_Alr_Hour                 
200002bc  Read_Alr_Min                  
200002c0  storage_location              
200002c1  read_location                 
200002c2  Set_Time_Flag                 
200002c3  Set_Alarm_Flag                
200002c4  Snooze_Flag                   
200002c5  On_Off_Flag                   
200002c6  settime                       
200002c8  b                             
200002cc  i                             
200002d0  nADC                          
200002d4  Temp_F                        
200002d8  Temp_C                        
200002dc  music_note_sequence_A         
200002f4  Str1                          
20000304  Str2                          
20000314  Str3                          
20000324  errno                         
20000328  SystemCoreClock               
2000032c  Str4                          
20000330  INPUT_BUFFER                  
20000394  second                        
2000fe00  __stack                       
20010000  __STACK_END                   
4000480c  WDTCTL_SYM                    
ffffffff  __TI_pprof_out_hndl           
ffffffff  __TI_prof_data_size           
ffffffff  __TI_prof_data_start          
ffffffff  __binit__                     
ffffffff  __c_args__                    
ffffffff  binit                         
UNDEFED   __mpu_init                    
UNDEFED   _system_post_cinit            

[196 symbols]
