******************************************************************************
                  TI ARM Linker PC v18.1.3                     
******************************************************************************
>> Linked Tue Nov 20 14:00:09 2018

OUTPUT FILE NAME:   <EGR226_Final.out>
ENTRY POINT SYMBOL: "_c_int00_noargs"  address: 000046c9


MEMORY CONFIGURATION

         name            origin    length      used     unused   attr    fill
----------------------  --------  ---------  --------  --------  ----  --------
  MAIN                  00000000   00040000  00004a4d  0003b5b3  R  X
  INFO                  00200000   00004000  00000000  00004000  R  X
  SRAM_CODE             01000000   00010000  000004fa  0000fb06  RW X
  SRAM_DATA             20000000   00010000  000004fa  0000fb06  RW  


SEGMENT ALLOCATION MAP

run origin  load origin   length   init length attrs members
----------  ----------- ---------- ----------- ----- -------
00000000    00000000    00004a50   00004a50    r-x
  00000000    00000000    000000e4   000000e4    r-- .intvecs
  000000e4    000000e4    00004770   00004770    r-x .text
  00004854    00004854    00000101   00000101    r-- .const
  00004958    00004958    000000f8   000000f8    r-- .cinit
20000000    20000000    000002fa   00000000    rw-
  20000000    20000000    000002f4   00000000    rw- .data
  200002f4    200002f4    00000006   00000000    rw- .bss
2000fe00    2000fe00    00000200   00000000    rw-
  2000fe00    2000fe00    00000200   00000000    rw- .stack


SECTION ALLOCATION MAP

 output                                  attributes/
section   page    origin      length       input sections
--------  ----  ----------  ----------   ----------------
.intvecs   0    00000000    000000e4     
                  00000000    000000e4     startup_msp432p401r_ccs.obj (.intvecs:retain)

.text      0    000000e4    00004770     
                  000000e4    000021b0     main.obj (.text)
                  00002294    00000a5e     rtsv7M4_T_le_v4SPD16_eabi.lib : _printfi.c.obj (.text:__TI_printfi)
                  00002cf2    00000002                                   : div0.asm.obj (.text)
                  00002cf4    000003a0     LCD_Code.obj (.text)
                  00003094    00000334     system_msp432p401r.obj (.text)
                  000033c8    00000270     rtsv7M4_T_le_v4SPD16_eabi.lib : _printfi.c.obj (.text:_pconv_a)
                  00003638    000001d0                                   : _printfi.c.obj (.text:_pconv_g)
                  00003808    000001b6                                   : fd_add_t2.asm.obj (.text)
                  000039be    00000002     --HOLE-- [fill = 0]
                  000039c0    0000013c                                   : _printfi.c.obj (.text:_pconv_e)
                  00003afc    00000136                                   : fd_div_t2.asm.obj (.text)
                  00003c32    00000002     --HOLE-- [fill = 0]
                  00003c34    00000120                                   : _printfi.c.obj (.text:fcvt)
                  00003d54    00000110                                   : s_scalbn.c.obj (.text:scalbn)
                  00003e64    000000fc                                   : fd_mul_t2.asm.obj (.text)
                  00003f60    000000b1                                   : _printfi.c.obj (.text:_ltostr)
                  00004011    00000001     --HOLE-- [fill = 0]
                  00004012    0000009c                                   : memcpy_t2.asm.obj (.text)
                  000040ae    00000096                                   : ull_div_t2.asm.obj (.text)
                  00004144    00000086                                   : fd_cmp_t2.asm.obj (.text:__aeabi_cdcmple)
                  000041ca    00000086                                   : fd_cmp_t2.asm.obj (.text:__aeabi_cdrcmple)
                  00004250    0000007a                                   : memset_t2.asm.obj (.text)
                  000042ca    0000006e                                   : _printfi.c.obj (.text:_mcpy)
                  00004338    0000006e                                   : fd_tos_t2.asm.obj (.text)
                  000043a6    00000068                                   : copy_decompress_lzss.c.obj (.text:decompress:lzss:__TI_decompress_lzss)
                  0000440e    00000002     --HOLE-- [fill = 0]
                  00004410    00000064                                   : s_frexp.c.obj (.text:frexp)
                  00004474    00000056                                   : _printfi.c.obj (.text:_pconv_f)
                  000044ca    00000054                                   : ltoa.c.obj (.text:ltoa)
                  0000451e    00000052                                   : _printfi.c.obj (.text:_ecpy)
                  00004570    0000004c                                   : atoi.c.obj (.text:atoi)
                  000045bc    00000048                                   : fd_toi_t2.asm.obj (.text)
                  00004604    00000044                                   : autoinit.c.obj (.text:__TI_auto_init_nobinit_nopinit:__TI_auto_init_nobinit_nopinit)
                  00004648    00000040                                   : sprintf.c.obj (.text:sprintf)
                  00004688    0000003e                                   : _printfi.c.obj (.text:_fcpy)
                  000046c6    00000002     --HOLE-- [fill = 0]
                  000046c8    00000038                                   : boot_cortex_m.c.obj (.text:_c_int00_noargs:_c_int00_noargs)
                  00004700    00000038                                   : fs_tod_t2.asm.obj (.text)
                  00004738    0000002e                                   : i_tofd_t2.asm.obj (.text)
                  00004766    00000020                                   : u_tofd_t2.asm.obj (.text)
                  00004786    0000001c                                   : memccpy.c.obj (.text:memccpy)
                  000047a2    00000018                                   : sprintf.c.obj (.text:_outs)
                  000047ba    00000016                                   : strchr.c.obj (.text:strchr)
                  000047d0    00000014                                   : s_copysign.c.obj (.text:copysign)
                  000047e4    00000014                                   : strlen.c.obj (.text:strlen)
                  000047f8    00000012                                   : copy_zero_init.c.obj (.text:decompress:ZI:__TI_zero_init_nomemset:__TI_zero_init_nomemset)
                  0000480a    00000012                                   : wcslen.c.obj (.text:wcslen)
                  0000481c    0000000e                                   : copy_decompress_none.c.obj (.text:decompress:none:__TI_decompress_none)
                  0000482a    0000000e     startup_msp432p401r_ccs.obj (.text)
                  00004838    0000000a     rtsv7M4_T_le_v4SPD16_eabi.lib : sprintf.c.obj (.text:_outc)
                  00004842    00000002     --HOLE-- [fill = 0]
                  00004844    00000008                                   : errno.c.obj (.text:__aeabi_errno_addr)
                  0000484c    00000004                                   : pre_init.c.obj (.text:_system_pre_init)
                  00004850    00000004                                   : exit.c.obj (.text:abort:abort)

.const     0    00004854    00000101     
                  00004854    00000101     rtsv7M4_T_le_v4SPD16_eabi.lib : ctype.c.obj (.const:.string:_ctypes_)

.cinit     0    00004958    000000f8     
                  00004958    000000d3     (.cinit..data.load) [load image, compression = lzss]
                  00004a2b    00000001     --HOLE-- [fill = 0]
                  00004a2c    0000000c     (__TI_handler_table)
                  00004a38    00000008     (.cinit..bss.load) [load image, compression = zero_init]
                  00004a40    00000010     (__TI_cinit_table)

.init_array 
*          0    00000000    00000000     UNINITIALIZED

.binit     0    00000000    00000000     

.data      0    20000000    000002f4     UNINITIALIZED
                  20000000    00000258     main.obj (.data:music_note_sequence)
                  20000258    0000004c     main.obj (.data)
                  200002a4    00000018     main.obj (.data:music_note_sequence_Alarm)
                  200002bc    00000010     main.obj (.data:Str1)
                  200002cc    00000010     main.obj (.data:Str2)
                  200002dc    00000010     main.obj (.data:Str3)
                  200002ec    00000004     rtsv7M4_T_le_v4SPD16_eabi.lib : errno.c.obj (.data)
                  200002f0    00000004     system_msp432p401r.obj (.data)

.bss       0    200002f4    00000006     UNINITIALIZED
                  200002f4    00000004     (.common:second)
                  200002f8    00000002     main.obj (.bss)

.stack     0    2000fe00    00000200     UNINITIALIZED
                  2000fe00    00000004     rtsv7M4_T_le_v4SPD16_eabi.lib : boot_cortex_m.c.obj (.stack)
                  2000fe04    000001fc     --HOLE--

MODULE SUMMARY

       Module                        code    ro data   rw data
       ------                        ----    -------   -------
    .\
       main.obj                      8624    0         1508   
       LCD_Code.obj                  928     0         0      
       system_msp432p401r.obj        820     0         8      
       startup_msp432p401r_ccs.obj   14      228       0      
    +--+-----------------------------+-------+---------+---------+
       Total:                        10386   228       1516   
                                                              
    C:\ti\ccsv8\tools\compiler\ti-cgt-arm_18.1.3.LTS\lib\rtsv7M4_T_le_v4SPD16_eabi.lib
       _printfi.c.obj                4863    0         0      
       fd_add_t2.asm.obj             438     0         0      
       fd_div_t2.asm.obj             310     0         0      
       s_scalbn.c.obj                272     0         0      
       fd_cmp_t2.asm.obj             268     0         0      
       ctype.c.obj                   0       257       0      
       fd_mul_t2.asm.obj             252     0         0      
       memcpy_t2.asm.obj             156     0         0      
       ull_div_t2.asm.obj            150     0         0      
       memset_t2.asm.obj             122     0         0      
       fd_tos_t2.asm.obj             110     0         0      
       copy_decompress_lzss.c.obj    104     0         0      
       s_frexp.c.obj                 100     0         0      
       sprintf.c.obj                 98      0         0      
       ltoa.c.obj                    84      0         0      
       atoi.c.obj                    76      0         0      
       fd_toi_t2.asm.obj             72      0         0      
       autoinit.c.obj                68      0         0      
       boot_cortex_m.c.obj           56      0         0      
       fs_tod_t2.asm.obj             56      0         0      
       i_tofd_t2.asm.obj             46      0         0      
       u_tofd_t2.asm.obj             32      0         0      
       memccpy.c.obj                 28      0         0      
       strchr.c.obj                  22      0         0      
       s_copysign.c.obj              20      0         0      
       strlen.c.obj                  20      0         0      
       copy_zero_init.c.obj          18      0         0      
       wcslen.c.obj                  18      0         0      
       errno.c.obj                   8       0         8      
       copy_decompress_none.c.obj    14      0         0      
       exit.c.obj                    4       0         0      
       pre_init.c.obj                4       0         0      
       div0.asm.obj                  2       0         0      
    +--+-----------------------------+-------+---------+---------+
       Total:                        7891    257       8      
                                                              
       Stack:                        0       0         1024   
       Linker Generated:             0       247       0      
    +--+-----------------------------+-------+---------+---------+
       Grand Total:                  18277   732       2548   


LINKER GENERATED COPY TABLES

__TI_cinit_table @ 00004a40 records: 2, size/record: 8, table size: 16
	.data: load addr=00004958, load size=000000d3 bytes, run addr=20000000, run size=000002f4 bytes, compression=lzss
	.bss: load addr=00004a38, load size=00000008 bytes, run addr=200002f4, run size=00000006 bytes, compression=zero_init


LINKER GENERATED HANDLER TABLE

__TI_handler_table @ 00004a2c records: 3, size/record: 4, table size: 12
	index: 0, handler: __TI_decompress_lzss
	index: 1, handler: __TI_decompress_none
	index: 2, handler: __TI_zero_init


GLOBAL SYMBOLS: SORTED ALPHABETICALLY BY Name 

address   name                          
-------   ----                          
00004837  ADC14_IRQHandler              
00004837  AES256_IRQHandler             
2000028c  Ala_Time                      
20000298  AlarmGoingOff                 
20000260  Alarm_Status                  
2000027c  Alr_Hour                      
20000280  Alr_Min                       
20000284  Alr_Min09                     
20000268  Brightness                    
00004837  BusFault_Handler              
00004851  C$$EXIT                       
00004837  COMP_E0_IRQHandler            
00004837  COMP_E1_IRQHandler            
00004837  CS_IRQHandler                 
2000026c  Clk_Hour                      
20000270  Clk_Min                       
20000274  Clk_Min09                     
20000278  Clk_Sec                       
20000290  Clk_Time                      
00002d47  ComWrite                      
00004837  DMA_ERR_IRQHandler            
00004837  DMA_INT0_IRQHandler           
00004837  DMA_INT1_IRQHandler           
00004837  DMA_INT2_IRQHandler           
00004837  DMA_INT3_IRQHandler           
00002d61  DataWrite                     
00004837  DebugMon_Handler              
00004837  Default_Handler               
00004837  EUSCIA0_IRQHandler            
00004837  EUSCIA1_IRQHandler            
00004837  EUSCIA2_IRQHandler            
00004837  EUSCIA3_IRQHandler            
00004837  EUSCIB0_IRQHandler            
00004837  EUSCIB1_IRQHandler            
00004837  EUSCIB2_IRQHandler            
00004837  EUSCIB3_IRQHandler            
00004837  FLCTL_IRQHandler              
00004837  FPU_IRQHandler                
00004837  HardFault_Handler             
00001d6b  InitInterrupts                
00001ecf  Init_ADC14                    
20000288  Light_Time                    
00004837  MemManage_Handler             
00004837  NMI_Handler                   
00004837  PCM_IRQHandler                
00004837  PORT1_IRQHandler              
000009ad  PORT2_IRQHandler              
000009ad  PORT2_IRQHandler              
00004837  PORT3_IRQHandler              
00004837  PORT4_IRQHandler              
00000c2d  PORT5_IRQHandler              
00000c2d  PORT5_IRQHandler              
00004837  PORT6_IRQHandler              
00004837  PSS_IRQHandler                
00004837  PendSV_Handler                
00002d21  PrintString                   
00002cf5  PrintStringWithLength         
00002ddb  PulseE                        
00004837  RTC_C_IRQHandler              
0000482b  Reset_Handler                 
00004837  SVC_Handler                   
00001f45  SetUpTimer32ForCounter        
00002e8d  SetupLCD                      
00002f0d  SetupPort4                    
0000303b  SetupSysTick                  
000021b1  SetupTimer32ForAlarm          
200002bc  Str1                          
200002cc  Str2                          
200002dc  Str3                          
00004837  SysTick_Handler               
200002f0  SystemCoreClock               
00003095  SystemCoreClockUpdate         
0000330d  SystemInit                    
00001f19  T32_INT1_IRQHandler           
00001f19  T32_INT1_IRQHandler           
00001f9d  T32_INT2_IRQHandler           
00001f9d  T32_INT2_IRQHandler           
00004837  T32_INTC_IRQHandler           
00004837  TA0_0_IRQHandler              
00002197  TA0_N_IRQHandler              
00002197  TA0_N_IRQHandler              
00004837  TA1_0_IRQHandler              
00004837  TA1_N_IRQHandler              
00004837  TA2_0_IRQHandler              
00004837  TA2_N_IRQHandler              
00004837  TA3_0_IRQHandler              
00004837  TA3_N_IRQHandler              
0000088d  TimerALED                     
0000090d  TimerALEDInit                 
00004837  UsageFault_Handler            
4000480c  WDTCTL_SYM                    
00004837  WDT_A_IRQHandler              
20010000  __STACK_END                   
00000200  __STACK_SIZE                  
00004a40  __TI_CINIT_Base               
00004a50  __TI_CINIT_Limit              
00004a2c  __TI_Handler_Table_Base       
00004a38  __TI_Handler_Table_Limit      
00004605  __TI_auto_init_nobinit_nopinit
000043a7  __TI_decompress_lzss          
0000481d  __TI_decompress_none          
ffffffff  __TI_pprof_out_hndl           
00002295  __TI_printfi                  
ffffffff  __TI_prof_data_size           
ffffffff  __TI_prof_data_start          
00000000  __TI_static_base__            
000047f9  __TI_zero_init_nomemset       
00004145  __aeabi_cdcmpeq               
00004145  __aeabi_cdcmple               
000041cb  __aeabi_cdrcmple              
00004339  __aeabi_d2f                   
000045bd  __aeabi_d2iz                  
00003813  __aeabi_dadd                  
00003afd  __aeabi_ddiv                  
00003e65  __aeabi_dmul                  
00003809  __aeabi_dsub                  
00004845  __aeabi_errno_addr            
00004701  __aeabi_f2d                   
00004739  __aeabi_i2d                   
00002cf3  __aeabi_idiv0                 
00002cf3  __aeabi_ldiv0                 
00004251  __aeabi_memclr                
00004251  __aeabi_memclr4               
00004251  __aeabi_memclr8               
00004013  __aeabi_memcpy                
00004013  __aeabi_memcpy4               
00004013  __aeabi_memcpy8               
00004253  __aeabi_memset                
00004253  __aeabi_memset4               
00004253  __aeabi_memset8               
00004767  __aeabi_ui2d                  
000040af  __aeabi_uldivmod              
ffffffff  __binit__                     
ffffffff  __c_args__                    
UNDEFED   __mpu_init                    
2000fe00  __stack                       
000046c9  _c_int00_noargs               
00004854  _ctypes_                      
UNDEFED   _system_post_cinit            
0000484d  _system_pre_init              
00004851  abort                         
00004571  atoi                          
ffffffff  binit                         
2000025c  breath                        
000047d1  copysign                      
000047d1  copysignl                     
20000294  counter                       
00002e0f  delay_micro                   
00002e4d  delay_milli                   
200002ec  errno                         
00004411  frexp                         
00004411  frexpl                        
00000000  interruptVectors              
00003d55  ldexp                         
00003d55  ldexpl                        
000044cb  ltoa                          
00000115  main                          
00004787  memccpy                       
00004013  memcpy                        
00004259  memset                        
20000000  music_note_sequence           
200002a4  music_note_sequence_Alarm     
20000258  note                          
00002d7b  pushByte                      
00002db3  pushNibble                    
00003d55  scalbn                        
00003d55  scalbnl                       
200002f4  second                        
200002a0  settime                       
00004649  sprintf                       
000047bb  strchr                        
000047e5  strlen                        
20000264  time_on                       
0000480b  wcslen                        


GLOBAL SYMBOLS: SORTED BY Symbol Address 

address   name                          
-------   ----                          
00000000  __TI_static_base__            
00000000  interruptVectors              
00000115  main                          
00000200  __STACK_SIZE                  
0000088d  TimerALED                     
0000090d  TimerALEDInit                 
000009ad  PORT2_IRQHandler              
000009ad  PORT2_IRQHandler              
00000c2d  PORT5_IRQHandler              
00000c2d  PORT5_IRQHandler              
00001d6b  InitInterrupts                
00001ecf  Init_ADC14                    
00001f19  T32_INT1_IRQHandler           
00001f19  T32_INT1_IRQHandler           
00001f45  SetUpTimer32ForCounter        
00001f9d  T32_INT2_IRQHandler           
00001f9d  T32_INT2_IRQHandler           
00002197  TA0_N_IRQHandler              
00002197  TA0_N_IRQHandler              
000021b1  SetupTimer32ForAlarm          
00002295  __TI_printfi                  
00002cf3  __aeabi_idiv0                 
00002cf3  __aeabi_ldiv0                 
00002cf5  PrintStringWithLength         
00002d21  PrintString                   
00002d47  ComWrite                      
00002d61  DataWrite                     
00002d7b  pushByte                      
00002db3  pushNibble                    
00002ddb  PulseE                        
00002e0f  delay_micro                   
00002e4d  delay_milli                   
00002e8d  SetupLCD                      
00002f0d  SetupPort4                    
0000303b  SetupSysTick                  
00003095  SystemCoreClockUpdate         
0000330d  SystemInit                    
00003809  __aeabi_dsub                  
00003813  __aeabi_dadd                  
00003afd  __aeabi_ddiv                  
00003d55  ldexp                         
00003d55  ldexpl                        
00003d55  scalbn                        
00003d55  scalbnl                       
00003e65  __aeabi_dmul                  
00004013  __aeabi_memcpy                
00004013  __aeabi_memcpy4               
00004013  __aeabi_memcpy8               
00004013  memcpy                        
000040af  __aeabi_uldivmod              
00004145  __aeabi_cdcmpeq               
00004145  __aeabi_cdcmple               
000041cb  __aeabi_cdrcmple              
00004251  __aeabi_memclr                
00004251  __aeabi_memclr4               
00004251  __aeabi_memclr8               
00004253  __aeabi_memset                
00004253  __aeabi_memset4               
00004253  __aeabi_memset8               
00004259  memset                        
00004339  __aeabi_d2f                   
000043a7  __TI_decompress_lzss          
00004411  frexp                         
00004411  frexpl                        
000044cb  ltoa                          
00004571  atoi                          
000045bd  __aeabi_d2iz                  
00004605  __TI_auto_init_nobinit_nopinit
00004649  sprintf                       
000046c9  _c_int00_noargs               
00004701  __aeabi_f2d                   
00004739  __aeabi_i2d                   
00004767  __aeabi_ui2d                  
00004787  memccpy                       
000047bb  strchr                        
000047d1  copysign                      
000047d1  copysignl                     
000047e5  strlen                        
000047f9  __TI_zero_init_nomemset       
0000480b  wcslen                        
0000481d  __TI_decompress_none          
0000482b  Reset_Handler                 
00004837  ADC14_IRQHandler              
00004837  AES256_IRQHandler             
00004837  BusFault_Handler              
00004837  COMP_E0_IRQHandler            
00004837  COMP_E1_IRQHandler            
00004837  CS_IRQHandler                 
00004837  DMA_ERR_IRQHandler            
00004837  DMA_INT0_IRQHandler           
00004837  DMA_INT1_IRQHandler           
00004837  DMA_INT2_IRQHandler           
00004837  DMA_INT3_IRQHandler           
00004837  DebugMon_Handler              
00004837  Default_Handler               
00004837  EUSCIA0_IRQHandler            
00004837  EUSCIA1_IRQHandler            
00004837  EUSCIA2_IRQHandler            
00004837  EUSCIA3_IRQHandler            
00004837  EUSCIB0_IRQHandler            
00004837  EUSCIB1_IRQHandler            
00004837  EUSCIB2_IRQHandler            
00004837  EUSCIB3_IRQHandler            
00004837  FLCTL_IRQHandler              
00004837  FPU_IRQHandler                
00004837  HardFault_Handler             
00004837  MemManage_Handler             
00004837  NMI_Handler                   
00004837  PCM_IRQHandler                
00004837  PORT1_IRQHandler              
00004837  PORT3_IRQHandler              
00004837  PORT4_IRQHandler              
00004837  PORT6_IRQHandler              
00004837  PSS_IRQHandler                
00004837  PendSV_Handler                
00004837  RTC_C_IRQHandler              
00004837  SVC_Handler                   
00004837  SysTick_Handler               
00004837  T32_INTC_IRQHandler           
00004837  TA0_0_IRQHandler              
00004837  TA1_0_IRQHandler              
00004837  TA1_N_IRQHandler              
00004837  TA2_0_IRQHandler              
00004837  TA2_N_IRQHandler              
00004837  TA3_0_IRQHandler              
00004837  TA3_N_IRQHandler              
00004837  UsageFault_Handler            
00004837  WDT_A_IRQHandler              
00004845  __aeabi_errno_addr            
0000484d  _system_pre_init              
00004851  C$$EXIT                       
00004851  abort                         
00004854  _ctypes_                      
00004a2c  __TI_Handler_Table_Base       
00004a38  __TI_Handler_Table_Limit      
00004a40  __TI_CINIT_Base               
00004a50  __TI_CINIT_Limit              
20000000  music_note_sequence           
20000258  note                          
2000025c  breath                        
20000260  Alarm_Status                  
20000264  time_on                       
20000268  Brightness                    
2000026c  Clk_Hour                      
20000270  Clk_Min                       
20000274  Clk_Min09                     
20000278  Clk_Sec                       
2000027c  Alr_Hour                      
20000280  Alr_Min                       
20000284  Alr_Min09                     
20000288  Light_Time                    
2000028c  Ala_Time                      
20000290  Clk_Time                      
20000294  counter                       
20000298  AlarmGoingOff                 
200002a0  settime                       
200002a4  music_note_sequence_Alarm     
200002bc  Str1                          
200002cc  Str2                          
200002dc  Str3                          
200002ec  errno                         
200002f0  SystemCoreClock               
200002f4  second                        
2000fe00  __stack                       
20010000  __STACK_END                   
4000480c  WDTCTL_SYM                    
ffffffff  __TI_pprof_out_hndl           
ffffffff  __TI_prof_data_size           
ffffffff  __TI_prof_data_start          
ffffffff  __binit__                     
ffffffff  __c_args__                    
ffffffff  binit                         
UNDEFED   __mpu_init                    
UNDEFED   _system_post_cinit            

[174 symbols]
