******************************************************************************
                  TI ARM Linker PC v18.1.3                     
******************************************************************************
>> Linked Sun Dec  2 20:34:06 2018

OUTPUT FILE NAME:   <EGR226_Final.out>
ENTRY POINT SYMBOL: "_c_int00_noargs"  address: 00004b1d


MEMORY CONFIGURATION

         name            origin    length      used     unused   attr    fill
----------------------  --------  ---------  --------  --------  ----  --------
  MAIN                  00000000   00040000  00004ea9  0003b157  R  X
  INFO                  00200000   00004000  00000000  00004000  R  X
  SRAM_CODE             01000000   00010000  0000060c  0000f9f4  RW X
  SRAM_DATA             20000000   00010000  0000060c  0000f9f4  RW  


SEGMENT ALLOCATION MAP

run origin  load origin   length   init length attrs members
----------  ----------- ---------- ----------- ----- -------
00000000    00000000    00004eb0   00004eb0    r-x
  00000000    00000000    000000e4   000000e4    r-- .intvecs
  000000e4    000000e4    00004bc4   00004bc4    r-x .text
  00004ca8    00004ca8    00000101   00000101    r-- .const
  00004db0    00004db0    00000100   00000100    r-- .cinit
20000000    20000000    0000040c   00000000    rw-
  20000000    20000000    00000340   00000000    rw- .data
  20000340    20000340    000000cc   00000000    rw- .bss
2000fe00    2000fe00    00000200   00000000    rw-
  2000fe00    2000fe00    00000200   00000000    rw- .stack


SECTION ALLOCATION MAP

 output                                  attributes/
section   page    origin      length       input sections
--------  ----  ----------  ----------   ----------------
.intvecs   0    00000000    000000e4     
                  00000000    000000e4     startup_msp432p401r_ccs.obj (.intvecs:retain)

.text      0    000000e4    00004bc4     
                  000000e4    00002604     main.obj (.text)
                  000026e8    00000a5e     rtsv7M4_T_le_v4SPD16_eabi.lib : _printfi.c.obj (.text:__TI_printfi)
                  00003146    00000002                                   : div0.asm.obj (.text)
                  00003148    000003a0     LCD_Code.obj (.text)
                  000034e8    00000334     system_msp432p401r.obj (.text)
                  0000381c    00000270     rtsv7M4_T_le_v4SPD16_eabi.lib : _printfi.c.obj (.text:_pconv_a)
                  00003a8c    000001d0                                   : _printfi.c.obj (.text:_pconv_g)
                  00003c5c    000001b6                                   : fd_add_t2.asm.obj (.text)
                  00003e12    00000002     --HOLE-- [fill = 0]
                  00003e14    0000013c                                   : _printfi.c.obj (.text:_pconv_e)
                  00003f50    00000136                                   : fd_div_t2.asm.obj (.text)
                  00004086    00000002     --HOLE-- [fill = 0]
                  00004088    00000120                                   : _printfi.c.obj (.text:fcvt)
                  000041a8    00000110                                   : s_scalbn.c.obj (.text:scalbn)
                  000042b8    000000fc                                   : fd_mul_t2.asm.obj (.text)
                  000043b4    000000b1                                   : _printfi.c.obj (.text:_ltostr)
                  00004465    00000001     --HOLE-- [fill = 0]
                  00004466    0000009c                                   : memcpy_t2.asm.obj (.text)
                  00004502    00000096                                   : ull_div_t2.asm.obj (.text)
                  00004598    00000086                                   : fd_cmp_t2.asm.obj (.text:__aeabi_cdcmple)
                  0000461e    00000086                                   : fd_cmp_t2.asm.obj (.text:__aeabi_cdrcmple)
                  000046a4    0000007a                                   : memset_t2.asm.obj (.text)
                  0000471e    0000006e                                   : _printfi.c.obj (.text:_mcpy)
                  0000478c    0000006e                                   : fd_tos_t2.asm.obj (.text)
                  000047fa    00000068                                   : copy_decompress_lzss.c.obj (.text:decompress:lzss:__TI_decompress_lzss)
                  00004862    00000002     --HOLE-- [fill = 0]
                  00004864    00000064                                   : s_frexp.c.obj (.text:frexp)
                  000048c8    00000056                                   : _printfi.c.obj (.text:_pconv_f)
                  0000491e    00000054                                   : ltoa.c.obj (.text:ltoa)
                  00004972    00000052                                   : _printfi.c.obj (.text:_ecpy)
                  000049c4    0000004c                                   : atoi.c.obj (.text:atoi)
                  00004a10    00000048                                   : fd_toi_t2.asm.obj (.text)
                  00004a58    00000044                                   : autoinit.c.obj (.text:__TI_auto_init_nobinit_nopinit:__TI_auto_init_nobinit_nopinit)
                  00004a9c    00000040                                   : sprintf.c.obj (.text:sprintf)
                  00004adc    0000003e                                   : _printfi.c.obj (.text:_fcpy)
                  00004b1a    00000002     --HOLE-- [fill = 0]
                  00004b1c    00000038                                   : boot_cortex_m.c.obj (.text:_c_int00_noargs:_c_int00_noargs)
                  00004b54    00000038                                   : fs_tod_t2.asm.obj (.text)
                  00004b8c    0000002e                                   : i_tofd_t2.asm.obj (.text)
                  00004bba    00000020                                   : u_tofd_t2.asm.obj (.text)
                  00004bda    0000001c                                   : memccpy.c.obj (.text:memccpy)
                  00004bf6    00000018                                   : sprintf.c.obj (.text:_outs)
                  00004c0e    00000016                                   : strchr.c.obj (.text:strchr)
                  00004c24    00000014                                   : s_copysign.c.obj (.text:copysign)
                  00004c38    00000014                                   : strlen.c.obj (.text:strlen)
                  00004c4c    00000012                                   : copy_zero_init.c.obj (.text:decompress:ZI:__TI_zero_init_nomemset:__TI_zero_init_nomemset)
                  00004c5e    00000012                                   : wcslen.c.obj (.text:wcslen)
                  00004c70    0000000e                                   : copy_decompress_none.c.obj (.text:decompress:none:__TI_decompress_none)
                  00004c7e    0000000e     startup_msp432p401r_ccs.obj (.text)
                  00004c8c    0000000a     rtsv7M4_T_le_v4SPD16_eabi.lib : sprintf.c.obj (.text:_outc)
                  00004c96    00000002     --HOLE-- [fill = 0]
                  00004c98    00000008                                   : errno.c.obj (.text:__aeabi_errno_addr)
                  00004ca0    00000004                                   : pre_init.c.obj (.text:_system_pre_init)
                  00004ca4    00000004                                   : exit.c.obj (.text:abort:abort)

.const     0    00004ca8    00000101     
                  00004ca8    00000101     rtsv7M4_T_le_v4SPD16_eabi.lib : ctype.c.obj (.const:.string:_ctypes_)

.cinit     0    00004db0    00000100     
                  00004db0    000000d7     (.cinit..data.load) [load image, compression = lzss]
                  00004e87    00000001     --HOLE-- [fill = 0]
                  00004e88    0000000c     (__TI_handler_table)
                  00004e94    00000004     --HOLE-- [fill = 0]
                  00004e98    00000008     (.cinit..bss.load) [load image, compression = zero_init]
                  00004ea0    00000010     (__TI_cinit_table)

.init_array 
*          0    00000000    00000000     UNINITIALIZED

.binit     0    00000000    00000000     

.data      0    20000000    00000340     UNINITIALIZED
                  20000000    00000250     main.obj (.data:music_note_sequence)
                  20000250    0000007e     main.obj (.data)
                  200002ce    00000002     --HOLE--
                  200002d0    00000018     main.obj (.data:music_note_sequence_A)
                  200002e8    00000010     main.obj (.data:Str1)
                  200002f8    00000010     main.obj (.data:Str2)
                  20000308    00000010     main.obj (.data:Str3)
                  20000318    00000010     main.obj (.data:Str4)
                  20000328    00000010     main.obj (.data:Str5)
                  20000338    00000004     rtsv7M4_T_le_v4SPD16_eabi.lib : errno.c.obj (.data)
                  2000033c    00000004     system_msp432p401r.obj (.data)

.bss       0    20000340    000000cc     UNINITIALIZED
                  20000340    00000064     (.common:INPUT_BUFFER)
                  200003a4    00000064     (.common:string)
                  20000408    00000004     main.obj (.bss)

.stack     0    2000fe00    00000200     UNINITIALIZED
                  2000fe00    00000004     rtsv7M4_T_le_v4SPD16_eabi.lib : boot_cortex_m.c.obj (.stack)
                  2000fe04    000001fc     --HOLE--

MODULE SUMMARY

       Module                        code    ro data   rw data
       ------                        ----    -------   -------
    .\
       main.obj                      9732    0         2052   
       LCD_Code.obj                  928     0         0      
       system_msp432p401r.obj        820     0         8      
       startup_msp432p401r_ccs.obj   14      228       0      
    +--+-----------------------------+-------+---------+---------+
       Total:                        11494   228       2060   
                                                              
    C:\ti\ccsv8\tools\compiler\ti-cgt-arm_18.1.3.LTS\lib\rtsv7M4_T_le_v4SPD16_eabi.lib
       _printfi.c.obj                4863    0         0      
       fd_add_t2.asm.obj             438     0         0      
       fd_div_t2.asm.obj             310     0         0      
       s_scalbn.c.obj                272     0         0      
       fd_cmp_t2.asm.obj             268     0         0      
       ctype.c.obj                   0       257       0      
       fd_mul_t2.asm.obj             252     0         0      
       memcpy_t2.asm.obj             156     0         0      
       ull_div_t2.asm.obj            150     0         0      
       memset_t2.asm.obj             122     0         0      
       fd_tos_t2.asm.obj             110     0         0      
       copy_decompress_lzss.c.obj    104     0         0      
       s_frexp.c.obj                 100     0         0      
       sprintf.c.obj                 98      0         0      
       ltoa.c.obj                    84      0         0      
       atoi.c.obj                    76      0         0      
       fd_toi_t2.asm.obj             72      0         0      
       autoinit.c.obj                68      0         0      
       boot_cortex_m.c.obj           56      0         0      
       fs_tod_t2.asm.obj             56      0         0      
       i_tofd_t2.asm.obj             46      0         0      
       u_tofd_t2.asm.obj             32      0         0      
       memccpy.c.obj                 28      0         0      
       strchr.c.obj                  22      0         0      
       s_copysign.c.obj              20      0         0      
       strlen.c.obj                  20      0         0      
       copy_zero_init.c.obj          18      0         0      
       wcslen.c.obj                  18      0         0      
       errno.c.obj                   8       0         8      
       copy_decompress_none.c.obj    14      0         0      
       exit.c.obj                    4       0         0      
       pre_init.c.obj                4       0         0      
       div0.asm.obj                  2       0         0      
    +--+-----------------------------+-------+---------+---------+
       Total:                        7891    257       8      
                                                              
       Stack:                        0       0         1024   
       Linker Generated:             0       251       0      
    +--+-----------------------------+-------+---------+---------+
       Grand Total:                  19385   736       3092   


LINKER GENERATED COPY TABLES

__TI_cinit_table @ 00004ea0 records: 2, size/record: 8, table size: 16
	.data: load addr=00004db0, load size=000000d7 bytes, run addr=20000000, run size=00000340 bytes, compression=lzss
	.bss: load addr=00004e98, load size=00000008 bytes, run addr=20000340, run size=000000cc bytes, compression=zero_init


LINKER GENERATED HANDLER TABLE

__TI_handler_table @ 00004e88 records: 3, size/record: 4, table size: 12
	index: 0, handler: __TI_decompress_lzss
	index: 1, handler: __TI_decompress_none
	index: 2, handler: __TI_zero_init


GLOBAL SYMBOLS: SORTED ALPHABETICALLY BY Name 

address   name                          
-------   ----                          
00004c8b  ADC14_IRQHandler              
00004c8b  AES256_IRQHandler             
20000278  Ala_Time                      
20000290  AlarmGoingOff                 
200002a0  Alarm_Status                  
2000026c  Alr_Hour                      
20000270  Alr_Min                       
200002b4  Back_Light                    
200002ac  Brightness                    
00004c8b  BusFault_Handler              
200002c4  Button                        
00004ca5  C$$EXIT                       
00004c8b  COMP_E0_IRQHandler            
00004c8b  COMP_E1_IRQHandler            
00004c8b  CS_IRQHandler                 
20000260  Clk_Hour                      
20000264  Clk_Min                       
20000268  Clk_Sec                       
2000027c  Clk_Time                      
000014e5  Clock_Function                
0000319b  ComWrite                      
00004c8b  DMA_ERR_IRQHandler            
00004c8b  DMA_INT0_IRQHandler           
00004c8b  DMA_INT1_IRQHandler           
00004c8b  DMA_INT2_IRQHandler           
00004c8b  DMA_INT3_IRQHandler           
000031b5  DataWrite                     
00004c8b  DebugMon_Handler              
00004c8b  Default_Handler               
000025f1  EUSCIA0_IRQHandler            
000025f1  EUSCIA0_IRQHandler            
00004c8b  EUSCIA1_IRQHandler            
00004c8b  EUSCIA2_IRQHandler            
00004c8b  EUSCIA3_IRQHandler            
00004c8b  EUSCIB0_IRQHandler            
00004c8b  EUSCIB1_IRQHandler            
00004c8b  EUSCIB2_IRQHandler            
00004c8b  EUSCIB3_IRQHandler            
00004c8b  FLCTL_IRQHandler              
00004c8b  FPU_IRQHandler                
200002c0  Flag                          
000012e5  GetTemp                       
00004c8b  HardFault_Handler             
20000294  Hour                          
20000340  INPUT_BUFFER                  
00002105  InitInterrupts                
0000128b  Init_ADC14                    
20000274  Light_Time                    
20000280  Light_Time_Flag               
00004c8b  MemManage_Handler             
00004c8b  NMI_Handler                   
00004c8b  PCM_IRQHandler                
000020bb  PORT1_IRQHandler              
000020bb  PORT1_IRQHandler              
00001e59  PORT2_IRQHandler              
00001e59  PORT2_IRQHandler              
00004c8b  PORT3_IRQHandler              
00004c8b  PORT4_IRQHandler              
00001cd5  PORT5_IRQHandler              
00001cd5  PORT5_IRQHandler              
00004c8b  PORT6_IRQHandler              
00004c8b  PSS_IRQHandler                
00004c8b  PendSV_Handler                
20000284  PreAlr_Hour                   
20000288  PreAlr_Min                    
200002bc  Previous_Button_Press         
00003175  PrintString                   
00003149  PrintStringWithLength         
00001399  Print_To_LCD                  
0000322f  PulseE                        
00004c8b  RTC_C_IRQHandler              
00004c7f  Reset_Handler                 
00004c8b  SVC_Handler                   
200002c8  Serial_Flag                   
00002231  SetUpTimer32ForCounter        
000032e1  SetupLCD                      
00003361  SetupPort4                    
0000348f  SetupSysTick                  
00002475  SetupTimer32ForAlarm          
2000025c  Speed_Flag                    
00001931  Store_Alarm_Status            
000019e1  Store_Time                    
200002e8  Str1                          
200002f8  Str2                          
20000308  Str3                          
20000318  Str4                          
20000328  Str5                          
00004c8b  SysTick_Handler               
2000033c  SystemCoreClock               
000034e9  SystemCoreClockUpdate         
00003761  SystemInit                    
00002201  T32_INT1_IRQHandler           
00002201  T32_INT1_IRQHandler           
0000225d  T32_INT2_IRQHandler           
0000225d  T32_INT2_IRQHandler           
00004c8b  T32_INTC_IRQHandler           
00004c8b  TA0_0_IRQHandler              
00004c8b  TA0_N_IRQHandler              
00004c8b  TA1_0_IRQHandler              
00004c8b  TA1_N_IRQHandler              
00004c8b  TA2_0_IRQHandler              
00004c8b  TA2_N_IRQHandler              
00004c8b  TA3_0_IRQHandler              
00004c8b  TA3_N_IRQHandler              
00001c51  TimerALEDInit                 
00004c8b  UsageFault_Handler            
4000480c  WDTCTL_SYM                    
00004c8b  WDT_A_IRQHandler              
20010000  __STACK_END                   
00000200  __STACK_SIZE                  
00004ea0  __TI_CINIT_Base               
00004eb0  __TI_CINIT_Limit              
00004e88  __TI_Handler_Table_Base       
00004e94  __TI_Handler_Table_Limit      
00004a59  __TI_auto_init_nobinit_nopinit
000047fb  __TI_decompress_lzss          
00004c71  __TI_decompress_none          
ffffffff  __TI_pprof_out_hndl           
000026e9  __TI_printfi                  
ffffffff  __TI_prof_data_size           
ffffffff  __TI_prof_data_start          
00000000  __TI_static_base__            
00004c4d  __TI_zero_init_nomemset       
00004599  __aeabi_cdcmpeq               
00004599  __aeabi_cdcmple               
0000461f  __aeabi_cdrcmple              
0000478d  __aeabi_d2f                   
00004a11  __aeabi_d2iz                  
00003c67  __aeabi_dadd                  
00003f51  __aeabi_ddiv                  
000042b9  __aeabi_dmul                  
00003c5d  __aeabi_dsub                  
00004c99  __aeabi_errno_addr            
00004b55  __aeabi_f2d                   
00004b8d  __aeabi_i2d                   
00003147  __aeabi_idiv0                 
00003147  __aeabi_ldiv0                 
000046a5  __aeabi_memclr                
000046a5  __aeabi_memclr4               
000046a5  __aeabi_memclr8               
00004467  __aeabi_memcpy                
00004467  __aeabi_memcpy4               
00004467  __aeabi_memcpy8               
000046a7  __aeabi_memset                
000046a7  __aeabi_memset4               
000046a7  __aeabi_memset8               
00004bbb  __aeabi_ui2d                  
00004503  __aeabi_uldivmod              
ffffffff  __binit__                     
ffffffff  __c_args__                    
UNDEFED   __mpu_init                    
2000fe00  __stack                       
00004b1d  _c_int00_noargs               
00004ca8  _ctypes_                      
UNDEFED   _system_post_cinit            
00004ca1  _system_pre_init              
00004ca5  abort                         
000049c5  atoi                          
200002a4  b                             
ffffffff  binit                         
20000254  breath                        
00004c25  copysign                      
00004c25  copysignl                     
2000028c  counter                       
00003263  delay_micro                   
000032a1  delay_milli                   
20000338  errno                         
00004865  frexp                         
00004865  frexpl                        
00000000  interruptVectors              
000041a9  ldexp                         
000041a9  ldexpl                        
0000491f  ltoa                          
00000115  main                          
00004bdb  memccpy                       
00004467  memcpy                        
000046ad  memset                        
20000000  music_note_sequence           
200002d0  music_note_sequence_A         
20000250  note                          
200002b8  pre_alarm_flag                
20000298  previous                      
200002b0  previous_brightness           
000031cf  pushByte                      
00003207  pushNibble                    
00002571  readInput                     
200002cd  read_location                 
000041a9  scalbn                        
000041a9  scalbnl                       
20000258  second                        
00002645  setupSerial                   
00004a9d  sprintf                       
200002cc  storage_location              
00004c0f  strchr                        
200003a4  string                        
00004c39  strlen                        
200002a8  time_on                       
00004c5f  wcslen                        
000024f9  writeOutput                   


GLOBAL SYMBOLS: SORTED BY Symbol Address 

address   name                          
-------   ----                          
00000000  __TI_static_base__            
00000000  interruptVectors              
00000115  main                          
00000200  __STACK_SIZE                  
0000128b  Init_ADC14                    
000012e5  GetTemp                       
00001399  Print_To_LCD                  
000014e5  Clock_Function                
00001931  Store_Alarm_Status            
000019e1  Store_Time                    
00001c51  TimerALEDInit                 
00001cd5  PORT5_IRQHandler              
00001cd5  PORT5_IRQHandler              
00001e59  PORT2_IRQHandler              
00001e59  PORT2_IRQHandler              
000020bb  PORT1_IRQHandler              
000020bb  PORT1_IRQHandler              
00002105  InitInterrupts                
00002201  T32_INT1_IRQHandler           
00002201  T32_INT1_IRQHandler           
00002231  SetUpTimer32ForCounter        
0000225d  T32_INT2_IRQHandler           
0000225d  T32_INT2_IRQHandler           
00002475  SetupTimer32ForAlarm          
000024f9  writeOutput                   
00002571  readInput                     
000025f1  EUSCIA0_IRQHandler            
000025f1  EUSCIA0_IRQHandler            
00002645  setupSerial                   
000026e9  __TI_printfi                  
00003147  __aeabi_idiv0                 
00003147  __aeabi_ldiv0                 
00003149  PrintStringWithLength         
00003175  PrintString                   
0000319b  ComWrite                      
000031b5  DataWrite                     
000031cf  pushByte                      
00003207  pushNibble                    
0000322f  PulseE                        
00003263  delay_micro                   
000032a1  delay_milli                   
000032e1  SetupLCD                      
00003361  SetupPort4                    
0000348f  SetupSysTick                  
000034e9  SystemCoreClockUpdate         
00003761  SystemInit                    
00003c5d  __aeabi_dsub                  
00003c67  __aeabi_dadd                  
00003f51  __aeabi_ddiv                  
000041a9  ldexp                         
000041a9  ldexpl                        
000041a9  scalbn                        
000041a9  scalbnl                       
000042b9  __aeabi_dmul                  
00004467  __aeabi_memcpy                
00004467  __aeabi_memcpy4               
00004467  __aeabi_memcpy8               
00004467  memcpy                        
00004503  __aeabi_uldivmod              
00004599  __aeabi_cdcmpeq               
00004599  __aeabi_cdcmple               
0000461f  __aeabi_cdrcmple              
000046a5  __aeabi_memclr                
000046a5  __aeabi_memclr4               
000046a5  __aeabi_memclr8               
000046a7  __aeabi_memset                
000046a7  __aeabi_memset4               
000046a7  __aeabi_memset8               
000046ad  memset                        
0000478d  __aeabi_d2f                   
000047fb  __TI_decompress_lzss          
00004865  frexp                         
00004865  frexpl                        
0000491f  ltoa                          
000049c5  atoi                          
00004a11  __aeabi_d2iz                  
00004a59  __TI_auto_init_nobinit_nopinit
00004a9d  sprintf                       
00004b1d  _c_int00_noargs               
00004b55  __aeabi_f2d                   
00004b8d  __aeabi_i2d                   
00004bbb  __aeabi_ui2d                  
00004bdb  memccpy                       
00004c0f  strchr                        
00004c25  copysign                      
00004c25  copysignl                     
00004c39  strlen                        
00004c4d  __TI_zero_init_nomemset       
00004c5f  wcslen                        
00004c71  __TI_decompress_none          
00004c7f  Reset_Handler                 
00004c8b  ADC14_IRQHandler              
00004c8b  AES256_IRQHandler             
00004c8b  BusFault_Handler              
00004c8b  COMP_E0_IRQHandler            
00004c8b  COMP_E1_IRQHandler            
00004c8b  CS_IRQHandler                 
00004c8b  DMA_ERR_IRQHandler            
00004c8b  DMA_INT0_IRQHandler           
00004c8b  DMA_INT1_IRQHandler           
00004c8b  DMA_INT2_IRQHandler           
00004c8b  DMA_INT3_IRQHandler           
00004c8b  DebugMon_Handler              
00004c8b  Default_Handler               
00004c8b  EUSCIA1_IRQHandler            
00004c8b  EUSCIA2_IRQHandler            
00004c8b  EUSCIA3_IRQHandler            
00004c8b  EUSCIB0_IRQHandler            
00004c8b  EUSCIB1_IRQHandler            
00004c8b  EUSCIB2_IRQHandler            
00004c8b  EUSCIB3_IRQHandler            
00004c8b  FLCTL_IRQHandler              
00004c8b  FPU_IRQHandler                
00004c8b  HardFault_Handler             
00004c8b  MemManage_Handler             
00004c8b  NMI_Handler                   
00004c8b  PCM_IRQHandler                
00004c8b  PORT3_IRQHandler              
00004c8b  PORT4_IRQHandler              
00004c8b  PORT6_IRQHandler              
00004c8b  PSS_IRQHandler                
00004c8b  PendSV_Handler                
00004c8b  RTC_C_IRQHandler              
00004c8b  SVC_Handler                   
00004c8b  SysTick_Handler               
00004c8b  T32_INTC_IRQHandler           
00004c8b  TA0_0_IRQHandler              
00004c8b  TA0_N_IRQHandler              
00004c8b  TA1_0_IRQHandler              
00004c8b  TA1_N_IRQHandler              
00004c8b  TA2_0_IRQHandler              
00004c8b  TA2_N_IRQHandler              
00004c8b  TA3_0_IRQHandler              
00004c8b  TA3_N_IRQHandler              
00004c8b  UsageFault_Handler            
00004c8b  WDT_A_IRQHandler              
00004c99  __aeabi_errno_addr            
00004ca1  _system_pre_init              
00004ca5  C$$EXIT                       
00004ca5  abort                         
00004ca8  _ctypes_                      
00004e88  __TI_Handler_Table_Base       
00004e94  __TI_Handler_Table_Limit      
00004ea0  __TI_CINIT_Base               
00004eb0  __TI_CINIT_Limit              
20000000  music_note_sequence           
20000250  note                          
20000254  breath                        
20000258  second                        
2000025c  Speed_Flag                    
20000260  Clk_Hour                      
20000264  Clk_Min                       
20000268  Clk_Sec                       
2000026c  Alr_Hour                      
20000270  Alr_Min                       
20000274  Light_Time                    
20000278  Ala_Time                      
2000027c  Clk_Time                      
20000280  Light_Time_Flag               
20000284  PreAlr_Hour                   
20000288  PreAlr_Min                    
2000028c  counter                       
20000290  AlarmGoingOff                 
20000294  Hour                          
20000298  previous                      
200002a0  Alarm_Status                  
200002a4  b                             
200002a8  time_on                       
200002ac  Brightness                    
200002b0  previous_brightness           
200002b4  Back_Light                    
200002b8  pre_alarm_flag                
200002bc  Previous_Button_Press         
200002c0  Flag                          
200002c4  Button                        
200002c8  Serial_Flag                   
200002cc  storage_location              
200002cd  read_location                 
200002d0  music_note_sequence_A         
200002e8  Str1                          
200002f8  Str2                          
20000308  Str3                          
20000318  Str4                          
20000328  Str5                          
20000338  errno                         
2000033c  SystemCoreClock               
20000340  INPUT_BUFFER                  
200003a4  string                        
2000fe00  __stack                       
20010000  __STACK_END                   
4000480c  WDTCTL_SYM                    
ffffffff  __TI_pprof_out_hndl           
ffffffff  __TI_prof_data_size           
ffffffff  __TI_prof_data_start          
ffffffff  __binit__                     
ffffffff  __c_args__                    
ffffffff  binit                         
UNDEFED   __mpu_init                    
UNDEFED   _system_post_cinit            

[199 symbols]
